Archive member included because of file (symbol)

/home/kdy560200/arm-2011.03/arm-none-eabi/lib/libc.a(lib_a-vsprintf.o)
                              Uart.o (vsprintf)
/home/kdy560200/arm-2011.03/arm-none-eabi/lib/libc.a(lib_a-impure.o)
                              /home/kdy560200/arm-2011.03/arm-none-eabi/lib/libc.a(lib_a-vsprintf.o) (_impure_ptr)
/home/kdy560200/arm-2011.03/arm-none-eabi/lib/libc.a(lib_a-svfprintf.o)
                              /home/kdy560200/arm-2011.03/arm-none-eabi/lib/libc.a(lib_a-vsprintf.o) (_svfprintf_r)
/home/kdy560200/arm-2011.03/arm-none-eabi/lib/libc.a(lib_a-dtoa.o)
                              /home/kdy560200/arm-2011.03/arm-none-eabi/lib/libc.a(lib_a-svfprintf.o) (_dtoa_r)
/home/kdy560200/arm-2011.03/arm-none-eabi/lib/libc.a(lib_a-locale.o)
                              /home/kdy560200/arm-2011.03/arm-none-eabi/lib/libc.a(lib_a-svfprintf.o) (_localeconv_r)
/home/kdy560200/arm-2011.03/arm-none-eabi/lib/libc.a(lib_a-mallocr.o)
                              /home/kdy560200/arm-2011.03/arm-none-eabi/lib/libc.a(lib_a-svfprintf.o) (_malloc_r)
/home/kdy560200/arm-2011.03/arm-none-eabi/lib/libc.a(lib_a-memchr.o)
                              /home/kdy560200/arm-2011.03/arm-none-eabi/lib/libc.a(lib_a-svfprintf.o) (memchr)
/home/kdy560200/arm-2011.03/arm-none-eabi/lib/libc.a(lib_a-memcpy.o)
                              /home/kdy560200/arm-2011.03/arm-none-eabi/lib/libc.a(lib_a-dtoa.o) (memcpy)
/home/kdy560200/arm-2011.03/arm-none-eabi/lib/libc.a(lib_a-mlock.o)
                              /home/kdy560200/arm-2011.03/arm-none-eabi/lib/libc.a(lib_a-mallocr.o) (__malloc_lock)
/home/kdy560200/arm-2011.03/arm-none-eabi/lib/libc.a(lib_a-mprec.o)
                              /home/kdy560200/arm-2011.03/arm-none-eabi/lib/libc.a(lib_a-dtoa.o) (_Balloc)
/home/kdy560200/arm-2011.03/arm-none-eabi/lib/libc.a(lib_a-s_fpclassify.o)
                              /home/kdy560200/arm-2011.03/arm-none-eabi/lib/libc.a(lib_a-svfprintf.o) (__fpclassifyd)
/home/kdy560200/arm-2011.03/arm-none-eabi/lib/libc.a(lib_a-sbrkr.o)
                              /home/kdy560200/arm-2011.03/arm-none-eabi/lib/libc.a(lib_a-mallocr.o) (_sbrk_r)
/home/kdy560200/arm-2011.03/arm-none-eabi/lib/libc.a(lib_a-strcmp.o)
                              /home/kdy560200/arm-2011.03/arm-none-eabi/lib/libc.a(lib_a-locale.o) (strcmp)
/home/kdy560200/arm-2011.03/arm-none-eabi/lib/libc.a(lib_a-strlen.o)
                              /home/kdy560200/arm-2011.03/arm-none-eabi/lib/libc.a(lib_a-svfprintf.o) (strlen)
/home/kdy560200/arm-2011.03/arm-none-eabi/lib/libc.a(lib_a-svfiprintf.o)
                              /home/kdy560200/arm-2011.03/arm-none-eabi/lib/libc.a(lib_a-svfprintf.o) (__ssprint_r)
/home/kdy560200/arm-2011.03/arm-none-eabi/lib/libc.a(lib_a-callocr.o)
                              /home/kdy560200/arm-2011.03/arm-none-eabi/lib/libc.a(lib_a-mprec.o) (_calloc_r)
/home/kdy560200/arm-2011.03/arm-none-eabi/lib/libc.a(lib_a-freer.o)
                              /home/kdy560200/arm-2011.03/arm-none-eabi/lib/libc.a(lib_a-mallocr.o) (_free_r)
/home/kdy560200/arm-2011.03/arm-none-eabi/lib/libc.a(lib_a-memmove.o)
                              /home/kdy560200/arm-2011.03/arm-none-eabi/lib/libc.a(lib_a-svfiprintf.o) (memmove)
/home/kdy560200/arm-2011.03/arm-none-eabi/lib/libc.a(lib_a-memset.o)
                              /home/kdy560200/arm-2011.03/arm-none-eabi/lib/libc.a(lib_a-callocr.o) (memset)
/home/kdy560200/arm-2011.03/arm-none-eabi/lib/libc.a(lib_a-reallocr.o)
                              /home/kdy560200/arm-2011.03/arm-none-eabi/lib/libc.a(lib_a-svfiprintf.o) (_realloc_r)
/home/kdy560200/arm-2011.03/arm-none-eabi/lib/libc.a(lib_a-reent.o)
                              /home/kdy560200/arm-2011.03/arm-none-eabi/lib/libc.a(lib_a-sbrkr.o) (errno)
/home/kdy560200/arm-2011.03/lib/gcc/arm-none-eabi/4.5.2/libgcc.a(_udivsi3.o)
                              Lcd_480x272.o (__aeabi_uidiv)
/home/kdy560200/arm-2011.03/lib/gcc/arm-none-eabi/4.5.2/libgcc.a(_divsi3.o)
                              Main.o (__aeabi_idiv)
/home/kdy560200/arm-2011.03/lib/gcc/arm-none-eabi/4.5.2/libgcc.a(_dvmd_tls.o)
                              /home/kdy560200/arm-2011.03/lib/gcc/arm-none-eabi/4.5.2/libgcc.a(_udivsi3.o) (__aeabi_idiv0)
/home/kdy560200/arm-2011.03/lib/gcc/arm-none-eabi/4.5.2/libgcc.a(_arm_addsubdf3.o)
                              /home/kdy560200/arm-2011.03/arm-none-eabi/lib/libc.a(lib_a-dtoa.o) (__aeabi_dsub)
/home/kdy560200/arm-2011.03/lib/gcc/arm-none-eabi/4.5.2/libgcc.a(_arm_muldivdf3.o)
                              Timer.o (__aeabi_dmul)
/home/kdy560200/arm-2011.03/lib/gcc/arm-none-eabi/4.5.2/libgcc.a(_arm_cmpdf2.o)
                              /home/kdy560200/arm-2011.03/arm-none-eabi/lib/libc.a(lib_a-svfprintf.o) (__aeabi_dcmpeq)
/home/kdy560200/arm-2011.03/lib/gcc/arm-none-eabi/4.5.2/libgcc.a(_arm_fixdfsi.o)
                              /home/kdy560200/arm-2011.03/arm-none-eabi/lib/libc.a(lib_a-dtoa.o) (__aeabi_d2iz)
/home/kdy560200/arm-2011.03/lib/gcc/arm-none-eabi/4.5.2/libgcc.a(_arm_fixunsdfsi.o)
                              Timer.o (__aeabi_d2uiz)
/home/kdy560200/arm-2011.03/lib/gcc/arm-none-eabi/4.5.2/libgcc.a(_aeabi_uldivmod.o)
                              /home/kdy560200/arm-2011.03/arm-none-eabi/lib/libc.a(lib_a-svfprintf.o) (__aeabi_uldivmod)
/home/kdy560200/arm-2011.03/lib/gcc/arm-none-eabi/4.5.2/libgcc.a(bpabi.o)
                              /home/kdy560200/arm-2011.03/lib/gcc/arm-none-eabi/4.5.2/libgcc.a(_aeabi_uldivmod.o) (__gnu_uldivmod_helper)
/home/kdy560200/arm-2011.03/lib/gcc/arm-none-eabi/4.5.2/libgcc.a(_divdi3.o)
                              /home/kdy560200/arm-2011.03/lib/gcc/arm-none-eabi/4.5.2/libgcc.a(bpabi.o) (__divdi3)
/home/kdy560200/arm-2011.03/lib/gcc/arm-none-eabi/4.5.2/libgcc.a(_udivdi3.o)
                              /home/kdy560200/arm-2011.03/lib/gcc/arm-none-eabi/4.5.2/libgcc.a(bpabi.o) (__udivdi3)
/home/kdy560200/arm-2011.03/lib/gcc/arm-none-eabi/4.5.2/libgcc.a(_clzsi2.o)
                              /home/kdy560200/arm-2011.03/lib/gcc/arm-none-eabi/4.5.2/libgcc.a(_divdi3.o) (__clzsi2)

Allocating common symbols
Common symbol       size              file

errno               0x4               /home/kdy560200/arm-2011.03/arm-none-eabi/lib/libc.a(lib_a-reent.o)

Memory Configuration

Name             Origin             Length             Attributes
CODE             0x30000000         0x04000000         rw
_ISR_START       0x33ffff00         0x00000100         rw
*default*        0x00000000         0xffffffff

Linker script and memory map


.text           0x30000000     0xcd84
 *s3c2450_startup.o(.text)
 .text          0x30000000      0x300 s3c2450_startup.o
                0x30000000                _start
                0x300000b0                ResetHandler
                0x300001a8                IsrIRQ
                0x30000254                _sbrk
 *(.text)
 .text          0x30000300      0x2c4 Key.o
                0x30000300                Key_Port_Init
                0x300003cc                Key_Get_Pressed
                0x30000554                Key_Wait_Get_Pressed
                0x3000058c                Key_Wait_Get_Released
 .text          0x300005c4      0x120 Led.o
                0x300005c4                Led_Init
                0x30000620                Led_Display
 *fill*         0x300006e4        0x4 00
 .text          0x300006e8      0x130 Timer.o
                0x300006e8                Timer_Init
                0x3000074c                Timer_Delay
 .text          0x30000818      0xcac Main.o
                0x30000818                gpio_init
                0x300008d8                RTC_Init
                0x30000ba8                RTC_Tick_Init
                0x30000c1c                ALARM_Init
                0x30000d68                ALARM_Int_Init
                0x30000ddc                timer0_init
                0x30000e6c                delay_us
                0x30000f08                delay_ms
                0x30000f4c                WT_Delay
                0x30000fd8                Sound
                0x300010ac                Main
                0x3000110c                RTC_TICK
                0x300013ec                RTC_ALARM
 *fill*         0x300014c4        0x4 00
 .text          0x300014c8      0x498 Uart.o
                0x300014c8                Uart_Init
                0x30001584                Uart2_Init
                0x30001694                Uart_Printf
                0x300016dc                Uart2_Printf
                0x30001724                Uart_Send_String
                0x30001774                Uart2_Send_String
                0x300017c4                Uart_Send_Byte
                0x30001848                Uart2_Send_Byte
                0x300018cc                Uart_Get_Char
                0x30001914                Uart2_Get_Char
 .text          0x30001960      0x184 exception.o
                0x30001960                SWI_Handler
                0x3000197c                Undef_Handler
                0x30001998                Pabort_Handler
                0x300019d4                Dabort_Handler
                0x30001a10                Exception_Init
 .text          0x30001ae4     0x2324 Lcd_480x272.o
                0x30001ae4                Lcd_Envid_On_Off
                0x30001b48                Lcd_Power_Enable
                0x30001b6c                Lcd_Port_Init
                0x30001c74                Graphic_Init
                0x30001ca8                Lcd_Init
                0x30001ddc                Lcd_Set_Address
                0x30001e3c                Lcd_Wait_Blank
                0x30001e54                Lcd_Copy
                0x30001ee0                Lcd_Select_Frame_Buffer
                0x30001f20                Lcd_Display_Frame_Buffer
                0x30001f58                Lcd_Put_Pixel
                0x30001fc0                Lcd_Set_Tran_Mode
                0x3000200c                Lcd_Clr_Screen
                0x30002098                Lcd_Line
                0x300025a8                Lcd_Hline
                0x30002640                Lcd_Vline
                0x300026d8                Lcd_Rectangular
                0x300027bc                Lcd_Fill_Rectangular
                0x300028b0                Lcd_Han_Putch
                0x300036d0                Lcd_Eng_Putch
                0x30003938                Lcd_Puts
                0x30003a4c                Lcd_Printf
                0x30003ac0                Lcd_Get_Info_BMP
                0x30003b18                Lcd_Draw_BMP
 .text          0x30003e08      0x440 Calendar.o
                0x30003e08                leap_check
                0x30003ed4                get_days
                0x30003f4c                get_weekday
                0x30004098                disp_calendar
 .text          0x30004248       0x7c /home/kdy560200/arm-2011.03/arm-none-eabi/lib/libc.a(lib_a-vsprintf.o)
                0x30004248                _vsprintf_r
                0x30004298                vsprintf
 .text          0x300042c4        0x0 /home/kdy560200/arm-2011.03/arm-none-eabi/lib/libc.a(lib_a-impure.o)
 .text          0x300042c4     0x2138 /home/kdy560200/arm-2011.03/arm-none-eabi/lib/libc.a(lib_a-svfprintf.o)
                0x300042c4                _svfprintf_r
 *fill*         0x300063fc        0x4 00
 .text          0x30006400     0x17d0 /home/kdy560200/arm-2011.03/arm-none-eabi/lib/libc.a(lib_a-dtoa.o)
                0x300065d0                _dtoa_r
 .text          0x30007bd0       0xd0 /home/kdy560200/arm-2011.03/arm-none-eabi/lib/libc.a(lib_a-locale.o)
                0x30007bd0                _setlocale_r
                0x30007c3c                __locale_charset
                0x30007c48                __locale_mb_cur_max
                0x30007c58                __locale_msgcharset
                0x30007c64                __locale_cjk_lang
                0x30007c6c                _localeconv_r
                0x30007c78                setlocale
                0x30007c94                localeconv
 .text          0x30007ca0      0x70c /home/kdy560200/arm-2011.03/arm-none-eabi/lib/libc.a(lib_a-mallocr.o)
                0x30007ca0                _malloc_r
 .text          0x300083ac      0x104 /home/kdy560200/arm-2011.03/arm-none-eabi/lib/libc.a(lib_a-memchr.o)
                0x300083ac                memchr
 .text          0x300084b0      0x1c0 /home/kdy560200/arm-2011.03/arm-none-eabi/lib/libc.a(lib_a-memcpy.o)
                0x300084b0                memcpy
 .text          0x30008670        0x8 /home/kdy560200/arm-2011.03/arm-none-eabi/lib/libc.a(lib_a-mlock.o)
                0x30008670                __malloc_lock
                0x30008674                __malloc_unlock
 .text          0x30008678      0xcfc /home/kdy560200/arm-2011.03/arm-none-eabi/lib/libc.a(lib_a-mprec.o)
                0x30008678                _Balloc
                0x30008700                _Bfree
                0x3000871c                __multadd
                0x300087f8                __s2b
                0x300088e4                __hi0bits
                0x30008934                __lo0bits
                0x300089c4                __i2b
                0x300089e8                __multiply
                0x30008bd0                __pow5mult
                0x30008cc4                __lshift
                0x30008dc8                __mcmp
                0x30008e28                __mdiff
                0x30008f80                __ulp
                0x30008fe0                __b2d
                0x300090a4                __d2b
                0x300091ac                __ratio
                0x30009224                _mprec_log10
                0x30009278                __copybits
                0x300092ec                __any_on
 .text          0x30009374       0x8c /home/kdy560200/arm-2011.03/arm-none-eabi/lib/libc.a(lib_a-s_fpclassify.o)
                0x30009374                __fpclassifyd
 .text          0x30009400       0x40 /home/kdy560200/arm-2011.03/arm-none-eabi/lib/libc.a(lib_a-sbrkr.o)
                0x30009400                _sbrk_r
 .text          0x30009440      0x230 /home/kdy560200/arm-2011.03/arm-none-eabi/lib/libc.a(lib_a-strcmp.o)
                0x30009440                strcmp
 .text          0x30009670       0x60 /home/kdy560200/arm-2011.03/arm-none-eabi/lib/libc.a(lib_a-strlen.o)
                0x30009670                strlen
 .text          0x300096d0     0x1238 /home/kdy560200/arm-2011.03/arm-none-eabi/lib/libc.a(lib_a-svfiprintf.o)
                0x300096d0                __ssprint_r
                0x3000986c                _svfiprintf_r
 .text          0x3000a908       0x9c /home/kdy560200/arm-2011.03/arm-none-eabi/lib/libc.a(lib_a-callocr.o)
                0x3000a908                _calloc_r
 .text          0x3000a9a4      0x360 /home/kdy560200/arm-2011.03/arm-none-eabi/lib/libc.a(lib_a-freer.o)
                0x3000a9a4                _malloc_trim_r
                0x3000aaa0                _free_r
 .text          0x3000ad04      0x128 /home/kdy560200/arm-2011.03/arm-none-eabi/lib/libc.a(lib_a-memmove.o)
                0x3000ad04                memmove
 .text          0x3000ae2c      0x100 /home/kdy560200/arm-2011.03/arm-none-eabi/lib/libc.a(lib_a-memset.o)
                0x3000ae2c                memset
 .text          0x3000af2c      0x5c0 /home/kdy560200/arm-2011.03/arm-none-eabi/lib/libc.a(lib_a-reallocr.o)
                0x3000af2c                _realloc_r
 .text          0x3000b4ec      0x1ac /home/kdy560200/arm-2011.03/arm-none-eabi/lib/libc.a(lib_a-reent.o)
                0x3000b4ec                cleanup_glue
                0x3000b518                _reclaim_reent
                0x3000b620                _wrapup_reent
 .text          0x3000b698      0x114 /home/kdy560200/arm-2011.03/lib/gcc/arm-none-eabi/4.5.2/libgcc.a(_udivsi3.o)
                0x3000b698                __udivsi3
                0x3000b698                __aeabi_uidiv
                0x3000b78c                __aeabi_uidivmod
 .text          0x3000b7ac      0x148 /home/kdy560200/arm-2011.03/lib/gcc/arm-none-eabi/4.5.2/libgcc.a(_divsi3.o)
                0x3000b7ac                __aeabi_idiv
                0x3000b7ac                __divsi3
                0x3000b8d4                __aeabi_idivmod
 .text          0x3000b8f4        0x4 /home/kdy560200/arm-2011.03/lib/gcc/arm-none-eabi/4.5.2/libgcc.a(_dvmd_tls.o)
                0x3000b8f4                __aeabi_ldiv0
                0x3000b8f4                __aeabi_idiv0
 .text          0x3000b8f8      0x41c /home/kdy560200/arm-2011.03/lib/gcc/arm-none-eabi/4.5.2/libgcc.a(_arm_addsubdf3.o)
                0x3000b8f8                __aeabi_drsub
                0x3000b900                __aeabi_dsub
                0x3000b900                __subdf3
                0x3000b904                __adddf3
                0x3000b904                __aeabi_dadd
                0x3000bc14                __aeabi_ui2d
                0x3000bc14                __floatunsidf
                0x3000bc38                __floatsidf
                0x3000bc38                __aeabi_i2d
                0x3000bc60                __extendsfdf2
                0x3000bc60                __aeabi_f2d
                0x3000bca0                __aeabi_ul2d
                0x3000bca0                __floatundidf
                0x3000bcb4                __floatdidf
                0x3000bcb4                __aeabi_l2d
 .text          0x3000bd14      0x49c /home/kdy560200/arm-2011.03/lib/gcc/arm-none-eabi/4.5.2/libgcc.a(_arm_muldivdf3.o)
                0x3000bd14                __aeabi_dmul
                0x3000bd14                __muldf3
                0x3000bfa4                __aeabi_ddiv
                0x3000bfa4                __divdf3
 .text          0x3000c1b0      0x144 /home/kdy560200/arm-2011.03/lib/gcc/arm-none-eabi/4.5.2/libgcc.a(_arm_cmpdf2.o)
                0x3000c1b0                __gtdf2
                0x3000c1b0                __gedf2
                0x3000c1b8                __ltdf2
                0x3000c1b8                __ledf2
                0x3000c1c0                __cmpdf2
                0x3000c1c0                __eqdf2
                0x3000c1c0                __nedf2
                0x3000c248                __aeabi_cdrcmple
                0x3000c264                __aeabi_cdcmple
                0x3000c264                __aeabi_cdcmpeq
                0x3000c27c                __aeabi_dcmpeq
                0x3000c294                __aeabi_dcmplt
                0x3000c2ac                __aeabi_dcmple
                0x3000c2c4                __aeabi_dcmpge
                0x3000c2dc                __aeabi_dcmpgt
 .text          0x3000c2f4       0x5c /home/kdy560200/arm-2011.03/lib/gcc/arm-none-eabi/4.5.2/libgcc.a(_arm_fixdfsi.o)
                0x3000c2f4                __fixdfsi
                0x3000c2f4                __aeabi_d2iz
 .text          0x3000c350       0x54 /home/kdy560200/arm-2011.03/lib/gcc/arm-none-eabi/4.5.2/libgcc.a(_arm_fixunsdfsi.o)
                0x3000c350                __fixunsdfsi
                0x3000c350                __aeabi_d2uiz
 .text          0x3000c3a4       0x3c /home/kdy560200/arm-2011.03/lib/gcc/arm-none-eabi/4.5.2/libgcc.a(_aeabi_uldivmod.o)
                0x3000c3a4                __aeabi_uldivmod
 .text          0x3000c3e0       0x80 /home/kdy560200/arm-2011.03/lib/gcc/arm-none-eabi/4.5.2/libgcc.a(bpabi.o)
                0x3000c3e0                __gnu_ldivmod_helper
                0x3000c420                __gnu_uldivmod_helper
 .text          0x3000c460      0x4a8 /home/kdy560200/arm-2011.03/lib/gcc/arm-none-eabi/4.5.2/libgcc.a(_divdi3.o)
                0x3000c460                __divdi3
 .text          0x3000c908      0x434 /home/kdy560200/arm-2011.03/lib/gcc/arm-none-eabi/4.5.2/libgcc.a(_udivdi3.o)
                0x3000c908                __udivdi3
 .text          0x3000cd3c       0x48 /home/kdy560200/arm-2011.03/lib/gcc/arm-none-eabi/4.5.2/libgcc.a(_clzsi2.o)
                0x3000cd3c                __clzsi2
                0x3000cd84                . = ALIGN (0x4)

.glue_7         0x3000cd84        0x0
 .glue_7        0x00000000        0x0 linker stubs

.glue_7t        0x3000cd84        0x0
 .glue_7t       0x00000000        0x0 linker stubs

.vfp11_veneer   0x3000cd84        0x0
 .vfp11_veneer  0x00000000        0x0 linker stubs

.v4_bx          0x3000cd84        0x0
 .v4_bx         0x00000000        0x0 linker stubs

.rodata         0x3000cd88    0x145b4
                0x3000cd88                rodata_start_addr = .
 *(.rodata)
 .rodata        0x3000cd88       0x2c Key.o
 .rodata        0x3000cdb4     0xc088 Main.o
                0x3000cdb4                A_PULL
 .rodata        0x30018e3c       0x84 exception.o
 .rodata        0x30018ec0     0x821c Lcd_480x272.o
                0x30018ec0                eng8x16
                0x30019ec0                han16x16
                0x3001cbc4                HanTable
 .rodata        0x300210dc       0x90 Calendar.o
 .rodata        0x3002116c        0x4 /home/kdy560200/arm-2011.03/arm-none-eabi/lib/libc.a(lib_a-impure.o)
                0x3002116c                _global_impure_ptr
 .rodata        0x30021170       0x20 /home/kdy560200/arm-2011.03/arm-none-eabi/lib/libc.a(lib_a-svfprintf.o)
 .rodata        0x30021190      0x128 /home/kdy560200/arm-2011.03/arm-none-eabi/lib/libc.a(lib_a-mprec.o)
                0x300211a0                __mprec_tens
                0x30021268                __mprec_bigtens
                0x30021290                __mprec_tinytens
 .rodata        0x300212b8       0x20 /home/kdy560200/arm-2011.03/arm-none-eabi/lib/libc.a(lib_a-svfiprintf.o)
 *(.rodata.*)
 .rodata.str1.4
                0x300212d8        0x2 /home/kdy560200/arm-2011.03/arm-none-eabi/lib/libc.a(lib_a-impure.o)
                                  0x4 (size before relaxing)
 *fill*         0x300212da        0x2 00
 .rodata.str1.4
                0x300212dc       0x42 /home/kdy560200/arm-2011.03/arm-none-eabi/lib/libc.a(lib_a-svfprintf.o)
                                 0x44 (size before relaxing)
 *fill*         0x3002131e        0x2 00
 .rodata.str1.4
                0x30021320       0x10 /home/kdy560200/arm-2011.03/arm-none-eabi/lib/libc.a(lib_a-dtoa.o)
                                 0x14 (size before relaxing)
 .rodata.str1.4
                0x30021330        0xc /home/kdy560200/arm-2011.03/arm-none-eabi/lib/libc.a(lib_a-locale.o)
                                 0x14 (size before relaxing)
 .rodata.str1.4
                0x00000000       0x30 /home/kdy560200/arm-2011.03/arm-none-eabi/lib/libc.a(lib_a-svfiprintf.o)
                0x3002133c                . = ALIGN (0x4)
                0x3002133c                rodata_end_addr = .

.ARM.extab      0x3002133c        0x0
 .ARM.extab     0x3002133c        0x0 /home/kdy560200/arm-2011.03/lib/gcc/arm-none-eabi/4.5.2/libgcc.a(_divdi3.o)
 .ARM.extab     0x3002133c        0x0 /home/kdy560200/arm-2011.03/lib/gcc/arm-none-eabi/4.5.2/libgcc.a(_udivdi3.o)

.ARM.exidx      0x3002133c        0x8
 .ARM.exidx     0x3002133c        0x8 /home/kdy560200/arm-2011.03/lib/gcc/arm-none-eabi/4.5.2/libgcc.a(_divdi3.o)
 .ARM.exidx     0x30021344        0x0 /home/kdy560200/arm-2011.03/lib/gcc/arm-none-eabi/4.5.2/libgcc.a(_udivdi3.o)
                                  0x8 (size before relaxing)

.data           0x30021348      0x9c0
                0x30021348                data_start_addr = .
                0x30021348                __DATA_START__ = .
 *(.data)
 .data          0x30021348        0x0 s3c2450_startup.o
 .data          0x30021348        0x0 Key.o
 .data          0x30021348        0x0 Led.o
 .data          0x30021348        0x0 Timer.o
 .data          0x30021348        0x8 Main.o
                0x30021348                year
                0x3002134a                month
                0x3002134b                date
                0x3002134c                hour
                0x3002134d                minute
                0x3002134e                second
 .data          0x30021350        0x0 Uart.o
 .data          0x30021350        0x0 exception.o
 .data          0x30021350       0xa8 Lcd_480x272.o
 .data          0x300213f8       0x4c Calendar.o
                0x300213f8                mdays
                0x30021428                wdays
 .data          0x30021444        0x0 /home/kdy560200/arm-2011.03/arm-none-eabi/lib/libc.a(lib_a-vsprintf.o)
 *fill*         0x30021444        0x4 00
 .data          0x30021448      0x430 /home/kdy560200/arm-2011.03/arm-none-eabi/lib/libc.a(lib_a-impure.o)
                0x30021448                _impure_ptr
 .data          0x30021878        0x0 /home/kdy560200/arm-2011.03/arm-none-eabi/lib/libc.a(lib_a-svfprintf.o)
 .data          0x30021878        0x0 /home/kdy560200/arm-2011.03/arm-none-eabi/lib/libc.a(lib_a-dtoa.o)
 .data          0x30021878       0x7c /home/kdy560200/arm-2011.03/arm-none-eabi/lib/libc.a(lib_a-locale.o)
                0x30021898                __mb_cur_max
 .data          0x300218f4      0x410 /home/kdy560200/arm-2011.03/arm-none-eabi/lib/libc.a(lib_a-mallocr.o)
                0x300218f4                __malloc_av_
                0x30021cfc                __malloc_sbrk_base
                0x30021d00                __malloc_trim_threshold
 .data          0x30021d04        0x0 /home/kdy560200/arm-2011.03/arm-none-eabi/lib/libc.a(lib_a-memchr.o)
 .data          0x30021d04        0x0 /home/kdy560200/arm-2011.03/arm-none-eabi/lib/libc.a(lib_a-memcpy.o)
 .data          0x30021d04        0x0 /home/kdy560200/arm-2011.03/arm-none-eabi/lib/libc.a(lib_a-mlock.o)
 .data          0x30021d04        0x0 /home/kdy560200/arm-2011.03/arm-none-eabi/lib/libc.a(lib_a-mprec.o)
 .data          0x30021d04        0x0 /home/kdy560200/arm-2011.03/arm-none-eabi/lib/libc.a(lib_a-s_fpclassify.o)
 .data          0x30021d04        0x0 /home/kdy560200/arm-2011.03/arm-none-eabi/lib/libc.a(lib_a-sbrkr.o)
 .data          0x30021d04        0x0 /home/kdy560200/arm-2011.03/arm-none-eabi/lib/libc.a(lib_a-strcmp.o)
 .data          0x30021d04        0x0 /home/kdy560200/arm-2011.03/arm-none-eabi/lib/libc.a(lib_a-strlen.o)
 .data          0x30021d04        0x0 /home/kdy560200/arm-2011.03/arm-none-eabi/lib/libc.a(lib_a-svfiprintf.o)
 .data          0x30021d04        0x0 /home/kdy560200/arm-2011.03/arm-none-eabi/lib/libc.a(lib_a-callocr.o)
 .data          0x30021d04        0x0 /home/kdy560200/arm-2011.03/arm-none-eabi/lib/libc.a(lib_a-freer.o)
 .data          0x30021d04        0x0 /home/kdy560200/arm-2011.03/arm-none-eabi/lib/libc.a(lib_a-memmove.o)
 .data          0x30021d04        0x0 /home/kdy560200/arm-2011.03/arm-none-eabi/lib/libc.a(lib_a-memset.o)
 .data          0x30021d04        0x0 /home/kdy560200/arm-2011.03/arm-none-eabi/lib/libc.a(lib_a-reallocr.o)
 .data          0x30021d04        0x0 /home/kdy560200/arm-2011.03/arm-none-eabi/lib/libc.a(lib_a-reent.o)
 .data          0x30021d04        0x0 /home/kdy560200/arm-2011.03/lib/gcc/arm-none-eabi/4.5.2/libgcc.a(_udivsi3.o)
 .data          0x30021d04        0x0 /home/kdy560200/arm-2011.03/lib/gcc/arm-none-eabi/4.5.2/libgcc.a(_divsi3.o)
 .data          0x30021d04        0x0 /home/kdy560200/arm-2011.03/lib/gcc/arm-none-eabi/4.5.2/libgcc.a(_dvmd_tls.o)
 .data          0x30021d04        0x0 /home/kdy560200/arm-2011.03/lib/gcc/arm-none-eabi/4.5.2/libgcc.a(_arm_addsubdf3.o)
 .data          0x30021d04        0x0 /home/kdy560200/arm-2011.03/lib/gcc/arm-none-eabi/4.5.2/libgcc.a(_arm_muldivdf3.o)
 .data          0x30021d04        0x0 /home/kdy560200/arm-2011.03/lib/gcc/arm-none-eabi/4.5.2/libgcc.a(_arm_cmpdf2.o)
 .data          0x30021d04        0x0 /home/kdy560200/arm-2011.03/lib/gcc/arm-none-eabi/4.5.2/libgcc.a(_arm_fixdfsi.o)
 .data          0x30021d04        0x0 /home/kdy560200/arm-2011.03/lib/gcc/arm-none-eabi/4.5.2/libgcc.a(_arm_fixunsdfsi.o)
 .data          0x30021d04        0x0 /home/kdy560200/arm-2011.03/lib/gcc/arm-none-eabi/4.5.2/libgcc.a(_aeabi_uldivmod.o)
 .data          0x30021d04        0x0 /home/kdy560200/arm-2011.03/lib/gcc/arm-none-eabi/4.5.2/libgcc.a(bpabi.o)
 .data          0x30021d04        0x0 /home/kdy560200/arm-2011.03/lib/gcc/arm-none-eabi/4.5.2/libgcc.a(_divdi3.o)
 .data          0x30021d04        0x0 /home/kdy560200/arm-2011.03/lib/gcc/arm-none-eabi/4.5.2/libgcc.a(_udivdi3.o)
 .data          0x30021d04        0x0 /home/kdy560200/arm-2011.03/lib/gcc/arm-none-eabi/4.5.2/libgcc.a(_clzsi2.o)
 *(.data.*)
                0x30021d08                . = ALIGN (0x8)
 *fill*         0x30021d04        0x4 00
                0x30021d08                data_end_addr = .
                0x30021d08                __DATA_END__ = .

.bss            0x30021d08       0x68
                0x30021d08                bss_start_addr = .
                0x30021d08                __BSS_START__ = .
 *(.bss)
 .bss           0x30021d08        0x0 s3c2450_startup.o
 .bss           0x30021d08        0x0 Key.o
 .bss           0x30021d08        0x0 Led.o
 .bss           0x30021d08        0x0 Timer.o
 .bss           0x30021d08        0x0 Main.o
 .bss           0x30021d08        0x0 Uart.o
 .bss           0x30021d08        0x0 exception.o
 .bss           0x30021d08       0x20 Lcd_480x272.o
                0x30021d08                Fb_ptr
 .bss           0x30021d28        0x0 Calendar.o
 .bss           0x30021d28        0x0 /home/kdy560200/arm-2011.03/arm-none-eabi/lib/libc.a(lib_a-vsprintf.o)
 .bss           0x30021d28        0x0 /home/kdy560200/arm-2011.03/arm-none-eabi/lib/libc.a(lib_a-impure.o)
 .bss           0x30021d28        0x0 /home/kdy560200/arm-2011.03/arm-none-eabi/lib/libc.a(lib_a-svfprintf.o)
 .bss           0x30021d28        0x0 /home/kdy560200/arm-2011.03/arm-none-eabi/lib/libc.a(lib_a-dtoa.o)
 .bss           0x30021d28        0xc /home/kdy560200/arm-2011.03/arm-none-eabi/lib/libc.a(lib_a-locale.o)
                0x30021d28                __nlocale_changed
                0x30021d2c                __mlocale_changed
                0x30021d30                _PathLocale
 .bss           0x30021d34       0x34 /home/kdy560200/arm-2011.03/arm-none-eabi/lib/libc.a(lib_a-mallocr.o)
                0x30021d34                __malloc_top_pad
                0x30021d38                __malloc_current_mallinfo
                0x30021d60                __malloc_max_sbrked_mem
                0x30021d64                __malloc_max_total_mem
 .bss           0x30021d68        0x0 /home/kdy560200/arm-2011.03/arm-none-eabi/lib/libc.a(lib_a-memchr.o)
 .bss           0x30021d68        0x0 /home/kdy560200/arm-2011.03/arm-none-eabi/lib/libc.a(lib_a-memcpy.o)
 .bss           0x30021d68        0x0 /home/kdy560200/arm-2011.03/arm-none-eabi/lib/libc.a(lib_a-mlock.o)
 .bss           0x30021d68        0x0 /home/kdy560200/arm-2011.03/arm-none-eabi/lib/libc.a(lib_a-mprec.o)
 .bss           0x30021d68        0x0 /home/kdy560200/arm-2011.03/arm-none-eabi/lib/libc.a(lib_a-s_fpclassify.o)
 .bss           0x30021d68        0x0 /home/kdy560200/arm-2011.03/arm-none-eabi/lib/libc.a(lib_a-sbrkr.o)
 .bss           0x30021d68        0x0 /home/kdy560200/arm-2011.03/arm-none-eabi/lib/libc.a(lib_a-strcmp.o)
 .bss           0x30021d68        0x0 /home/kdy560200/arm-2011.03/arm-none-eabi/lib/libc.a(lib_a-strlen.o)
 .bss           0x30021d68        0x0 /home/kdy560200/arm-2011.03/arm-none-eabi/lib/libc.a(lib_a-svfiprintf.o)
 .bss           0x30021d68        0x0 /home/kdy560200/arm-2011.03/arm-none-eabi/lib/libc.a(lib_a-callocr.o)
 .bss           0x30021d68        0x0 /home/kdy560200/arm-2011.03/arm-none-eabi/lib/libc.a(lib_a-freer.o)
 .bss           0x30021d68        0x0 /home/kdy560200/arm-2011.03/arm-none-eabi/lib/libc.a(lib_a-memmove.o)
 .bss           0x30021d68        0x0 /home/kdy560200/arm-2011.03/arm-none-eabi/lib/libc.a(lib_a-memset.o)
 .bss           0x30021d68        0x0 /home/kdy560200/arm-2011.03/arm-none-eabi/lib/libc.a(lib_a-reallocr.o)
 .bss           0x30021d68        0x0 /home/kdy560200/arm-2011.03/arm-none-eabi/lib/libc.a(lib_a-reent.o)
 .bss           0x30021d68        0x0 /home/kdy560200/arm-2011.03/lib/gcc/arm-none-eabi/4.5.2/libgcc.a(_udivsi3.o)
 .bss           0x30021d68        0x0 /home/kdy560200/arm-2011.03/lib/gcc/arm-none-eabi/4.5.2/libgcc.a(_divsi3.o)
 .bss           0x30021d68        0x0 /home/kdy560200/arm-2011.03/lib/gcc/arm-none-eabi/4.5.2/libgcc.a(_dvmd_tls.o)
 .bss           0x30021d68        0x0 /home/kdy560200/arm-2011.03/lib/gcc/arm-none-eabi/4.5.2/libgcc.a(_arm_addsubdf3.o)
 .bss           0x30021d68        0x0 /home/kdy560200/arm-2011.03/lib/gcc/arm-none-eabi/4.5.2/libgcc.a(_arm_muldivdf3.o)
 .bss           0x30021d68        0x0 /home/kdy560200/arm-2011.03/lib/gcc/arm-none-eabi/4.5.2/libgcc.a(_arm_cmpdf2.o)
 .bss           0x30021d68        0x0 /home/kdy560200/arm-2011.03/lib/gcc/arm-none-eabi/4.5.2/libgcc.a(_arm_fixdfsi.o)
 .bss           0x30021d68        0x0 /home/kdy560200/arm-2011.03/lib/gcc/arm-none-eabi/4.5.2/libgcc.a(_arm_fixunsdfsi.o)
 .bss           0x30021d68        0x0 /home/kdy560200/arm-2011.03/lib/gcc/arm-none-eabi/4.5.2/libgcc.a(_aeabi_uldivmod.o)
 .bss           0x30021d68        0x0 /home/kdy560200/arm-2011.03/lib/gcc/arm-none-eabi/4.5.2/libgcc.a(bpabi.o)
 .bss           0x30021d68        0x0 /home/kdy560200/arm-2011.03/lib/gcc/arm-none-eabi/4.5.2/libgcc.a(_divdi3.o)
 .bss           0x30021d68        0x0 /home/kdy560200/arm-2011.03/lib/gcc/arm-none-eabi/4.5.2/libgcc.a(_udivdi3.o)
 .bss           0x30021d68        0x0 /home/kdy560200/arm-2011.03/lib/gcc/arm-none-eabi/4.5.2/libgcc.a(_clzsi2.o)
 *(.bss.*)
 *(COMMON)
 COMMON         0x30021d68        0x4 /home/kdy560200/arm-2011.03/arm-none-eabi/lib/libc.a(lib_a-reent.o)
                0x30021d68                errno
                0x30021d70                . = ALIGN (0x8)
 *fill*         0x30021d6c        0x4 00
                0x30021d70                bss_end_addr = .
                0x30021d70                __BSS_END__ = .
                0x30021d70                end = .
                0x30021d70                PROVIDE (end, .)

.int_vec        0x33ffff00       0xc0
 s3c2450_startup.o(int_vect)
 int_vect       0x33ffff00       0xc0 s3c2450_startup.o
                0x33ffff00                HandleReset
                0x33ffff04                HandleUndef
                0x33ffff08                HandleSWI
                0x33ffff0c                HandlePabort
                0x33ffff10                HandleDabort
                0x33ffff14                HandleReserved
                0x33ffff18                HandleIRQ
                0x33ffff1c                HandleFIQ
                0x33ffff20                HandleEINT0
                0x33ffff24                HandleEINT1
                0x33ffff28                HandleEINT2
                0x33ffff2c                HandleEINT3
                0x33ffff30                HandleEINT4_7
                0x33ffff34                HandleEINT8_23
                0x33ffff38                HandleCAM
                0x33ffff3c                HandleBATFLT
                0x33ffff40                HandleTICK
                0x33ffff44                HandleWDT
                0x33ffff48                HandleTIMER0
                0x33ffff4c                HandleTIMER1
                0x33ffff50                HandleTIMER2
                0x33ffff54                HandleTIMER3
                0x33ffff58                HandleTIMER4
                0x33ffff5c                HandleUART2
                0x33ffff60                HandleLCD
                0x33ffff64                HandleDMA
                0x33ffff68                HandleUART3
                0x33ffff6c                HandleCFCON
                0x33ffff70                HandleSDI1
                0x33ffff74                HandleSDI0
                0x33ffff78                HandleSPI0
                0x33ffff7c                HandleUART1
                0x33ffff80                HandleNFCON
                0x33ffff84                HandleUSBD
                0x33ffff88                HandleUSBH
                0x33ffff8c                HandleIIC
                0x33ffff90                HandleUART0
                0x33ffff94                HandleSPI1
                0x33ffff98                HandleRTC
                0x33ffff9c                HandleADC
                0x33ffffa0                Handle2D
                0x33ffffa4                HandleIIC1
                0x33ffffa8                HandleRSV1
                0x33ffffac                HandleRSV2
                0x33ffffb0                HandlePCM0
                0x33ffffb4                HandlePCM1
                0x33ffffb8                HandleI2S0
                0x33ffffbc                HandleI2S1
LOAD Key.o
LOAD Led.o
LOAD Timer.o
LOAD Main.o
LOAD Uart.o
LOAD exception.o
LOAD Lcd_480x272.o
LOAD Calendar.o
LOAD s3c2450_startup.o
LOAD /home/kdy560200/arm-2011.03/arm-none-eabi/lib/libc.a
LOAD /home/kdy560200/arm-2011.03/lib/gcc/arm-none-eabi/4.5.2/libgcc.a
LOAD /home/kdy560200/arm-2011.03/lib/gcc/arm-none-eabi/4.5.2/libgcc.a
OUTPUT(MDS2450 elf32-littlearm)

.ARM.attributes
                0x00000000       0x28
 .ARM.attributes
                0x00000000       0x1c s3c2450_startup.o
 .ARM.attributes
                0x0000001c       0x2c Key.o
 .ARM.attributes
                0x00000048       0x2c Led.o
 .ARM.attributes
                0x00000074       0x2c Timer.o
 .ARM.attributes
                0x000000a0       0x2c Main.o
 .ARM.attributes
                0x000000cc       0x2c Uart.o
 .ARM.attributes
                0x000000f8       0x2c exception.o
 .ARM.attributes
                0x00000124       0x2c Lcd_480x272.o
 .ARM.attributes
                0x00000150       0x2c Calendar.o
 .ARM.attributes
                0x0000017c       0x34 /home/kdy560200/arm-2011.03/arm-none-eabi/lib/libc.a(lib_a-vsprintf.o)
 .ARM.attributes
                0x000001b0       0x34 /home/kdy560200/arm-2011.03/arm-none-eabi/lib/libc.a(lib_a-impure.o)
 .ARM.attributes
                0x000001e4       0x34 /home/kdy560200/arm-2011.03/arm-none-eabi/lib/libc.a(lib_a-svfprintf.o)
 .ARM.attributes
                0x00000218       0x34 /home/kdy560200/arm-2011.03/arm-none-eabi/lib/libc.a(lib_a-dtoa.o)
 .ARM.attributes
                0x0000024c       0x34 /home/kdy560200/arm-2011.03/arm-none-eabi/lib/libc.a(lib_a-locale.o)
 .ARM.attributes
                0x00000280       0x34 /home/kdy560200/arm-2011.03/arm-none-eabi/lib/libc.a(lib_a-mallocr.o)
 .ARM.attributes
                0x000002b4       0x34 /home/kdy560200/arm-2011.03/arm-none-eabi/lib/libc.a(lib_a-memchr.o)
 .ARM.attributes
                0x000002e8       0x34 /home/kdy560200/arm-2011.03/arm-none-eabi/lib/libc.a(lib_a-memcpy.o)
 .ARM.attributes
                0x0000031c       0x34 /home/kdy560200/arm-2011.03/arm-none-eabi/lib/libc.a(lib_a-mlock.o)
 .ARM.attributes
                0x00000350       0x34 /home/kdy560200/arm-2011.03/arm-none-eabi/lib/libc.a(lib_a-mprec.o)
 .ARM.attributes
                0x00000384       0x34 /home/kdy560200/arm-2011.03/arm-none-eabi/lib/libc.a(lib_a-s_fpclassify.o)
 .ARM.attributes
                0x000003b8       0x34 /home/kdy560200/arm-2011.03/arm-none-eabi/lib/libc.a(lib_a-sbrkr.o)
 .ARM.attributes
                0x000003ec       0x34 /home/kdy560200/arm-2011.03/arm-none-eabi/lib/libc.a(lib_a-strcmp.o)
 .ARM.attributes
                0x00000420       0x34 /home/kdy560200/arm-2011.03/arm-none-eabi/lib/libc.a(lib_a-strlen.o)
 .ARM.attributes
                0x00000454       0x34 /home/kdy560200/arm-2011.03/arm-none-eabi/lib/libc.a(lib_a-svfiprintf.o)
 .ARM.attributes
                0x00000488       0x34 /home/kdy560200/arm-2011.03/arm-none-eabi/lib/libc.a(lib_a-callocr.o)
 .ARM.attributes
                0x000004bc       0x34 /home/kdy560200/arm-2011.03/arm-none-eabi/lib/libc.a(lib_a-freer.o)
 .ARM.attributes
                0x000004f0       0x34 /home/kdy560200/arm-2011.03/arm-none-eabi/lib/libc.a(lib_a-memmove.o)
 .ARM.attributes
                0x00000524       0x34 /home/kdy560200/arm-2011.03/arm-none-eabi/lib/libc.a(lib_a-memset.o)
 .ARM.attributes
                0x00000558       0x34 /home/kdy560200/arm-2011.03/arm-none-eabi/lib/libc.a(lib_a-reallocr.o)
 .ARM.attributes
                0x0000058c       0x34 /home/kdy560200/arm-2011.03/arm-none-eabi/lib/libc.a(lib_a-reent.o)
 .ARM.attributes
                0x000005c0       0x1a /home/kdy560200/arm-2011.03/lib/gcc/arm-none-eabi/4.5.2/libgcc.a(_udivsi3.o)
 .ARM.attributes
                0x000005da       0x1a /home/kdy560200/arm-2011.03/lib/gcc/arm-none-eabi/4.5.2/libgcc.a(_divsi3.o)
 .ARM.attributes
                0x000005f4       0x18 /home/kdy560200/arm-2011.03/lib/gcc/arm-none-eabi/4.5.2/libgcc.a(_dvmd_tls.o)
 .ARM.attributes
                0x0000060c       0x1a /home/kdy560200/arm-2011.03/lib/gcc/arm-none-eabi/4.5.2/libgcc.a(_arm_addsubdf3.o)
 .ARM.attributes
                0x00000626       0x1a /home/kdy560200/arm-2011.03/lib/gcc/arm-none-eabi/4.5.2/libgcc.a(_arm_muldivdf3.o)
 .ARM.attributes
                0x00000640       0x1a /home/kdy560200/arm-2011.03/lib/gcc/arm-none-eabi/4.5.2/libgcc.a(_arm_cmpdf2.o)
 .ARM.attributes
                0x0000065a       0x1a /home/kdy560200/arm-2011.03/lib/gcc/arm-none-eabi/4.5.2/libgcc.a(_arm_fixdfsi.o)
 .ARM.attributes
                0x00000674       0x1a /home/kdy560200/arm-2011.03/lib/gcc/arm-none-eabi/4.5.2/libgcc.a(_arm_fixunsdfsi.o)
 .ARM.attributes
                0x0000068e       0x1a /home/kdy560200/arm-2011.03/lib/gcc/arm-none-eabi/4.5.2/libgcc.a(_aeabi_uldivmod.o)
 .ARM.attributes
                0x000006a8       0x34 /home/kdy560200/arm-2011.03/lib/gcc/arm-none-eabi/4.5.2/libgcc.a(bpabi.o)
 .ARM.attributes
                0x000006dc       0x34 /home/kdy560200/arm-2011.03/lib/gcc/arm-none-eabi/4.5.2/libgcc.a(_divdi3.o)
 .ARM.attributes
                0x00000710       0x34 /home/kdy560200/arm-2011.03/lib/gcc/arm-none-eabi/4.5.2/libgcc.a(_udivdi3.o)
 .ARM.attributes
                0x00000744       0x1a /home/kdy560200/arm-2011.03/lib/gcc/arm-none-eabi/4.5.2/libgcc.a(_clzsi2.o)

.comment        0x00000000       0x2a
 .comment       0x00000000       0x2a Key.o
                                 0x2b (size before relaxing)
 .comment       0x00000000       0x2b Led.o
 .comment       0x00000000       0x2b Timer.o
 .comment       0x00000000       0x2b Main.o
 .comment       0x00000000       0x2b Uart.o
 .comment       0x00000000       0x2b exception.o
 .comment       0x00000000       0x2b Lcd_480x272.o
 .comment       0x00000000       0x2b Calendar.o

.debug_line     0x00000000      0xa69
 .debug_line    0x00000000       0xba s3c2450_startup.o
 .debug_line    0x000000ba       0x92 Key.o
 .debug_line    0x0000014c       0x58 Led.o
 .debug_line    0x000001a4       0x4f Timer.o
 .debug_line    0x000001f3      0x171 Main.o
 .debug_line    0x00000364      0x10f Uart.o
 .debug_line    0x00000473       0x67 exception.o
 .debug_line    0x000004da      0x4ba Lcd_480x272.o
 .debug_line    0x00000994       0xd5 Calendar.o

.debug_info     0x00000000     0x231f
 .debug_info    0x00000000       0x69 s3c2450_startup.o
 .debug_info    0x00000069       0xee Key.o
 .debug_info    0x00000157       0x83 Led.o
 .debug_info    0x000001da       0x78 Timer.o
 .debug_info    0x00000252      0xf68 Main.o
 .debug_info    0x000011ba      0x24e Uart.o
 .debug_info    0x00001408      0x130 exception.o
 .debug_info    0x00001538      0xc0c Lcd_480x272.o
 .debug_info    0x00002144      0x1db Calendar.o

.debug_abbrev   0x00000000      0x690
 .debug_abbrev  0x00000000       0x14 s3c2450_startup.o
 .debug_abbrev  0x00000014       0x99 Key.o
 .debug_abbrev  0x000000ad       0x72 Led.o
 .debug_abbrev  0x0000011f       0x65 Timer.o
 .debug_abbrev  0x00000184      0x166 Main.o
 .debug_abbrev  0x000002ea       0xe2 Uart.o
 .debug_abbrev  0x000003cc       0x7d exception.o
 .debug_abbrev  0x00000449      0x18c Lcd_480x272.o
 .debug_abbrev  0x000005d5       0xbb Calendar.o

.debug_aranges  0x00000000      0x120
 .debug_aranges
                0x00000000       0x20 s3c2450_startup.o
 .debug_aranges
                0x00000020       0x20 Key.o
 .debug_aranges
                0x00000040       0x20 Led.o
 .debug_aranges
                0x00000060       0x20 Timer.o
 .debug_aranges
                0x00000080       0x20 Main.o
 .debug_aranges
                0x000000a0       0x20 Uart.o
 .debug_aranges
                0x000000c0       0x20 exception.o
 .debug_aranges
                0x000000e0       0x20 Lcd_480x272.o
 .debug_aranges
                0x00000100       0x20 Calendar.o

.debug_loc      0x00000000      0xb00
 .debug_loc     0x00000000       0xb0 Key.o
 .debug_loc     0x000000b0       0x58 Led.o
 .debug_loc     0x00000108       0x58 Timer.o
 .debug_loc     0x00000160      0x23c Main.o
 .debug_loc     0x0000039c      0x1b8 Uart.o
 .debug_loc     0x00000554       0xdc exception.o
 .debug_loc     0x00000630      0x420 Lcd_480x272.o
 .debug_loc     0x00000a50       0xb0 Calendar.o

.debug_pubnames
                0x00000000      0x570
 .debug_pubnames
                0x00000000       0x6b Key.o
 .debug_pubnames
                0x0000006b       0x2f Led.o
 .debug_pubnames
                0x0000009a       0x31 Timer.o
 .debug_pubnames
                0x000000cb      0x10c Main.o
 .debug_pubnames
                0x000001d7       0xc7 Uart.o
 .debug_pubnames
                0x0000029e       0x6d exception.o
 .debug_pubnames
                0x0000030b      0x201 Lcd_480x272.o
 .debug_pubnames
                0x0000050c       0x64 Calendar.o

.debug_pubtypes
                0x00000000      0x164
 .debug_pubtypes
                0x00000000       0x12 Key.o
 .debug_pubtypes
                0x00000012       0x12 Led.o
 .debug_pubtypes
                0x00000024       0x12 Timer.o
 .debug_pubtypes
                0x00000036       0x9e Main.o
 .debug_pubtypes
                0x000000d4       0x3f Uart.o
 .debug_pubtypes
                0x00000113       0x3f Lcd_480x272.o
 .debug_pubtypes
                0x00000152       0x12 Calendar.o

.debug_str      0x00000000      0xa11
 .debug_str     0x00000000       0x9e Key.o
                                 0xab (size before relaxing)
 .debug_str     0x0000009e       0x20 Led.o
                                 0x75 (size before relaxing)
 .debug_str     0x000000be       0x24 Timer.o
                                 0x79 (size before relaxing)
 .debug_str     0x000000e2      0x551 Main.o
                                0x5de (size before relaxing)
 .debug_str     0x00000633       0xc3 Uart.o
                                0x12a (size before relaxing)
 .debug_str     0x000006f6       0x9b exception.o
                                 0xe2 (size before relaxing)
 .debug_str     0x00000791      0x23b Lcd_480x272.o
                                0x30f (size before relaxing)
 .debug_str     0x000009cc       0x45 Calendar.o
                                 0xba (size before relaxing)

.debug_frame    0x00000000     0x10a0
 .debug_frame   0x00000000       0x90 Key.o
 .debug_frame   0x00000090       0x50 Led.o
 .debug_frame   0x000000e0       0x54 Timer.o
 .debug_frame   0x00000134      0x1c8 Main.o
 .debug_frame   0x000002fc      0x164 Uart.o
 .debug_frame   0x00000460       0xb0 exception.o
 .debug_frame   0x00000510      0x310 Lcd_480x272.o
 .debug_frame   0x00000820       0x90 Calendar.o
 .debug_frame   0x000008b0       0x44 /home/kdy560200/arm-2011.03/arm-none-eabi/lib/libc.a(lib_a-vsprintf.o)
 .debug_frame   0x000008f4       0x3c /home/kdy560200/arm-2011.03/arm-none-eabi/lib/libc.a(lib_a-svfprintf.o)
 .debug_frame   0x00000930       0x64 /home/kdy560200/arm-2011.03/arm-none-eabi/lib/libc.a(lib_a-dtoa.o)
 .debug_frame   0x00000994       0x98 /home/kdy560200/arm-2011.03/arm-none-eabi/lib/libc.a(lib_a-locale.o)
 .debug_frame   0x00000a2c       0x3c /home/kdy560200/arm-2011.03/arm-none-eabi/lib/libc.a(lib_a-mallocr.o)
 .debug_frame   0x00000a68       0x2c /home/kdy560200/arm-2011.03/arm-none-eabi/lib/libc.a(lib_a-memchr.o)
 .debug_frame   0x00000a94       0x30 /home/kdy560200/arm-2011.03/arm-none-eabi/lib/libc.a(lib_a-memcpy.o)
 .debug_frame   0x00000ac4       0x30 /home/kdy560200/arm-2011.03/arm-none-eabi/lib/libc.a(lib_a-mlock.o)
 .debug_frame   0x00000af4      0x228 /home/kdy560200/arm-2011.03/arm-none-eabi/lib/libc.a(lib_a-mprec.o)
 .debug_frame   0x00000d1c       0x28 /home/kdy560200/arm-2011.03/arm-none-eabi/lib/libc.a(lib_a-s_fpclassify.o)
 .debug_frame   0x00000d44       0x2c /home/kdy560200/arm-2011.03/arm-none-eabi/lib/libc.a(lib_a-sbrkr.o)
 .debug_frame   0x00000d70       0x30 /home/kdy560200/arm-2011.03/arm-none-eabi/lib/libc.a(lib_a-strcmp.o)
 .debug_frame   0x00000da0       0x20 /home/kdy560200/arm-2011.03/arm-none-eabi/lib/libc.a(lib_a-strlen.o)
 .debug_frame   0x00000dc0       0x68 /home/kdy560200/arm-2011.03/arm-none-eabi/lib/libc.a(lib_a-svfiprintf.o)
 .debug_frame   0x00000e28       0x28 /home/kdy560200/arm-2011.03/arm-none-eabi/lib/libc.a(lib_a-callocr.o)
 .debug_frame   0x00000e50       0x50 /home/kdy560200/arm-2011.03/arm-none-eabi/lib/libc.a(lib_a-freer.o)
 .debug_frame   0x00000ea0       0x2c /home/kdy560200/arm-2011.03/arm-none-eabi/lib/libc.a(lib_a-memmove.o)
 .debug_frame   0x00000ecc       0x28 /home/kdy560200/arm-2011.03/arm-none-eabi/lib/libc.a(lib_a-memset.o)
 .debug_frame   0x00000ef4       0x3c /home/kdy560200/arm-2011.03/arm-none-eabi/lib/libc.a(lib_a-reallocr.o)
 .debug_frame   0x00000f30       0x68 /home/kdy560200/arm-2011.03/arm-none-eabi/lib/libc.a(lib_a-reent.o)
 .debug_frame   0x00000f98       0x20 /home/kdy560200/arm-2011.03/lib/gcc/arm-none-eabi/4.5.2/libgcc.a(_udivsi3.o)
 .debug_frame   0x00000fb8       0x20 /home/kdy560200/arm-2011.03/lib/gcc/arm-none-eabi/4.5.2/libgcc.a(_divsi3.o)
 .debug_frame   0x00000fd8       0x50 /home/kdy560200/arm-2011.03/lib/gcc/arm-none-eabi/4.5.2/libgcc.a(bpabi.o)
 .debug_frame   0x00001028       0x3c /home/kdy560200/arm-2011.03/lib/gcc/arm-none-eabi/4.5.2/libgcc.a(_divdi3.o)
 .debug_frame   0x00001064       0x3c /home/kdy560200/arm-2011.03/lib/gcc/arm-none-eabi/4.5.2/libgcc.a(_udivdi3.o)

Cross Reference Table

Symbol                                            File
ALARM_Init                                        Main.o
ALARM_Int_Init                                    Main.o
A_PULL                                            Main.o
Dabort_Handler                                    exception.o
Exception_Init                                    exception.o
                                                  s3c2450_startup.o
Fb_ptr                                            Lcd_480x272.o
Graphic_Init                                      Lcd_480x272.o
                                                  Main.o
HanTable                                          Lcd_480x272.o
Handle2D                                          s3c2450_startup.o
HandleADC                                         s3c2450_startup.o
HandleBATFLT                                      s3c2450_startup.o
HandleCAM                                         s3c2450_startup.o
HandleCFCON                                       s3c2450_startup.o
HandleDMA                                         s3c2450_startup.o
HandleDabort                                      s3c2450_startup.o
                                                  exception.o
HandleEINT0                                       s3c2450_startup.o
HandleEINT1                                       s3c2450_startup.o
HandleEINT2                                       s3c2450_startup.o
HandleEINT3                                       s3c2450_startup.o
HandleEINT4_7                                     s3c2450_startup.o
HandleEINT8_23                                    s3c2450_startup.o
HandleFIQ                                         s3c2450_startup.o
HandleI2S0                                        s3c2450_startup.o
HandleI2S1                                        s3c2450_startup.o
HandleIIC                                         s3c2450_startup.o
HandleIIC1                                        s3c2450_startup.o
HandleIRQ                                         s3c2450_startup.o
HandleLCD                                         s3c2450_startup.o
HandleNFCON                                       s3c2450_startup.o
HandlePCM0                                        s3c2450_startup.o
HandlePCM1                                        s3c2450_startup.o
HandlePabort                                      s3c2450_startup.o
                                                  exception.o
HandleRSV1                                        s3c2450_startup.o
HandleRSV2                                        s3c2450_startup.o
HandleRTC                                         s3c2450_startup.o
HandleReserved                                    s3c2450_startup.o
HandleReset                                       s3c2450_startup.o
HandleSDI0                                        s3c2450_startup.o
HandleSDI1                                        s3c2450_startup.o
HandleSPI0                                        s3c2450_startup.o
HandleSPI1                                        s3c2450_startup.o
HandleSWI                                         s3c2450_startup.o
                                                  exception.o
HandleTICK                                        s3c2450_startup.o
HandleTIMER0                                      s3c2450_startup.o
HandleTIMER1                                      s3c2450_startup.o
HandleTIMER2                                      s3c2450_startup.o
HandleTIMER3                                      s3c2450_startup.o
HandleTIMER4                                      s3c2450_startup.o
HandleUART0                                       s3c2450_startup.o
HandleUART1                                       s3c2450_startup.o
HandleUART2                                       s3c2450_startup.o
HandleUART3                                       s3c2450_startup.o
HandleUSBD                                        s3c2450_startup.o
HandleUSBH                                        s3c2450_startup.o
HandleUndef                                       s3c2450_startup.o
                                                  exception.o
HandleWDT                                         s3c2450_startup.o
IsrIRQ                                            s3c2450_startup.o
Key_Get_Pressed                                   Key.o
Key_Port_Init                                     Key.o
Key_Wait_Get_Pressed                              Key.o
Key_Wait_Get_Released                             Key.o
Lcd_Clr_Screen                                    Lcd_480x272.o
                                                  Main.o
Lcd_Copy                                          Lcd_480x272.o
Lcd_Display_Frame_Buffer                          Lcd_480x272.o
Lcd_Draw_BMP                                      Lcd_480x272.o
Lcd_Eng_Putch                                     Lcd_480x272.o
Lcd_Envid_On_Off                                  Lcd_480x272.o
Lcd_Fill_Rectangular                              Lcd_480x272.o
Lcd_Get_Info_BMP                                  Lcd_480x272.o
Lcd_Han_Putch                                     Lcd_480x272.o
Lcd_Hline                                         Lcd_480x272.o
Lcd_Init                                          Lcd_480x272.o
Lcd_Line                                          Lcd_480x272.o
Lcd_Port_Init                                     Lcd_480x272.o
Lcd_Power_Enable                                  Lcd_480x272.o
Lcd_Printf                                        Lcd_480x272.o
                                                  Main.o
Lcd_Put_Pixel                                     Lcd_480x272.o
Lcd_Puts                                          Lcd_480x272.o
Lcd_Rectangular                                   Lcd_480x272.o
Lcd_Select_Frame_Buffer                           Lcd_480x272.o
                                                  Main.o
Lcd_Set_Address                                   Lcd_480x272.o
Lcd_Set_Tran_Mode                                 Lcd_480x272.o
Lcd_Vline                                         Lcd_480x272.o
Lcd_Wait_Blank                                    Lcd_480x272.o
Led_Display                                       Led.o
Led_Init                                          Led.o
Main                                              Main.o
                                                  s3c2450_startup.o
Pabort_Handler                                    exception.o
RTC_ALARM                                         Main.o
RTC_Init                                          Main.o
RTC_TICK                                          Main.o
RTC_Tick_Init                                     Main.o
ResetHandler                                      s3c2450_startup.o
SWI_Handler                                       exception.o
Sound                                             Main.o
Timer_Delay                                       Timer.o
Timer_Init                                        Timer.o
Uart2_Get_Char                                    Uart.o
Uart2_Init                                        Uart.o
Uart2_Printf                                      Uart.o
Uart2_Send_Byte                                   Uart.o
Uart2_Send_String                                 Uart.o
Uart_Get_Char                                     Uart.o
Uart_Init                                         Uart.o
                                                  Main.o
Uart_Printf                                       Uart.o
                                                  Calendar.o
                                                  exception.o
                                                  Main.o
                                                  Key.o
Uart_Send_Byte                                    Uart.o
Uart_Send_String                                  Uart.o
                                                  Key.o
Undef_Handler                                     exception.o
WT_Delay                                          Main.o
_Balloc                                           /home/kdy560200/arm-2011.03/arm-none-eabi/lib/libc.a(lib_a-mprec.o)
                                                  /home/kdy560200/arm-2011.03/arm-none-eabi/lib/libc.a(lib_a-dtoa.o)
_Bfree                                            /home/kdy560200/arm-2011.03/arm-none-eabi/lib/libc.a(lib_a-mprec.o)
                                                  /home/kdy560200/arm-2011.03/arm-none-eabi/lib/libc.a(lib_a-dtoa.o)
_PathLocale                                       /home/kdy560200/arm-2011.03/arm-none-eabi/lib/libc.a(lib_a-locale.o)
__adddf3                                          /home/kdy560200/arm-2011.03/lib/gcc/arm-none-eabi/4.5.2/libgcc.a(_arm_addsubdf3.o)
__aeabi_cdcmpeq                                   /home/kdy560200/arm-2011.03/lib/gcc/arm-none-eabi/4.5.2/libgcc.a(_arm_cmpdf2.o)
__aeabi_cdcmple                                   /home/kdy560200/arm-2011.03/lib/gcc/arm-none-eabi/4.5.2/libgcc.a(_arm_cmpdf2.o)
__aeabi_cdrcmple                                  /home/kdy560200/arm-2011.03/lib/gcc/arm-none-eabi/4.5.2/libgcc.a(_arm_cmpdf2.o)
__aeabi_d2iz                                      /home/kdy560200/arm-2011.03/lib/gcc/arm-none-eabi/4.5.2/libgcc.a(_arm_fixdfsi.o)
                                                  /home/kdy560200/arm-2011.03/arm-none-eabi/lib/libc.a(lib_a-dtoa.o)
__aeabi_d2uiz                                     /home/kdy560200/arm-2011.03/lib/gcc/arm-none-eabi/4.5.2/libgcc.a(_arm_fixunsdfsi.o)
                                                  Uart.o
                                                  Timer.o
__aeabi_dadd                                      /home/kdy560200/arm-2011.03/lib/gcc/arm-none-eabi/4.5.2/libgcc.a(_arm_addsubdf3.o)
                                                  /home/kdy560200/arm-2011.03/arm-none-eabi/lib/libc.a(lib_a-dtoa.o)
                                                  Uart.o
__aeabi_dcmpeq                                    /home/kdy560200/arm-2011.03/lib/gcc/arm-none-eabi/4.5.2/libgcc.a(_arm_cmpdf2.o)
                                                  /home/kdy560200/arm-2011.03/arm-none-eabi/lib/libc.a(lib_a-dtoa.o)
                                                  /home/kdy560200/arm-2011.03/arm-none-eabi/lib/libc.a(lib_a-svfprintf.o)
__aeabi_dcmpge                                    /home/kdy560200/arm-2011.03/lib/gcc/arm-none-eabi/4.5.2/libgcc.a(_arm_cmpdf2.o)
                                                  /home/kdy560200/arm-2011.03/arm-none-eabi/lib/libc.a(lib_a-dtoa.o)
__aeabi_dcmpgt                                    /home/kdy560200/arm-2011.03/lib/gcc/arm-none-eabi/4.5.2/libgcc.a(_arm_cmpdf2.o)
                                                  /home/kdy560200/arm-2011.03/arm-none-eabi/lib/libc.a(lib_a-dtoa.o)
__aeabi_dcmple                                    /home/kdy560200/arm-2011.03/lib/gcc/arm-none-eabi/4.5.2/libgcc.a(_arm_cmpdf2.o)
__aeabi_dcmplt                                    /home/kdy560200/arm-2011.03/lib/gcc/arm-none-eabi/4.5.2/libgcc.a(_arm_cmpdf2.o)
                                                  /home/kdy560200/arm-2011.03/arm-none-eabi/lib/libc.a(lib_a-dtoa.o)
                                                  /home/kdy560200/arm-2011.03/arm-none-eabi/lib/libc.a(lib_a-svfprintf.o)
__aeabi_ddiv                                      /home/kdy560200/arm-2011.03/lib/gcc/arm-none-eabi/4.5.2/libgcc.a(_arm_muldivdf3.o)
                                                  /home/kdy560200/arm-2011.03/arm-none-eabi/lib/libc.a(lib_a-mprec.o)
                                                  /home/kdy560200/arm-2011.03/arm-none-eabi/lib/libc.a(lib_a-dtoa.o)
                                                  Uart.o
__aeabi_dmul                                      /home/kdy560200/arm-2011.03/lib/gcc/arm-none-eabi/4.5.2/libgcc.a(_arm_muldivdf3.o)
                                                  /home/kdy560200/arm-2011.03/arm-none-eabi/lib/libc.a(lib_a-mprec.o)
                                                  /home/kdy560200/arm-2011.03/arm-none-eabi/lib/libc.a(lib_a-dtoa.o)
                                                  Timer.o
__aeabi_drsub                                     /home/kdy560200/arm-2011.03/lib/gcc/arm-none-eabi/4.5.2/libgcc.a(_arm_addsubdf3.o)
__aeabi_dsub                                      /home/kdy560200/arm-2011.03/lib/gcc/arm-none-eabi/4.5.2/libgcc.a(_arm_addsubdf3.o)
                                                  /home/kdy560200/arm-2011.03/arm-none-eabi/lib/libc.a(lib_a-dtoa.o)
__aeabi_f2d                                       /home/kdy560200/arm-2011.03/lib/gcc/arm-none-eabi/4.5.2/libgcc.a(_arm_addsubdf3.o)
__aeabi_i2d                                       /home/kdy560200/arm-2011.03/lib/gcc/arm-none-eabi/4.5.2/libgcc.a(_arm_addsubdf3.o)
                                                  /home/kdy560200/arm-2011.03/arm-none-eabi/lib/libc.a(lib_a-dtoa.o)
                                                  Uart.o
                                                  Timer.o
__aeabi_idiv                                      /home/kdy560200/arm-2011.03/lib/gcc/arm-none-eabi/4.5.2/libgcc.a(_divsi3.o)
                                                  Main.o
__aeabi_idiv0                                     /home/kdy560200/arm-2011.03/lib/gcc/arm-none-eabi/4.5.2/libgcc.a(_dvmd_tls.o)
                                                  /home/kdy560200/arm-2011.03/lib/gcc/arm-none-eabi/4.5.2/libgcc.a(_divsi3.o)
                                                  /home/kdy560200/arm-2011.03/lib/gcc/arm-none-eabi/4.5.2/libgcc.a(_udivsi3.o)
__aeabi_idivmod                                   /home/kdy560200/arm-2011.03/lib/gcc/arm-none-eabi/4.5.2/libgcc.a(_divsi3.o)
__aeabi_l2d                                       /home/kdy560200/arm-2011.03/lib/gcc/arm-none-eabi/4.5.2/libgcc.a(_arm_addsubdf3.o)
__aeabi_ldiv0                                     /home/kdy560200/arm-2011.03/lib/gcc/arm-none-eabi/4.5.2/libgcc.a(_dvmd_tls.o)
                                                  /home/kdy560200/arm-2011.03/lib/gcc/arm-none-eabi/4.5.2/libgcc.a(_aeabi_uldivmod.o)
__aeabi_ui2d                                      /home/kdy560200/arm-2011.03/lib/gcc/arm-none-eabi/4.5.2/libgcc.a(_arm_addsubdf3.o)
                                                  /home/kdy560200/arm-2011.03/arm-none-eabi/lib/libc.a(lib_a-dtoa.o)
__aeabi_uidiv                                     /home/kdy560200/arm-2011.03/lib/gcc/arm-none-eabi/4.5.2/libgcc.a(_udivsi3.o)
                                                  /home/kdy560200/arm-2011.03/lib/gcc/arm-none-eabi/4.5.2/libgcc.a(_udivdi3.o)
                                                  /home/kdy560200/arm-2011.03/lib/gcc/arm-none-eabi/4.5.2/libgcc.a(_divdi3.o)
                                                  /home/kdy560200/arm-2011.03/arm-none-eabi/lib/libc.a(lib_a-dtoa.o)
                                                  Lcd_480x272.o
__aeabi_uidivmod                                  /home/kdy560200/arm-2011.03/lib/gcc/arm-none-eabi/4.5.2/libgcc.a(_udivsi3.o)
                                                  /home/kdy560200/arm-2011.03/lib/gcc/arm-none-eabi/4.5.2/libgcc.a(_udivdi3.o)
                                                  /home/kdy560200/arm-2011.03/lib/gcc/arm-none-eabi/4.5.2/libgcc.a(_divdi3.o)
__aeabi_ul2d                                      /home/kdy560200/arm-2011.03/lib/gcc/arm-none-eabi/4.5.2/libgcc.a(_arm_addsubdf3.o)
__aeabi_uldivmod                                  /home/kdy560200/arm-2011.03/lib/gcc/arm-none-eabi/4.5.2/libgcc.a(_aeabi_uldivmod.o)
                                                  /home/kdy560200/arm-2011.03/arm-none-eabi/lib/libc.a(lib_a-svfiprintf.o)
                                                  /home/kdy560200/arm-2011.03/arm-none-eabi/lib/libc.a(lib_a-svfprintf.o)
__any_on                                          /home/kdy560200/arm-2011.03/arm-none-eabi/lib/libc.a(lib_a-mprec.o)
__b2d                                             /home/kdy560200/arm-2011.03/arm-none-eabi/lib/libc.a(lib_a-mprec.o)
__clzsi2                                          /home/kdy560200/arm-2011.03/lib/gcc/arm-none-eabi/4.5.2/libgcc.a(_clzsi2.o)
                                                  /home/kdy560200/arm-2011.03/lib/gcc/arm-none-eabi/4.5.2/libgcc.a(_udivdi3.o)
                                                  /home/kdy560200/arm-2011.03/lib/gcc/arm-none-eabi/4.5.2/libgcc.a(_divdi3.o)
__cmpdf2                                          /home/kdy560200/arm-2011.03/lib/gcc/arm-none-eabi/4.5.2/libgcc.a(_arm_cmpdf2.o)
__copybits                                        /home/kdy560200/arm-2011.03/arm-none-eabi/lib/libc.a(lib_a-mprec.o)
__d2b                                             /home/kdy560200/arm-2011.03/arm-none-eabi/lib/libc.a(lib_a-mprec.o)
                                                  /home/kdy560200/arm-2011.03/arm-none-eabi/lib/libc.a(lib_a-dtoa.o)
__divdf3                                          /home/kdy560200/arm-2011.03/lib/gcc/arm-none-eabi/4.5.2/libgcc.a(_arm_muldivdf3.o)
__divdi3                                          /home/kdy560200/arm-2011.03/lib/gcc/arm-none-eabi/4.5.2/libgcc.a(_divdi3.o)
                                                  /home/kdy560200/arm-2011.03/lib/gcc/arm-none-eabi/4.5.2/libgcc.a(bpabi.o)
__divsi3                                          /home/kdy560200/arm-2011.03/lib/gcc/arm-none-eabi/4.5.2/libgcc.a(_divsi3.o)
__eqdf2                                           /home/kdy560200/arm-2011.03/lib/gcc/arm-none-eabi/4.5.2/libgcc.a(_arm_cmpdf2.o)
__extendsfdf2                                     /home/kdy560200/arm-2011.03/lib/gcc/arm-none-eabi/4.5.2/libgcc.a(_arm_addsubdf3.o)
__fixdfsi                                         /home/kdy560200/arm-2011.03/lib/gcc/arm-none-eabi/4.5.2/libgcc.a(_arm_fixdfsi.o)
__fixunsdfsi                                      /home/kdy560200/arm-2011.03/lib/gcc/arm-none-eabi/4.5.2/libgcc.a(_arm_fixunsdfsi.o)
__floatdidf                                       /home/kdy560200/arm-2011.03/lib/gcc/arm-none-eabi/4.5.2/libgcc.a(_arm_addsubdf3.o)
__floatsidf                                       /home/kdy560200/arm-2011.03/lib/gcc/arm-none-eabi/4.5.2/libgcc.a(_arm_addsubdf3.o)
__floatundidf                                     /home/kdy560200/arm-2011.03/lib/gcc/arm-none-eabi/4.5.2/libgcc.a(_arm_addsubdf3.o)
__floatunsidf                                     /home/kdy560200/arm-2011.03/lib/gcc/arm-none-eabi/4.5.2/libgcc.a(_arm_addsubdf3.o)
__fpclassifyd                                     /home/kdy560200/arm-2011.03/arm-none-eabi/lib/libc.a(lib_a-s_fpclassify.o)
                                                  /home/kdy560200/arm-2011.03/arm-none-eabi/lib/libc.a(lib_a-svfprintf.o)
__gedf2                                           /home/kdy560200/arm-2011.03/lib/gcc/arm-none-eabi/4.5.2/libgcc.a(_arm_cmpdf2.o)
__gnu_ldivmod_helper                              /home/kdy560200/arm-2011.03/lib/gcc/arm-none-eabi/4.5.2/libgcc.a(bpabi.o)
__gnu_uldivmod_helper                             /home/kdy560200/arm-2011.03/lib/gcc/arm-none-eabi/4.5.2/libgcc.a(bpabi.o)
                                                  /home/kdy560200/arm-2011.03/lib/gcc/arm-none-eabi/4.5.2/libgcc.a(_aeabi_uldivmod.o)
__gtdf2                                           /home/kdy560200/arm-2011.03/lib/gcc/arm-none-eabi/4.5.2/libgcc.a(_arm_cmpdf2.o)
__hi0bits                                         /home/kdy560200/arm-2011.03/arm-none-eabi/lib/libc.a(lib_a-mprec.o)
                                                  /home/kdy560200/arm-2011.03/arm-none-eabi/lib/libc.a(lib_a-dtoa.o)
__i2b                                             /home/kdy560200/arm-2011.03/arm-none-eabi/lib/libc.a(lib_a-mprec.o)
                                                  /home/kdy560200/arm-2011.03/arm-none-eabi/lib/libc.a(lib_a-dtoa.o)
__ledf2                                           /home/kdy560200/arm-2011.03/lib/gcc/arm-none-eabi/4.5.2/libgcc.a(_arm_cmpdf2.o)
__lo0bits                                         /home/kdy560200/arm-2011.03/arm-none-eabi/lib/libc.a(lib_a-mprec.o)
__locale_charset                                  /home/kdy560200/arm-2011.03/arm-none-eabi/lib/libc.a(lib_a-locale.o)
__locale_cjk_lang                                 /home/kdy560200/arm-2011.03/arm-none-eabi/lib/libc.a(lib_a-locale.o)
__locale_mb_cur_max                               /home/kdy560200/arm-2011.03/arm-none-eabi/lib/libc.a(lib_a-locale.o)
__locale_msgcharset                               /home/kdy560200/arm-2011.03/arm-none-eabi/lib/libc.a(lib_a-locale.o)
__lshift                                          /home/kdy560200/arm-2011.03/arm-none-eabi/lib/libc.a(lib_a-mprec.o)
                                                  /home/kdy560200/arm-2011.03/arm-none-eabi/lib/libc.a(lib_a-dtoa.o)
__ltdf2                                           /home/kdy560200/arm-2011.03/lib/gcc/arm-none-eabi/4.5.2/libgcc.a(_arm_cmpdf2.o)
__malloc_av_                                      /home/kdy560200/arm-2011.03/arm-none-eabi/lib/libc.a(lib_a-mallocr.o)
                                                  /home/kdy560200/arm-2011.03/arm-none-eabi/lib/libc.a(lib_a-reallocr.o)
                                                  /home/kdy560200/arm-2011.03/arm-none-eabi/lib/libc.a(lib_a-freer.o)
__malloc_current_mallinfo                         /home/kdy560200/arm-2011.03/arm-none-eabi/lib/libc.a(lib_a-mallocr.o)
                                                  /home/kdy560200/arm-2011.03/arm-none-eabi/lib/libc.a(lib_a-freer.o)
__malloc_lock                                     /home/kdy560200/arm-2011.03/arm-none-eabi/lib/libc.a(lib_a-mlock.o)
                                                  /home/kdy560200/arm-2011.03/arm-none-eabi/lib/libc.a(lib_a-reallocr.o)
                                                  /home/kdy560200/arm-2011.03/arm-none-eabi/lib/libc.a(lib_a-freer.o)
                                                  /home/kdy560200/arm-2011.03/arm-none-eabi/lib/libc.a(lib_a-mallocr.o)
__malloc_max_sbrked_mem                           /home/kdy560200/arm-2011.03/arm-none-eabi/lib/libc.a(lib_a-mallocr.o)
__malloc_max_total_mem                            /home/kdy560200/arm-2011.03/arm-none-eabi/lib/libc.a(lib_a-mallocr.o)
__malloc_sbrk_base                                /home/kdy560200/arm-2011.03/arm-none-eabi/lib/libc.a(lib_a-mallocr.o)
                                                  /home/kdy560200/arm-2011.03/arm-none-eabi/lib/libc.a(lib_a-freer.o)
__malloc_top_pad                                  /home/kdy560200/arm-2011.03/arm-none-eabi/lib/libc.a(lib_a-mallocr.o)
                                                  /home/kdy560200/arm-2011.03/arm-none-eabi/lib/libc.a(lib_a-freer.o)
__malloc_trim_threshold                           /home/kdy560200/arm-2011.03/arm-none-eabi/lib/libc.a(lib_a-mallocr.o)
                                                  /home/kdy560200/arm-2011.03/arm-none-eabi/lib/libc.a(lib_a-freer.o)
__malloc_unlock                                   /home/kdy560200/arm-2011.03/arm-none-eabi/lib/libc.a(lib_a-mlock.o)
                                                  /home/kdy560200/arm-2011.03/arm-none-eabi/lib/libc.a(lib_a-reallocr.o)
                                                  /home/kdy560200/arm-2011.03/arm-none-eabi/lib/libc.a(lib_a-freer.o)
                                                  /home/kdy560200/arm-2011.03/arm-none-eabi/lib/libc.a(lib_a-mallocr.o)
__mb_cur_max                                      /home/kdy560200/arm-2011.03/arm-none-eabi/lib/libc.a(lib_a-locale.o)
__mcmp                                            /home/kdy560200/arm-2011.03/arm-none-eabi/lib/libc.a(lib_a-mprec.o)
                                                  /home/kdy560200/arm-2011.03/arm-none-eabi/lib/libc.a(lib_a-dtoa.o)
__mdiff                                           /home/kdy560200/arm-2011.03/arm-none-eabi/lib/libc.a(lib_a-mprec.o)
                                                  /home/kdy560200/arm-2011.03/arm-none-eabi/lib/libc.a(lib_a-dtoa.o)
__mlocale_changed                                 /home/kdy560200/arm-2011.03/arm-none-eabi/lib/libc.a(lib_a-locale.o)
__mprec_bigtens                                   /home/kdy560200/arm-2011.03/arm-none-eabi/lib/libc.a(lib_a-mprec.o)
                                                  /home/kdy560200/arm-2011.03/arm-none-eabi/lib/libc.a(lib_a-dtoa.o)
__mprec_tens                                      /home/kdy560200/arm-2011.03/arm-none-eabi/lib/libc.a(lib_a-mprec.o)
                                                  /home/kdy560200/arm-2011.03/arm-none-eabi/lib/libc.a(lib_a-dtoa.o)
__mprec_tinytens                                  /home/kdy560200/arm-2011.03/arm-none-eabi/lib/libc.a(lib_a-mprec.o)
__muldf3                                          /home/kdy560200/arm-2011.03/lib/gcc/arm-none-eabi/4.5.2/libgcc.a(_arm_muldivdf3.o)
__multadd                                         /home/kdy560200/arm-2011.03/arm-none-eabi/lib/libc.a(lib_a-mprec.o)
                                                  /home/kdy560200/arm-2011.03/arm-none-eabi/lib/libc.a(lib_a-dtoa.o)
__multiply                                        /home/kdy560200/arm-2011.03/arm-none-eabi/lib/libc.a(lib_a-mprec.o)
                                                  /home/kdy560200/arm-2011.03/arm-none-eabi/lib/libc.a(lib_a-dtoa.o)
__nedf2                                           /home/kdy560200/arm-2011.03/lib/gcc/arm-none-eabi/4.5.2/libgcc.a(_arm_cmpdf2.o)
__nlocale_changed                                 /home/kdy560200/arm-2011.03/arm-none-eabi/lib/libc.a(lib_a-locale.o)
__pow5mult                                        /home/kdy560200/arm-2011.03/arm-none-eabi/lib/libc.a(lib_a-mprec.o)
                                                  /home/kdy560200/arm-2011.03/arm-none-eabi/lib/libc.a(lib_a-dtoa.o)
__ratio                                           /home/kdy560200/arm-2011.03/arm-none-eabi/lib/libc.a(lib_a-mprec.o)
__s2b                                             /home/kdy560200/arm-2011.03/arm-none-eabi/lib/libc.a(lib_a-mprec.o)
__ssprint_r                                       /home/kdy560200/arm-2011.03/arm-none-eabi/lib/libc.a(lib_a-svfiprintf.o)
                                                  /home/kdy560200/arm-2011.03/arm-none-eabi/lib/libc.a(lib_a-svfprintf.o)
__subdf3                                          /home/kdy560200/arm-2011.03/lib/gcc/arm-none-eabi/4.5.2/libgcc.a(_arm_addsubdf3.o)
__udivdi3                                         /home/kdy560200/arm-2011.03/lib/gcc/arm-none-eabi/4.5.2/libgcc.a(_udivdi3.o)
                                                  /home/kdy560200/arm-2011.03/lib/gcc/arm-none-eabi/4.5.2/libgcc.a(bpabi.o)
__udivsi3                                         /home/kdy560200/arm-2011.03/lib/gcc/arm-none-eabi/4.5.2/libgcc.a(_udivsi3.o)
__ulp                                             /home/kdy560200/arm-2011.03/arm-none-eabi/lib/libc.a(lib_a-mprec.o)
_calloc_r                                         /home/kdy560200/arm-2011.03/arm-none-eabi/lib/libc.a(lib_a-callocr.o)
                                                  /home/kdy560200/arm-2011.03/arm-none-eabi/lib/libc.a(lib_a-mprec.o)
_dtoa_r                                           /home/kdy560200/arm-2011.03/arm-none-eabi/lib/libc.a(lib_a-dtoa.o)
                                                  /home/kdy560200/arm-2011.03/arm-none-eabi/lib/libc.a(lib_a-svfprintf.o)
_free_r                                           /home/kdy560200/arm-2011.03/arm-none-eabi/lib/libc.a(lib_a-freer.o)
                                                  /home/kdy560200/arm-2011.03/arm-none-eabi/lib/libc.a(lib_a-reent.o)
                                                  /home/kdy560200/arm-2011.03/arm-none-eabi/lib/libc.a(lib_a-reallocr.o)
                                                  /home/kdy560200/arm-2011.03/arm-none-eabi/lib/libc.a(lib_a-svfiprintf.o)
                                                  /home/kdy560200/arm-2011.03/arm-none-eabi/lib/libc.a(lib_a-mallocr.o)
_global_impure_ptr                                /home/kdy560200/arm-2011.03/arm-none-eabi/lib/libc.a(lib_a-impure.o)
_impure_ptr                                       /home/kdy560200/arm-2011.03/arm-none-eabi/lib/libc.a(lib_a-impure.o)
                                                  /home/kdy560200/arm-2011.03/arm-none-eabi/lib/libc.a(lib_a-reent.o)
                                                  /home/kdy560200/arm-2011.03/arm-none-eabi/lib/libc.a(lib_a-locale.o)
                                                  /home/kdy560200/arm-2011.03/arm-none-eabi/lib/libc.a(lib_a-vsprintf.o)
_localeconv_r                                     /home/kdy560200/arm-2011.03/arm-none-eabi/lib/libc.a(lib_a-locale.o)
                                                  /home/kdy560200/arm-2011.03/arm-none-eabi/lib/libc.a(lib_a-svfprintf.o)
_malloc_r                                         /home/kdy560200/arm-2011.03/arm-none-eabi/lib/libc.a(lib_a-mallocr.o)
                                                  /home/kdy560200/arm-2011.03/arm-none-eabi/lib/libc.a(lib_a-reallocr.o)
                                                  /home/kdy560200/arm-2011.03/arm-none-eabi/lib/libc.a(lib_a-callocr.o)
                                                  /home/kdy560200/arm-2011.03/arm-none-eabi/lib/libc.a(lib_a-svfiprintf.o)
                                                  /home/kdy560200/arm-2011.03/arm-none-eabi/lib/libc.a(lib_a-svfprintf.o)
_malloc_trim_r                                    /home/kdy560200/arm-2011.03/arm-none-eabi/lib/libc.a(lib_a-freer.o)
_mprec_log10                                      /home/kdy560200/arm-2011.03/arm-none-eabi/lib/libc.a(lib_a-mprec.o)
_realloc_r                                        /home/kdy560200/arm-2011.03/arm-none-eabi/lib/libc.a(lib_a-reallocr.o)
                                                  /home/kdy560200/arm-2011.03/arm-none-eabi/lib/libc.a(lib_a-svfiprintf.o)
_reclaim_reent                                    /home/kdy560200/arm-2011.03/arm-none-eabi/lib/libc.a(lib_a-reent.o)
_sbrk                                             s3c2450_startup.o
                                                  /home/kdy560200/arm-2011.03/arm-none-eabi/lib/libc.a(lib_a-sbrkr.o)
_sbrk_r                                           /home/kdy560200/arm-2011.03/arm-none-eabi/lib/libc.a(lib_a-sbrkr.o)
                                                  /home/kdy560200/arm-2011.03/arm-none-eabi/lib/libc.a(lib_a-freer.o)
                                                  /home/kdy560200/arm-2011.03/arm-none-eabi/lib/libc.a(lib_a-mallocr.o)
_setlocale_r                                      /home/kdy560200/arm-2011.03/arm-none-eabi/lib/libc.a(lib_a-locale.o)
_start                                            s3c2450_startup.o
_svfiprintf_r                                     /home/kdy560200/arm-2011.03/arm-none-eabi/lib/libc.a(lib_a-svfiprintf.o)
_svfprintf_r                                      /home/kdy560200/arm-2011.03/arm-none-eabi/lib/libc.a(lib_a-svfprintf.o)
                                                  /home/kdy560200/arm-2011.03/arm-none-eabi/lib/libc.a(lib_a-vsprintf.o)
_vsprintf_r                                       /home/kdy560200/arm-2011.03/arm-none-eabi/lib/libc.a(lib_a-vsprintf.o)
_wrapup_reent                                     /home/kdy560200/arm-2011.03/arm-none-eabi/lib/libc.a(lib_a-reent.o)
bss_end_addr                                      s3c2450_startup.o
bss_start_addr                                    s3c2450_startup.o
cleanup_glue                                      /home/kdy560200/arm-2011.03/arm-none-eabi/lib/libc.a(lib_a-reent.o)
data_end_addr                                     s3c2450_startup.o
data_start_addr                                   s3c2450_startup.o
date                                              Main.o
delay_ms                                          Main.o
delay_us                                          Main.o
disp_calendar                                     Calendar.o
eng8x16                                           Lcd_480x272.o
errno                                             /home/kdy560200/arm-2011.03/arm-none-eabi/lib/libc.a(lib_a-reent.o)
                                                  /home/kdy560200/arm-2011.03/arm-none-eabi/lib/libc.a(lib_a-sbrkr.o)
get_days                                          Calendar.o
get_weekday                                       Calendar.o
                                                  Main.o
gpio_init                                         Main.o
han16x16                                          Lcd_480x272.o
hour                                              Main.o
leap_check                                        Calendar.o
localeconv                                        /home/kdy560200/arm-2011.03/arm-none-eabi/lib/libc.a(lib_a-locale.o)
mdays                                             Calendar.o
memchr                                            /home/kdy560200/arm-2011.03/arm-none-eabi/lib/libc.a(lib_a-memchr.o)
                                                  /home/kdy560200/arm-2011.03/arm-none-eabi/lib/libc.a(lib_a-svfiprintf.o)
                                                  /home/kdy560200/arm-2011.03/arm-none-eabi/lib/libc.a(lib_a-svfprintf.o)
memcpy                                            /home/kdy560200/arm-2011.03/arm-none-eabi/lib/libc.a(lib_a-memcpy.o)
                                                  /home/kdy560200/arm-2011.03/arm-none-eabi/lib/libc.a(lib_a-svfiprintf.o)
                                                  /home/kdy560200/arm-2011.03/arm-none-eabi/lib/libc.a(lib_a-mprec.o)
                                                  /home/kdy560200/arm-2011.03/arm-none-eabi/lib/libc.a(lib_a-dtoa.o)
memmove                                           /home/kdy560200/arm-2011.03/arm-none-eabi/lib/libc.a(lib_a-memmove.o)
                                                  /home/kdy560200/arm-2011.03/arm-none-eabi/lib/libc.a(lib_a-reallocr.o)
                                                  /home/kdy560200/arm-2011.03/arm-none-eabi/lib/libc.a(lib_a-svfiprintf.o)
memset                                            /home/kdy560200/arm-2011.03/arm-none-eabi/lib/libc.a(lib_a-memset.o)
                                                  /home/kdy560200/arm-2011.03/arm-none-eabi/lib/libc.a(lib_a-callocr.o)
minute                                            Main.o
month                                             Main.o
rodata_end_addr                                   s3c2450_startup.o
second                                            Main.o
setlocale                                         /home/kdy560200/arm-2011.03/arm-none-eabi/lib/libc.a(lib_a-locale.o)
strcmp                                            /home/kdy560200/arm-2011.03/arm-none-eabi/lib/libc.a(lib_a-strcmp.o)
                                                  /home/kdy560200/arm-2011.03/arm-none-eabi/lib/libc.a(lib_a-locale.o)
strlen                                            /home/kdy560200/arm-2011.03/arm-none-eabi/lib/libc.a(lib_a-strlen.o)
                                                  /home/kdy560200/arm-2011.03/arm-none-eabi/lib/libc.a(lib_a-svfiprintf.o)
                                                  /home/kdy560200/arm-2011.03/arm-none-eabi/lib/libc.a(lib_a-svfprintf.o)
timer0_init                                       Main.o
vsprintf                                          /home/kdy560200/arm-2011.03/arm-none-eabi/lib/libc.a(lib_a-vsprintf.o)
                                                  Lcd_480x272.o
                                                  Uart.o
wdays                                             Calendar.o
                                                  Main.o
year                                              Main.o
