Archive member included because of file (symbol)

/home/kdy560200/arm-2011.03/arm-none-eabi/lib/libc.a(lib_a-vsprintf.o)
                              Uart.o (vsprintf)
/home/kdy560200/arm-2011.03/arm-none-eabi/lib/libc.a(lib_a-impure.o)
                              /home/kdy560200/arm-2011.03/arm-none-eabi/lib/libc.a(lib_a-vsprintf.o) (_impure_ptr)
/home/kdy560200/arm-2011.03/arm-none-eabi/lib/libc.a(lib_a-svfprintf.o)
                              /home/kdy560200/arm-2011.03/arm-none-eabi/lib/libc.a(lib_a-vsprintf.o) (_svfprintf_r)
/home/kdy560200/arm-2011.03/arm-none-eabi/lib/libc.a(lib_a-dtoa.o)
                              /home/kdy560200/arm-2011.03/arm-none-eabi/lib/libc.a(lib_a-svfprintf.o) (_dtoa_r)
/home/kdy560200/arm-2011.03/arm-none-eabi/lib/libc.a(lib_a-locale.o)
                              /home/kdy560200/arm-2011.03/arm-none-eabi/lib/libc.a(lib_a-svfprintf.o) (_localeconv_r)
/home/kdy560200/arm-2011.03/arm-none-eabi/lib/libc.a(lib_a-mallocr.o)
                              /home/kdy560200/arm-2011.03/arm-none-eabi/lib/libc.a(lib_a-svfprintf.o) (_malloc_r)
/home/kdy560200/arm-2011.03/arm-none-eabi/lib/libc.a(lib_a-memchr.o)
                              /home/kdy560200/arm-2011.03/arm-none-eabi/lib/libc.a(lib_a-svfprintf.o) (memchr)
/home/kdy560200/arm-2011.03/arm-none-eabi/lib/libc.a(lib_a-memcpy.o)
                              /home/kdy560200/arm-2011.03/arm-none-eabi/lib/libc.a(lib_a-dtoa.o) (memcpy)
/home/kdy560200/arm-2011.03/arm-none-eabi/lib/libc.a(lib_a-mlock.o)
                              /home/kdy560200/arm-2011.03/arm-none-eabi/lib/libc.a(lib_a-mallocr.o) (__malloc_lock)
/home/kdy560200/arm-2011.03/arm-none-eabi/lib/libc.a(lib_a-mprec.o)
                              /home/kdy560200/arm-2011.03/arm-none-eabi/lib/libc.a(lib_a-dtoa.o) (_Balloc)
/home/kdy560200/arm-2011.03/arm-none-eabi/lib/libc.a(lib_a-s_fpclassify.o)
                              /home/kdy560200/arm-2011.03/arm-none-eabi/lib/libc.a(lib_a-svfprintf.o) (__fpclassifyd)
/home/kdy560200/arm-2011.03/arm-none-eabi/lib/libc.a(lib_a-sbrkr.o)
                              /home/kdy560200/arm-2011.03/arm-none-eabi/lib/libc.a(lib_a-mallocr.o) (_sbrk_r)
/home/kdy560200/arm-2011.03/arm-none-eabi/lib/libc.a(lib_a-strcmp.o)
                              /home/kdy560200/arm-2011.03/arm-none-eabi/lib/libc.a(lib_a-locale.o) (strcmp)
/home/kdy560200/arm-2011.03/arm-none-eabi/lib/libc.a(lib_a-strlen.o)
                              /home/kdy560200/arm-2011.03/arm-none-eabi/lib/libc.a(lib_a-svfprintf.o) (strlen)
/home/kdy560200/arm-2011.03/arm-none-eabi/lib/libc.a(lib_a-svfiprintf.o)
                              /home/kdy560200/arm-2011.03/arm-none-eabi/lib/libc.a(lib_a-svfprintf.o) (__ssprint_r)
/home/kdy560200/arm-2011.03/arm-none-eabi/lib/libc.a(lib_a-callocr.o)
                              /home/kdy560200/arm-2011.03/arm-none-eabi/lib/libc.a(lib_a-mprec.o) (_calloc_r)
/home/kdy560200/arm-2011.03/arm-none-eabi/lib/libc.a(lib_a-freer.o)
                              /home/kdy560200/arm-2011.03/arm-none-eabi/lib/libc.a(lib_a-mallocr.o) (_free_r)
/home/kdy560200/arm-2011.03/arm-none-eabi/lib/libc.a(lib_a-memmove.o)
                              /home/kdy560200/arm-2011.03/arm-none-eabi/lib/libc.a(lib_a-svfiprintf.o) (memmove)
/home/kdy560200/arm-2011.03/arm-none-eabi/lib/libc.a(lib_a-memset.o)
                              /home/kdy560200/arm-2011.03/arm-none-eabi/lib/libc.a(lib_a-callocr.o) (memset)
/home/kdy560200/arm-2011.03/arm-none-eabi/lib/libc.a(lib_a-reallocr.o)
                              /home/kdy560200/arm-2011.03/arm-none-eabi/lib/libc.a(lib_a-svfiprintf.o) (_realloc_r)
/home/kdy560200/arm-2011.03/arm-none-eabi/lib/libc.a(lib_a-reent.o)
                              /home/kdy560200/arm-2011.03/arm-none-eabi/lib/libc.a(lib_a-sbrkr.o) (errno)
/home/kdy560200/arm-2011.03/lib/gcc/arm-none-eabi/4.5.2/libgcc.a(_udivsi3.o)
                              Lcd_480x272.o (__aeabi_uidiv)
/home/kdy560200/arm-2011.03/lib/gcc/arm-none-eabi/4.5.2/libgcc.a(_divsi3.o)
                              Main.o (__aeabi_idiv)
/home/kdy560200/arm-2011.03/lib/gcc/arm-none-eabi/4.5.2/libgcc.a(_dvmd_tls.o)
                              /home/kdy560200/arm-2011.03/lib/gcc/arm-none-eabi/4.5.2/libgcc.a(_udivsi3.o) (__aeabi_idiv0)
/home/kdy560200/arm-2011.03/lib/gcc/arm-none-eabi/4.5.2/libgcc.a(_arm_addsubdf3.o)
                              /home/kdy560200/arm-2011.03/arm-none-eabi/lib/libc.a(lib_a-dtoa.o) (__aeabi_dsub)
/home/kdy560200/arm-2011.03/lib/gcc/arm-none-eabi/4.5.2/libgcc.a(_arm_muldivdf3.o)
                              Timer.o (__aeabi_dmul)
/home/kdy560200/arm-2011.03/lib/gcc/arm-none-eabi/4.5.2/libgcc.a(_arm_cmpdf2.o)
                              /home/kdy560200/arm-2011.03/arm-none-eabi/lib/libc.a(lib_a-svfprintf.o) (__aeabi_dcmpeq)
/home/kdy560200/arm-2011.03/lib/gcc/arm-none-eabi/4.5.2/libgcc.a(_arm_fixdfsi.o)
                              /home/kdy560200/arm-2011.03/arm-none-eabi/lib/libc.a(lib_a-dtoa.o) (__aeabi_d2iz)
/home/kdy560200/arm-2011.03/lib/gcc/arm-none-eabi/4.5.2/libgcc.a(_arm_fixunsdfsi.o)
                              Timer.o (__aeabi_d2uiz)
/home/kdy560200/arm-2011.03/lib/gcc/arm-none-eabi/4.5.2/libgcc.a(_aeabi_uldivmod.o)
                              /home/kdy560200/arm-2011.03/arm-none-eabi/lib/libc.a(lib_a-svfprintf.o) (__aeabi_uldivmod)
/home/kdy560200/arm-2011.03/lib/gcc/arm-none-eabi/4.5.2/libgcc.a(bpabi.o)
                              /home/kdy560200/arm-2011.03/lib/gcc/arm-none-eabi/4.5.2/libgcc.a(_aeabi_uldivmod.o) (__gnu_uldivmod_helper)
/home/kdy560200/arm-2011.03/lib/gcc/arm-none-eabi/4.5.2/libgcc.a(_divdi3.o)
                              /home/kdy560200/arm-2011.03/lib/gcc/arm-none-eabi/4.5.2/libgcc.a(bpabi.o) (__divdi3)
/home/kdy560200/arm-2011.03/lib/gcc/arm-none-eabi/4.5.2/libgcc.a(_udivdi3.o)
                              /home/kdy560200/arm-2011.03/lib/gcc/arm-none-eabi/4.5.2/libgcc.a(bpabi.o) (__udivdi3)
/home/kdy560200/arm-2011.03/lib/gcc/arm-none-eabi/4.5.2/libgcc.a(_clzsi2.o)
                              /home/kdy560200/arm-2011.03/lib/gcc/arm-none-eabi/4.5.2/libgcc.a(_divdi3.o) (__clzsi2)

Allocating common symbols
Common symbol       size              file

errno               0x4               /home/kdy560200/arm-2011.03/arm-none-eabi/lib/libc.a(lib_a-reent.o)

Memory Configuration

Name             Origin             Length             Attributes
CODE             0x30000000         0x04000000         rw
_ISR_START       0x33ffff00         0x00000100         rw
*default*        0x00000000         0xffffffff

Linker script and memory map


.text           0x30000000     0xd444
 *s3c2450_startup.o(.text)
 .text          0x30000000      0x300 s3c2450_startup.o
                0x30000000                _start
                0x300000b0                ResetHandler
                0x300001a8                IsrIRQ
                0x30000254                _sbrk
 *(.text)
 .text          0x30000300      0x2c4 Key.o
                0x30000300                Key_Port_Init
                0x300003cc                Key_Get_Pressed
                0x30000554                Key_Wait_Get_Pressed
                0x3000058c                Key_Wait_Get_Released
 .text          0x300005c4      0x120 Led.o
                0x300005c4                Led_Init
                0x30000620                Led_Display
 *fill*         0x300006e4        0x4 00
 .text          0x300006e8      0x130 Timer.o
                0x300006e8                Timer_Init
                0x3000074c                Timer_Delay
 .text          0x30000818     0x136c Main.o
                0x30000818                RTC_Clear
                0x30000840                Set_ALM_Time
                0x300008bc                Set_ALM_Hour
                0x30000968                Set_ALM_Minute
                0x30000a14                Set_ALM_Second
                0x30000ac0                Set_BCD_Time
                0x30000b7c                Set_BCD_Year
                0x30000c6c                Set_BCD_Month
                0x30000d18                Set_BCD_Date
                0x30000dc4                Set_BCD_Hour
                0x30000e70                Set_BCD_Minute
                0x30000f1c                Set_BCD_Second
                0x30000fc8                gpio_init
                0x30001088                EXTI_Init
                0x30001140                RTC_Init
                0x30001294                RTC_Tick_Init
                0x3000130c                ALARM_Init
                0x30001394                ALARM_Int_Init
                0x3000140c                timer0_init
                0x3000149c                Timer2_Init
                0x300014b4                delay_us
                0x30001550                delay_ms
                0x30001594                WT_Delay
                0x30001620                Sound
                0x300016f4                Main
                0x30001758                RTC_TICK
                0x30001a38                RTC_ALARM
                0x30001b10                EINT8_23_Handler
 *fill*         0x30001b84        0x4 00
 .text          0x30001b88      0x498 Uart.o
                0x30001b88                Uart_Init
                0x30001c44                Uart2_Init
                0x30001d54                Uart_Printf
                0x30001d9c                Uart2_Printf
                0x30001de4                Uart_Send_String
                0x30001e34                Uart2_Send_String
                0x30001e84                Uart_Send_Byte
                0x30001f08                Uart2_Send_Byte
                0x30001f8c                Uart_Get_Char
                0x30001fd4                Uart2_Get_Char
 .text          0x30002020      0x184 exception.o
                0x30002020                SWI_Handler
                0x3000203c                Undef_Handler
                0x30002058                Pabort_Handler
                0x30002094                Dabort_Handler
                0x300020d0                Exception_Init
 .text          0x300021a4     0x2324 Lcd_480x272.o
                0x300021a4                Lcd_Envid_On_Off
                0x30002208                Lcd_Power_Enable
                0x3000222c                Lcd_Port_Init
                0x30002334                Graphic_Init
                0x30002368                Lcd_Init
                0x3000249c                Lcd_Set_Address
                0x300024fc                Lcd_Wait_Blank
                0x30002514                Lcd_Copy
                0x300025a0                Lcd_Select_Frame_Buffer
                0x300025e0                Lcd_Display_Frame_Buffer
                0x30002618                Lcd_Put_Pixel
                0x30002680                Lcd_Set_Tran_Mode
                0x300026cc                Lcd_Clr_Screen
                0x30002758                Lcd_Line
                0x30002c68                Lcd_Hline
                0x30002d00                Lcd_Vline
                0x30002d98                Lcd_Rectangular
                0x30002e7c                Lcd_Fill_Rectangular
                0x30002f70                Lcd_Han_Putch
                0x30003d90                Lcd_Eng_Putch
                0x30003ff8                Lcd_Puts
                0x3000410c                Lcd_Printf
                0x30004180                Lcd_Get_Info_BMP
                0x300041d8                Lcd_Draw_BMP
 .text          0x300044c8      0x440 Calendar.o
                0x300044c8                leap_check
                0x30004594                get_days
                0x3000460c                get_weekday
                0x30004758                disp_calendar
 .text          0x30004908       0x7c /home/kdy560200/arm-2011.03/arm-none-eabi/lib/libc.a(lib_a-vsprintf.o)
                0x30004908                _vsprintf_r
                0x30004958                vsprintf
 .text          0x30004984        0x0 /home/kdy560200/arm-2011.03/arm-none-eabi/lib/libc.a(lib_a-impure.o)
 .text          0x30004984     0x2138 /home/kdy560200/arm-2011.03/arm-none-eabi/lib/libc.a(lib_a-svfprintf.o)
                0x30004984                _svfprintf_r
 *fill*         0x30006abc        0x4 00
 .text          0x30006ac0     0x17d0 /home/kdy560200/arm-2011.03/arm-none-eabi/lib/libc.a(lib_a-dtoa.o)
                0x30006c90                _dtoa_r
 .text          0x30008290       0xd0 /home/kdy560200/arm-2011.03/arm-none-eabi/lib/libc.a(lib_a-locale.o)
                0x30008290                _setlocale_r
                0x300082fc                __locale_charset
                0x30008308                __locale_mb_cur_max
                0x30008318                __locale_msgcharset
                0x30008324                __locale_cjk_lang
                0x3000832c                _localeconv_r
                0x30008338                setlocale
                0x30008354                localeconv
 .text          0x30008360      0x70c /home/kdy560200/arm-2011.03/arm-none-eabi/lib/libc.a(lib_a-mallocr.o)
                0x30008360                _malloc_r
 .text          0x30008a6c      0x104 /home/kdy560200/arm-2011.03/arm-none-eabi/lib/libc.a(lib_a-memchr.o)
                0x30008a6c                memchr
 .text          0x30008b70      0x1c0 /home/kdy560200/arm-2011.03/arm-none-eabi/lib/libc.a(lib_a-memcpy.o)
                0x30008b70                memcpy
 .text          0x30008d30        0x8 /home/kdy560200/arm-2011.03/arm-none-eabi/lib/libc.a(lib_a-mlock.o)
                0x30008d30                __malloc_lock
                0x30008d34                __malloc_unlock
 .text          0x30008d38      0xcfc /home/kdy560200/arm-2011.03/arm-none-eabi/lib/libc.a(lib_a-mprec.o)
                0x30008d38                _Balloc
                0x30008dc0                _Bfree
                0x30008ddc                __multadd
                0x30008eb8                __s2b
                0x30008fa4                __hi0bits
                0x30008ff4                __lo0bits
                0x30009084                __i2b
                0x300090a8                __multiply
                0x30009290                __pow5mult
                0x30009384                __lshift
                0x30009488                __mcmp
                0x300094e8                __mdiff
                0x30009640                __ulp
                0x300096a0                __b2d
                0x30009764                __d2b
                0x3000986c                __ratio
                0x300098e4                _mprec_log10
                0x30009938                __copybits
                0x300099ac                __any_on
 .text          0x30009a34       0x8c /home/kdy560200/arm-2011.03/arm-none-eabi/lib/libc.a(lib_a-s_fpclassify.o)
                0x30009a34                __fpclassifyd
 .text          0x30009ac0       0x40 /home/kdy560200/arm-2011.03/arm-none-eabi/lib/libc.a(lib_a-sbrkr.o)
                0x30009ac0                _sbrk_r
 .text          0x30009b00      0x230 /home/kdy560200/arm-2011.03/arm-none-eabi/lib/libc.a(lib_a-strcmp.o)
                0x30009b00                strcmp
 .text          0x30009d30       0x60 /home/kdy560200/arm-2011.03/arm-none-eabi/lib/libc.a(lib_a-strlen.o)
                0x30009d30                strlen
 .text          0x30009d90     0x1238 /home/kdy560200/arm-2011.03/arm-none-eabi/lib/libc.a(lib_a-svfiprintf.o)
                0x30009d90                __ssprint_r
                0x30009f2c                _svfiprintf_r
 .text          0x3000afc8       0x9c /home/kdy560200/arm-2011.03/arm-none-eabi/lib/libc.a(lib_a-callocr.o)
                0x3000afc8                _calloc_r
 .text          0x3000b064      0x360 /home/kdy560200/arm-2011.03/arm-none-eabi/lib/libc.a(lib_a-freer.o)
                0x3000b064                _malloc_trim_r
                0x3000b160                _free_r
 .text          0x3000b3c4      0x128 /home/kdy560200/arm-2011.03/arm-none-eabi/lib/libc.a(lib_a-memmove.o)
                0x3000b3c4                memmove
 .text          0x3000b4ec      0x100 /home/kdy560200/arm-2011.03/arm-none-eabi/lib/libc.a(lib_a-memset.o)
                0x3000b4ec                memset
 .text          0x3000b5ec      0x5c0 /home/kdy560200/arm-2011.03/arm-none-eabi/lib/libc.a(lib_a-reallocr.o)
                0x3000b5ec                _realloc_r
 .text          0x3000bbac      0x1ac /home/kdy560200/arm-2011.03/arm-none-eabi/lib/libc.a(lib_a-reent.o)
                0x3000bbac                cleanup_glue
                0x3000bbd8                _reclaim_reent
                0x3000bce0                _wrapup_reent
 .text          0x3000bd58      0x114 /home/kdy560200/arm-2011.03/lib/gcc/arm-none-eabi/4.5.2/libgcc.a(_udivsi3.o)
                0x3000bd58                __udivsi3
                0x3000bd58                __aeabi_uidiv
                0x3000be4c                __aeabi_uidivmod
 .text          0x3000be6c      0x148 /home/kdy560200/arm-2011.03/lib/gcc/arm-none-eabi/4.5.2/libgcc.a(_divsi3.o)
                0x3000be6c                __aeabi_idiv
                0x3000be6c                __divsi3
                0x3000bf94                __aeabi_idivmod
 .text          0x3000bfb4        0x4 /home/kdy560200/arm-2011.03/lib/gcc/arm-none-eabi/4.5.2/libgcc.a(_dvmd_tls.o)
                0x3000bfb4                __aeabi_ldiv0
                0x3000bfb4                __aeabi_idiv0
 .text          0x3000bfb8      0x41c /home/kdy560200/arm-2011.03/lib/gcc/arm-none-eabi/4.5.2/libgcc.a(_arm_addsubdf3.o)
                0x3000bfb8                __aeabi_drsub
                0x3000bfc0                __aeabi_dsub
                0x3000bfc0                __subdf3
                0x3000bfc4                __adddf3
                0x3000bfc4                __aeabi_dadd
                0x3000c2d4                __aeabi_ui2d
                0x3000c2d4                __floatunsidf
                0x3000c2f8                __floatsidf
                0x3000c2f8                __aeabi_i2d
                0x3000c320                __extendsfdf2
                0x3000c320                __aeabi_f2d
                0x3000c360                __aeabi_ul2d
                0x3000c360                __floatundidf
                0x3000c374                __floatdidf
                0x3000c374                __aeabi_l2d
 .text          0x3000c3d4      0x49c /home/kdy560200/arm-2011.03/lib/gcc/arm-none-eabi/4.5.2/libgcc.a(_arm_muldivdf3.o)
                0x3000c3d4                __aeabi_dmul
                0x3000c3d4                __muldf3
                0x3000c664                __aeabi_ddiv
                0x3000c664                __divdf3
 .text          0x3000c870      0x144 /home/kdy560200/arm-2011.03/lib/gcc/arm-none-eabi/4.5.2/libgcc.a(_arm_cmpdf2.o)
                0x3000c870                __gtdf2
                0x3000c870                __gedf2
                0x3000c878                __ltdf2
                0x3000c878                __ledf2
                0x3000c880                __cmpdf2
                0x3000c880                __eqdf2
                0x3000c880                __nedf2
                0x3000c908                __aeabi_cdrcmple
                0x3000c924                __aeabi_cdcmple
                0x3000c924                __aeabi_cdcmpeq
                0x3000c93c                __aeabi_dcmpeq
                0x3000c954                __aeabi_dcmplt
                0x3000c96c                __aeabi_dcmple
                0x3000c984                __aeabi_dcmpge
                0x3000c99c                __aeabi_dcmpgt
 .text          0x3000c9b4       0x5c /home/kdy560200/arm-2011.03/lib/gcc/arm-none-eabi/4.5.2/libgcc.a(_arm_fixdfsi.o)
                0x3000c9b4                __fixdfsi
                0x3000c9b4                __aeabi_d2iz
 .text          0x3000ca10       0x54 /home/kdy560200/arm-2011.03/lib/gcc/arm-none-eabi/4.5.2/libgcc.a(_arm_fixunsdfsi.o)
                0x3000ca10                __fixunsdfsi
                0x3000ca10                __aeabi_d2uiz
 .text          0x3000ca64       0x3c /home/kdy560200/arm-2011.03/lib/gcc/arm-none-eabi/4.5.2/libgcc.a(_aeabi_uldivmod.o)
                0x3000ca64                __aeabi_uldivmod
 .text          0x3000caa0       0x80 /home/kdy560200/arm-2011.03/lib/gcc/arm-none-eabi/4.5.2/libgcc.a(bpabi.o)
                0x3000caa0                __gnu_ldivmod_helper
                0x3000cae0                __gnu_uldivmod_helper
 .text          0x3000cb20      0x4a8 /home/kdy560200/arm-2011.03/lib/gcc/arm-none-eabi/4.5.2/libgcc.a(_divdi3.o)
                0x3000cb20                __divdi3
 .text          0x3000cfc8      0x434 /home/kdy560200/arm-2011.03/lib/gcc/arm-none-eabi/4.5.2/libgcc.a(_udivdi3.o)
                0x3000cfc8                __udivdi3
 .text          0x3000d3fc       0x48 /home/kdy560200/arm-2011.03/lib/gcc/arm-none-eabi/4.5.2/libgcc.a(_clzsi2.o)
                0x3000d3fc                __clzsi2
                0x3000d444                . = ALIGN (0x4)

.glue_7         0x3000d444        0x0
 .glue_7        0x00000000        0x0 linker stubs

.glue_7t        0x3000d444        0x0
 .glue_7t       0x00000000        0x0 linker stubs

.vfp11_veneer   0x3000d444        0x0
 .vfp11_veneer  0x00000000        0x0 linker stubs

.v4_bx          0x3000d444        0x0
 .v4_bx         0x00000000        0x0 linker stubs

.rodata         0x3000d448     0x858c
                0x3000d448                rodata_start_addr = .
 *(.rodata)
 .rodata        0x3000d448       0x2c Key.o
 .rodata        0x3000d474       0x60 Main.o
 .rodata        0x3000d4d4       0x84 exception.o
 .rodata        0x3000d558     0x821c Lcd_480x272.o
                0x3000d558                eng8x16
                0x3000e558                han16x16
                0x3001125c                HanTable
 .rodata        0x30015774       0x90 Calendar.o
 .rodata        0x30015804        0x4 /home/kdy560200/arm-2011.03/arm-none-eabi/lib/libc.a(lib_a-impure.o)
                0x30015804                _global_impure_ptr
 .rodata        0x30015808       0x20 /home/kdy560200/arm-2011.03/arm-none-eabi/lib/libc.a(lib_a-svfprintf.o)
 .rodata        0x30015828      0x128 /home/kdy560200/arm-2011.03/arm-none-eabi/lib/libc.a(lib_a-mprec.o)
                0x30015838                __mprec_tens
                0x30015900                __mprec_bigtens
                0x30015928                __mprec_tinytens
 .rodata        0x30015950       0x20 /home/kdy560200/arm-2011.03/arm-none-eabi/lib/libc.a(lib_a-svfiprintf.o)
 *(.rodata.*)
 .rodata.str1.4
                0x30015970        0x2 /home/kdy560200/arm-2011.03/arm-none-eabi/lib/libc.a(lib_a-impure.o)
                                  0x4 (size before relaxing)
 *fill*         0x30015972        0x2 00
 .rodata.str1.4
                0x30015974       0x42 /home/kdy560200/arm-2011.03/arm-none-eabi/lib/libc.a(lib_a-svfprintf.o)
                                 0x44 (size before relaxing)
 *fill*         0x300159b6        0x2 00
 .rodata.str1.4
                0x300159b8       0x10 /home/kdy560200/arm-2011.03/arm-none-eabi/lib/libc.a(lib_a-dtoa.o)
                                 0x14 (size before relaxing)
 .rodata.str1.4
                0x300159c8        0xc /home/kdy560200/arm-2011.03/arm-none-eabi/lib/libc.a(lib_a-locale.o)
                                 0x14 (size before relaxing)
 .rodata.str1.4
                0x00000000       0x30 /home/kdy560200/arm-2011.03/arm-none-eabi/lib/libc.a(lib_a-svfiprintf.o)
                0x300159d4                . = ALIGN (0x4)
                0x300159d4                rodata_end_addr = .

.ARM.extab      0x300159d4        0x0
 .ARM.extab     0x300159d4        0x0 /home/kdy560200/arm-2011.03/lib/gcc/arm-none-eabi/4.5.2/libgcc.a(_divdi3.o)
 .ARM.extab     0x300159d4        0x0 /home/kdy560200/arm-2011.03/lib/gcc/arm-none-eabi/4.5.2/libgcc.a(_udivdi3.o)

.ARM.exidx      0x300159d4        0x8
 .ARM.exidx     0x300159d4        0x8 /home/kdy560200/arm-2011.03/lib/gcc/arm-none-eabi/4.5.2/libgcc.a(_divdi3.o)
 .ARM.exidx     0x300159dc        0x0 /home/kdy560200/arm-2011.03/lib/gcc/arm-none-eabi/4.5.2/libgcc.a(_udivdi3.o)
                                  0x8 (size before relaxing)

.data           0x300159e0      0x9c0
                0x300159e0                data_start_addr = .
                0x300159e0                __DATA_START__ = .
 *(.data)
 .data          0x300159e0        0x0 s3c2450_startup.o
 .data          0x300159e0        0x0 Key.o
 .data          0x300159e0        0x0 Led.o
 .data          0x300159e0        0x0 Timer.o
 .data          0x300159e0        0x8 Main.o
                0x300159e0                year
                0x300159e2                month
                0x300159e3                date
                0x300159e4                hour
                0x300159e5                minute
                0x300159e6                second
 .data          0x300159e8        0x0 Uart.o
 .data          0x300159e8        0x0 exception.o
 .data          0x300159e8       0xa8 Lcd_480x272.o
 .data          0x30015a90       0x4c Calendar.o
                0x30015a90                mdays
                0x30015ac0                wdays
 .data          0x30015adc        0x0 /home/kdy560200/arm-2011.03/arm-none-eabi/lib/libc.a(lib_a-vsprintf.o)
 *fill*         0x30015adc        0x4 00
 .data          0x30015ae0      0x430 /home/kdy560200/arm-2011.03/arm-none-eabi/lib/libc.a(lib_a-impure.o)
                0x30015ae0                _impure_ptr
 .data          0x30015f10        0x0 /home/kdy560200/arm-2011.03/arm-none-eabi/lib/libc.a(lib_a-svfprintf.o)
 .data          0x30015f10        0x0 /home/kdy560200/arm-2011.03/arm-none-eabi/lib/libc.a(lib_a-dtoa.o)
 .data          0x30015f10       0x7c /home/kdy560200/arm-2011.03/arm-none-eabi/lib/libc.a(lib_a-locale.o)
                0x30015f30                __mb_cur_max
 .data          0x30015f8c      0x410 /home/kdy560200/arm-2011.03/arm-none-eabi/lib/libc.a(lib_a-mallocr.o)
                0x30015f8c                __malloc_av_
                0x30016394                __malloc_sbrk_base
                0x30016398                __malloc_trim_threshold
 .data          0x3001639c        0x0 /home/kdy560200/arm-2011.03/arm-none-eabi/lib/libc.a(lib_a-memchr.o)
 .data          0x3001639c        0x0 /home/kdy560200/arm-2011.03/arm-none-eabi/lib/libc.a(lib_a-memcpy.o)
 .data          0x3001639c        0x0 /home/kdy560200/arm-2011.03/arm-none-eabi/lib/libc.a(lib_a-mlock.o)
 .data          0x3001639c        0x0 /home/kdy560200/arm-2011.03/arm-none-eabi/lib/libc.a(lib_a-mprec.o)
 .data          0x3001639c        0x0 /home/kdy560200/arm-2011.03/arm-none-eabi/lib/libc.a(lib_a-s_fpclassify.o)
 .data          0x3001639c        0x0 /home/kdy560200/arm-2011.03/arm-none-eabi/lib/libc.a(lib_a-sbrkr.o)
 .data          0x3001639c        0x0 /home/kdy560200/arm-2011.03/arm-none-eabi/lib/libc.a(lib_a-strcmp.o)
 .data          0x3001639c        0x0 /home/kdy560200/arm-2011.03/arm-none-eabi/lib/libc.a(lib_a-strlen.o)
 .data          0x3001639c        0x0 /home/kdy560200/arm-2011.03/arm-none-eabi/lib/libc.a(lib_a-svfiprintf.o)
 .data          0x3001639c        0x0 /home/kdy560200/arm-2011.03/arm-none-eabi/lib/libc.a(lib_a-callocr.o)
 .data          0x3001639c        0x0 /home/kdy560200/arm-2011.03/arm-none-eabi/lib/libc.a(lib_a-freer.o)
 .data          0x3001639c        0x0 /home/kdy560200/arm-2011.03/arm-none-eabi/lib/libc.a(lib_a-memmove.o)
 .data          0x3001639c        0x0 /home/kdy560200/arm-2011.03/arm-none-eabi/lib/libc.a(lib_a-memset.o)
 .data          0x3001639c        0x0 /home/kdy560200/arm-2011.03/arm-none-eabi/lib/libc.a(lib_a-reallocr.o)
 .data          0x3001639c        0x0 /home/kdy560200/arm-2011.03/arm-none-eabi/lib/libc.a(lib_a-reent.o)
 .data          0x3001639c        0x0 /home/kdy560200/arm-2011.03/lib/gcc/arm-none-eabi/4.5.2/libgcc.a(_udivsi3.o)
 .data          0x3001639c        0x0 /home/kdy560200/arm-2011.03/lib/gcc/arm-none-eabi/4.5.2/libgcc.a(_divsi3.o)
 .data          0x3001639c        0x0 /home/kdy560200/arm-2011.03/lib/gcc/arm-none-eabi/4.5.2/libgcc.a(_dvmd_tls.o)
 .data          0x3001639c        0x0 /home/kdy560200/arm-2011.03/lib/gcc/arm-none-eabi/4.5.2/libgcc.a(_arm_addsubdf3.o)
 .data          0x3001639c        0x0 /home/kdy560200/arm-2011.03/lib/gcc/arm-none-eabi/4.5.2/libgcc.a(_arm_muldivdf3.o)
 .data          0x3001639c        0x0 /home/kdy560200/arm-2011.03/lib/gcc/arm-none-eabi/4.5.2/libgcc.a(_arm_cmpdf2.o)
 .data          0x3001639c        0x0 /home/kdy560200/arm-2011.03/lib/gcc/arm-none-eabi/4.5.2/libgcc.a(_arm_fixdfsi.o)
 .data          0x3001639c        0x0 /home/kdy560200/arm-2011.03/lib/gcc/arm-none-eabi/4.5.2/libgcc.a(_arm_fixunsdfsi.o)
 .data          0x3001639c        0x0 /home/kdy560200/arm-2011.03/lib/gcc/arm-none-eabi/4.5.2/libgcc.a(_aeabi_uldivmod.o)
 .data          0x3001639c        0x0 /home/kdy560200/arm-2011.03/lib/gcc/arm-none-eabi/4.5.2/libgcc.a(bpabi.o)
 .data          0x3001639c        0x0 /home/kdy560200/arm-2011.03/lib/gcc/arm-none-eabi/4.5.2/libgcc.a(_divdi3.o)
 .data          0x3001639c        0x0 /home/kdy560200/arm-2011.03/lib/gcc/arm-none-eabi/4.5.2/libgcc.a(_udivdi3.o)
 .data          0x3001639c        0x0 /home/kdy560200/arm-2011.03/lib/gcc/arm-none-eabi/4.5.2/libgcc.a(_clzsi2.o)
 *(.data.*)
                0x300163a0                . = ALIGN (0x8)
 *fill*         0x3001639c        0x4 00
                0x300163a0                data_end_addr = .
                0x300163a0                __DATA_END__ = .

.bss            0x300163a0       0x68
                0x300163a0                bss_start_addr = .
                0x300163a0                __BSS_START__ = .
 *(.bss)
 .bss           0x300163a0        0x0 s3c2450_startup.o
 .bss           0x300163a0        0x0 Key.o
 .bss           0x300163a0        0x0 Led.o
 .bss           0x300163a0        0x0 Timer.o
 .bss           0x300163a0        0x0 Main.o
 .bss           0x300163a0        0x0 Uart.o
 .bss           0x300163a0        0x0 exception.o
 .bss           0x300163a0       0x20 Lcd_480x272.o
                0x300163a0                Fb_ptr
 .bss           0x300163c0        0x0 Calendar.o
 .bss           0x300163c0        0x0 /home/kdy560200/arm-2011.03/arm-none-eabi/lib/libc.a(lib_a-vsprintf.o)
 .bss           0x300163c0        0x0 /home/kdy560200/arm-2011.03/arm-none-eabi/lib/libc.a(lib_a-impure.o)
 .bss           0x300163c0        0x0 /home/kdy560200/arm-2011.03/arm-none-eabi/lib/libc.a(lib_a-svfprintf.o)
 .bss           0x300163c0        0x0 /home/kdy560200/arm-2011.03/arm-none-eabi/lib/libc.a(lib_a-dtoa.o)
 .bss           0x300163c0        0xc /home/kdy560200/arm-2011.03/arm-none-eabi/lib/libc.a(lib_a-locale.o)
                0x300163c0                __nlocale_changed
                0x300163c4                __mlocale_changed
                0x300163c8                _PathLocale
 .bss           0x300163cc       0x34 /home/kdy560200/arm-2011.03/arm-none-eabi/lib/libc.a(lib_a-mallocr.o)
                0x300163cc                __malloc_top_pad
                0x300163d0                __malloc_current_mallinfo
                0x300163f8                __malloc_max_sbrked_mem
                0x300163fc                __malloc_max_total_mem
 .bss           0x30016400        0x0 /home/kdy560200/arm-2011.03/arm-none-eabi/lib/libc.a(lib_a-memchr.o)
 .bss           0x30016400        0x0 /home/kdy560200/arm-2011.03/arm-none-eabi/lib/libc.a(lib_a-memcpy.o)
 .bss           0x30016400        0x0 /home/kdy560200/arm-2011.03/arm-none-eabi/lib/libc.a(lib_a-mlock.o)
 .bss           0x30016400        0x0 /home/kdy560200/arm-2011.03/arm-none-eabi/lib/libc.a(lib_a-mprec.o)
 .bss           0x30016400        0x0 /home/kdy560200/arm-2011.03/arm-none-eabi/lib/libc.a(lib_a-s_fpclassify.o)
 .bss           0x30016400        0x0 /home/kdy560200/arm-2011.03/arm-none-eabi/lib/libc.a(lib_a-sbrkr.o)
 .bss           0x30016400        0x0 /home/kdy560200/arm-2011.03/arm-none-eabi/lib/libc.a(lib_a-strcmp.o)
 .bss           0x30016400        0x0 /home/kdy560200/arm-2011.03/arm-none-eabi/lib/libc.a(lib_a-strlen.o)
 .bss           0x30016400        0x0 /home/kdy560200/arm-2011.03/arm-none-eabi/lib/libc.a(lib_a-svfiprintf.o)
 .bss           0x30016400        0x0 /home/kdy560200/arm-2011.03/arm-none-eabi/lib/libc.a(lib_a-callocr.o)
 .bss           0x30016400        0x0 /home/kdy560200/arm-2011.03/arm-none-eabi/lib/libc.a(lib_a-freer.o)
 .bss           0x30016400        0x0 /home/kdy560200/arm-2011.03/arm-none-eabi/lib/libc.a(lib_a-memmove.o)
 .bss           0x30016400        0x0 /home/kdy560200/arm-2011.03/arm-none-eabi/lib/libc.a(lib_a-memset.o)
 .bss           0x30016400        0x0 /home/kdy560200/arm-2011.03/arm-none-eabi/lib/libc.a(lib_a-reallocr.o)
 .bss           0x30016400        0x0 /home/kdy560200/arm-2011.03/arm-none-eabi/lib/libc.a(lib_a-reent.o)
 .bss           0x30016400        0x0 /home/kdy560200/arm-2011.03/lib/gcc/arm-none-eabi/4.5.2/libgcc.a(_udivsi3.o)
 .bss           0x30016400        0x0 /home/kdy560200/arm-2011.03/lib/gcc/arm-none-eabi/4.5.2/libgcc.a(_divsi3.o)
 .bss           0x30016400        0x0 /home/kdy560200/arm-2011.03/lib/gcc/arm-none-eabi/4.5.2/libgcc.a(_dvmd_tls.o)
 .bss           0x30016400        0x0 /home/kdy560200/arm-2011.03/lib/gcc/arm-none-eabi/4.5.2/libgcc.a(_arm_addsubdf3.o)
 .bss           0x30016400        0x0 /home/kdy560200/arm-2011.03/lib/gcc/arm-none-eabi/4.5.2/libgcc.a(_arm_muldivdf3.o)
 .bss           0x30016400        0x0 /home/kdy560200/arm-2011.03/lib/gcc/arm-none-eabi/4.5.2/libgcc.a(_arm_cmpdf2.o)
 .bss           0x30016400        0x0 /home/kdy560200/arm-2011.03/lib/gcc/arm-none-eabi/4.5.2/libgcc.a(_arm_fixdfsi.o)
 .bss           0x30016400        0x0 /home/kdy560200/arm-2011.03/lib/gcc/arm-none-eabi/4.5.2/libgcc.a(_arm_fixunsdfsi.o)
 .bss           0x30016400        0x0 /home/kdy560200/arm-2011.03/lib/gcc/arm-none-eabi/4.5.2/libgcc.a(_aeabi_uldivmod.o)
 .bss           0x30016400        0x0 /home/kdy560200/arm-2011.03/lib/gcc/arm-none-eabi/4.5.2/libgcc.a(bpabi.o)
 .bss           0x30016400        0x0 /home/kdy560200/arm-2011.03/lib/gcc/arm-none-eabi/4.5.2/libgcc.a(_divdi3.o)
 .bss           0x30016400        0x0 /home/kdy560200/arm-2011.03/lib/gcc/arm-none-eabi/4.5.2/libgcc.a(_udivdi3.o)
 .bss           0x30016400        0x0 /home/kdy560200/arm-2011.03/lib/gcc/arm-none-eabi/4.5.2/libgcc.a(_clzsi2.o)
 *(.bss.*)
 *(COMMON)
 COMMON         0x30016400        0x4 /home/kdy560200/arm-2011.03/arm-none-eabi/lib/libc.a(lib_a-reent.o)
                0x30016400                errno
                0x30016408                . = ALIGN (0x8)
 *fill*         0x30016404        0x4 00
                0x30016408                bss_end_addr = .
                0x30016408                __BSS_END__ = .
                0x30016408                end = .
                0x30016408                PROVIDE (end, .)

.int_vec        0x33ffff00       0xc0
 s3c2450_startup.o(int_vect)
 int_vect       0x33ffff00       0xc0 s3c2450_startup.o
                0x33ffff00                HandleReset
                0x33ffff04                HandleUndef
                0x33ffff08                HandleSWI
                0x33ffff0c                HandlePabort
                0x33ffff10                HandleDabort
                0x33ffff14                HandleReserved
                0x33ffff18                HandleIRQ
                0x33ffff1c                HandleFIQ
                0x33ffff20                HandleEINT0
                0x33ffff24                HandleEINT1
                0x33ffff28                HandleEINT2
                0x33ffff2c                HandleEINT3
                0x33ffff30                HandleEINT4_7
                0x33ffff34                HandleEINT8_23
                0x33ffff38                HandleCAM
                0x33ffff3c                HandleBATFLT
                0x33ffff40                HandleTICK
                0x33ffff44                HandleWDT
                0x33ffff48                HandleTIMER0
                0x33ffff4c                HandleTIMER1
                0x33ffff50                HandleTIMER2
                0x33ffff54                HandleTIMER3
                0x33ffff58                HandleTIMER4
                0x33ffff5c                HandleUART2
                0x33ffff60                HandleLCD
                0x33ffff64                HandleDMA
                0x33ffff68                HandleUART3
                0x33ffff6c                HandleCFCON
                0x33ffff70                HandleSDI1
                0x33ffff74                HandleSDI0
                0x33ffff78                HandleSPI0
                0x33ffff7c                HandleUART1
                0x33ffff80                HandleNFCON
                0x33ffff84                HandleUSBD
                0x33ffff88                HandleUSBH
                0x33ffff8c                HandleIIC
                0x33ffff90                HandleUART0
                0x33ffff94                HandleSPI1
                0x33ffff98                HandleRTC
                0x33ffff9c                HandleADC
                0x33ffffa0                Handle2D
                0x33ffffa4                HandleIIC1
                0x33ffffa8                HandleRSV1
                0x33ffffac                HandleRSV2
                0x33ffffb0                HandlePCM0
                0x33ffffb4                HandlePCM1
                0x33ffffb8                HandleI2S0
                0x33ffffbc                HandleI2S1
LOAD Key.o
LOAD Led.o
LOAD Timer.o
LOAD Main.o
LOAD Uart.o
LOAD exception.o
LOAD Lcd_480x272.o
LOAD Calendar.o
LOAD s3c2450_startup.o
LOAD /home/kdy560200/arm-2011.03/arm-none-eabi/lib/libc.a
LOAD /home/kdy560200/arm-2011.03/lib/gcc/arm-none-eabi/4.5.2/libgcc.a
LOAD /home/kdy560200/arm-2011.03/lib/gcc/arm-none-eabi/4.5.2/libgcc.a
OUTPUT(MDS2450 elf32-littlearm)

.ARM.attributes
                0x00000000       0x28
 .ARM.attributes
                0x00000000       0x1c s3c2450_startup.o
 .ARM.attributes
                0x0000001c       0x2c Key.o
 .ARM.attributes
                0x00000048       0x2c Led.o
 .ARM.attributes
                0x00000074       0x2c Timer.o
 .ARM.attributes
                0x000000a0       0x2c Main.o
 .ARM.attributes
                0x000000cc       0x2c Uart.o
 .ARM.attributes
                0x000000f8       0x2c exception.o
 .ARM.attributes
                0x00000124       0x2c Lcd_480x272.o
 .ARM.attributes
                0x00000150       0x2c Calendar.o
 .ARM.attributes
                0x0000017c       0x34 /home/kdy560200/arm-2011.03/arm-none-eabi/lib/libc.a(lib_a-vsprintf.o)
 .ARM.attributes
                0x000001b0       0x34 /home/kdy560200/arm-2011.03/arm-none-eabi/lib/libc.a(lib_a-impure.o)
 .ARM.attributes
                0x000001e4       0x34 /home/kdy560200/arm-2011.03/arm-none-eabi/lib/libc.a(lib_a-svfprintf.o)
 .ARM.attributes
                0x00000218       0x34 /home/kdy560200/arm-2011.03/arm-none-eabi/lib/libc.a(lib_a-dtoa.o)
 .ARM.attributes
                0x0000024c       0x34 /home/kdy560200/arm-2011.03/arm-none-eabi/lib/libc.a(lib_a-locale.o)
 .ARM.attributes
                0x00000280       0x34 /home/kdy560200/arm-2011.03/arm-none-eabi/lib/libc.a(lib_a-mallocr.o)
 .ARM.attributes
                0x000002b4       0x34 /home/kdy560200/arm-2011.03/arm-none-eabi/lib/libc.a(lib_a-memchr.o)
 .ARM.attributes
                0x000002e8       0x34 /home/kdy560200/arm-2011.03/arm-none-eabi/lib/libc.a(lib_a-memcpy.o)
 .ARM.attributes
                0x0000031c       0x34 /home/kdy560200/arm-2011.03/arm-none-eabi/lib/libc.a(lib_a-mlock.o)
 .ARM.attributes
                0x00000350       0x34 /home/kdy560200/arm-2011.03/arm-none-eabi/lib/libc.a(lib_a-mprec.o)
 .ARM.attributes
                0x00000384       0x34 /home/kdy560200/arm-2011.03/arm-none-eabi/lib/libc.a(lib_a-s_fpclassify.o)
 .ARM.attributes
                0x000003b8       0x34 /home/kdy560200/arm-2011.03/arm-none-eabi/lib/libc.a(lib_a-sbrkr.o)
 .ARM.attributes
                0x000003ec       0x34 /home/kdy560200/arm-2011.03/arm-none-eabi/lib/libc.a(lib_a-strcmp.o)
 .ARM.attributes
                0x00000420       0x34 /home/kdy560200/arm-2011.03/arm-none-eabi/lib/libc.a(lib_a-strlen.o)
 .ARM.attributes
                0x00000454       0x34 /home/kdy560200/arm-2011.03/arm-none-eabi/lib/libc.a(lib_a-svfiprintf.o)
 .ARM.attributes
                0x00000488       0x34 /home/kdy560200/arm-2011.03/arm-none-eabi/lib/libc.a(lib_a-callocr.o)
 .ARM.attributes
                0x000004bc       0x34 /home/kdy560200/arm-2011.03/arm-none-eabi/lib/libc.a(lib_a-freer.o)
 .ARM.attributes
                0x000004f0       0x34 /home/kdy560200/arm-2011.03/arm-none-eabi/lib/libc.a(lib_a-memmove.o)
 .ARM.attributes
                0x00000524       0x34 /home/kdy560200/arm-2011.03/arm-none-eabi/lib/libc.a(lib_a-memset.o)
 .ARM.attributes
                0x00000558       0x34 /home/kdy560200/arm-2011.03/arm-none-eabi/lib/libc.a(lib_a-reallocr.o)
 .ARM.attributes
                0x0000058c       0x34 /home/kdy560200/arm-2011.03/arm-none-eabi/lib/libc.a(lib_a-reent.o)
 .ARM.attributes
                0x000005c0       0x1a /home/kdy560200/arm-2011.03/lib/gcc/arm-none-eabi/4.5.2/libgcc.a(_udivsi3.o)
 .ARM.attributes
                0x000005da       0x1a /home/kdy560200/arm-2011.03/lib/gcc/arm-none-eabi/4.5.2/libgcc.a(_divsi3.o)
 .ARM.attributes
                0x000005f4       0x18 /home/kdy560200/arm-2011.03/lib/gcc/arm-none-eabi/4.5.2/libgcc.a(_dvmd_tls.o)
 .ARM.attributes
                0x0000060c       0x1a /home/kdy560200/arm-2011.03/lib/gcc/arm-none-eabi/4.5.2/libgcc.a(_arm_addsubdf3.o)
 .ARM.attributes
                0x00000626       0x1a /home/kdy560200/arm-2011.03/lib/gcc/arm-none-eabi/4.5.2/libgcc.a(_arm_muldivdf3.o)
 .ARM.attributes
                0x00000640       0x1a /home/kdy560200/arm-2011.03/lib/gcc/arm-none-eabi/4.5.2/libgcc.a(_arm_cmpdf2.o)
 .ARM.attributes
                0x0000065a       0x1a /home/kdy560200/arm-2011.03/lib/gcc/arm-none-eabi/4.5.2/libgcc.a(_arm_fixdfsi.o)
 .ARM.attributes
                0x00000674       0x1a /home/kdy560200/arm-2011.03/lib/gcc/arm-none-eabi/4.5.2/libgcc.a(_arm_fixunsdfsi.o)
 .ARM.attributes
                0x0000068e       0x1a /home/kdy560200/arm-2011.03/lib/gcc/arm-none-eabi/4.5.2/libgcc.a(_aeabi_uldivmod.o)
 .ARM.attributes
                0x000006a8       0x34 /home/kdy560200/arm-2011.03/lib/gcc/arm-none-eabi/4.5.2/libgcc.a(bpabi.o)
 .ARM.attributes
                0x000006dc       0x34 /home/kdy560200/arm-2011.03/lib/gcc/arm-none-eabi/4.5.2/libgcc.a(_divdi3.o)
 .ARM.attributes
                0x00000710       0x34 /home/kdy560200/arm-2011.03/lib/gcc/arm-none-eabi/4.5.2/libgcc.a(_udivdi3.o)
 .ARM.attributes
                0x00000744       0x1a /home/kdy560200/arm-2011.03/lib/gcc/arm-none-eabi/4.5.2/libgcc.a(_clzsi2.o)

.comment        0x00000000       0x2a
 .comment       0x00000000       0x2a Key.o
                                 0x2b (size before relaxing)
 .comment       0x00000000       0x2b Led.o
 .comment       0x00000000       0x2b Timer.o
 .comment       0x00000000       0x2b Main.o
 .comment       0x00000000       0x2b Uart.o
 .comment       0x00000000       0x2b exception.o
 .comment       0x00000000       0x2b Lcd_480x272.o
 .comment       0x00000000       0x2b Calendar.o

.debug_line     0x00000000      0xab6
 .debug_line    0x00000000       0xba s3c2450_startup.o
 .debug_line    0x000000ba       0x92 Key.o
 .debug_line    0x0000014c       0x58 Led.o
 .debug_line    0x000001a4       0x4f Timer.o
 .debug_line    0x000001f3      0x1be Main.o
 .debug_line    0x000003b1      0x10f Uart.o
 .debug_line    0x000004c0       0x67 exception.o
 .debug_line    0x00000527      0x4ba Lcd_480x272.o
 .debug_line    0x000009e1       0xd5 Calendar.o

.debug_info     0x00000000     0x2eee
 .debug_info    0x00000000       0x69 s3c2450_startup.o
 .debug_info    0x00000069       0xee Key.o
 .debug_info    0x00000157       0x83 Led.o
 .debug_info    0x000001da       0x78 Timer.o
 .debug_info    0x00000252     0x1b37 Main.o
 .debug_info    0x00001d89      0x24e Uart.o
 .debug_info    0x00001fd7      0x130 exception.o
 .debug_info    0x00002107      0xc0c Lcd_480x272.o
 .debug_info    0x00002d13      0x1db Calendar.o

.debug_abbrev   0x00000000      0x716
 .debug_abbrev  0x00000000       0x14 s3c2450_startup.o
 .debug_abbrev  0x00000014       0x99 Key.o
 .debug_abbrev  0x000000ad       0x72 Led.o
 .debug_abbrev  0x0000011f       0x65 Timer.o
 .debug_abbrev  0x00000184      0x1ec Main.o
 .debug_abbrev  0x00000370       0xe2 Uart.o
 .debug_abbrev  0x00000452       0x7d exception.o
 .debug_abbrev  0x000004cf      0x18c Lcd_480x272.o
 .debug_abbrev  0x0000065b       0xbb Calendar.o

.debug_aranges  0x00000000      0x120
 .debug_aranges
                0x00000000       0x20 s3c2450_startup.o
 .debug_aranges
                0x00000020       0x20 Key.o
 .debug_aranges
                0x00000040       0x20 Led.o
 .debug_aranges
                0x00000060       0x20 Timer.o
 .debug_aranges
                0x00000080       0x20 Main.o
 .debug_aranges
                0x000000a0       0x20 Uart.o
 .debug_aranges
                0x000000c0       0x20 exception.o
 .debug_aranges
                0x000000e0       0x20 Lcd_480x272.o
 .debug_aranges
                0x00000100       0x20 Calendar.o

.debug_loc      0x00000000      0xd94
 .debug_loc     0x00000000       0xb0 Key.o
 .debug_loc     0x000000b0       0x58 Led.o
 .debug_loc     0x00000108       0x58 Timer.o
 .debug_loc     0x00000160      0x4d0 Main.o
 .debug_loc     0x00000630      0x1b8 Uart.o
 .debug_loc     0x000007e8       0xdc exception.o
 .debug_loc     0x000008c4      0x420 Lcd_480x272.o
 .debug_loc     0x00000ce4       0xb0 Calendar.o

.debug_pubnames
                0x00000000      0x66a
 .debug_pubnames
                0x00000000       0x6b Key.o
 .debug_pubnames
                0x0000006b       0x2f Led.o
 .debug_pubnames
                0x0000009a       0x31 Timer.o
 .debug_pubnames
                0x000000cb      0x206 Main.o
 .debug_pubnames
                0x000002d1       0xc7 Uart.o
 .debug_pubnames
                0x00000398       0x6d exception.o
 .debug_pubnames
                0x00000405      0x201 Lcd_480x272.o
 .debug_pubnames
                0x00000606       0x64 Calendar.o

.debug_pubtypes
                0x00000000      0x229
 .debug_pubtypes
                0x00000000       0x12 Key.o
 .debug_pubtypes
                0x00000012       0x12 Led.o
 .debug_pubtypes
                0x00000024       0x12 Timer.o
 .debug_pubtypes
                0x00000036      0x163 Main.o
 .debug_pubtypes
                0x00000199       0x3f Uart.o
 .debug_pubtypes
                0x000001d8       0x3f Lcd_480x272.o
 .debug_pubtypes
                0x00000217       0x12 Calendar.o

.debug_str      0x00000000      0xcbd
 .debug_str     0x00000000       0x9e Key.o
                                 0xab (size before relaxing)
 .debug_str     0x0000009e       0x20 Led.o
                                 0x75 (size before relaxing)
 .debug_str     0x000000be       0x24 Timer.o
                                 0x79 (size before relaxing)
 .debug_str     0x000000e2      0x7fd Main.o
                                0x88f (size before relaxing)
 .debug_str     0x000008df       0xc3 Uart.o
                                0x12a (size before relaxing)
 .debug_str     0x000009a2       0x9b exception.o
                                 0xe2 (size before relaxing)
 .debug_str     0x00000a3d      0x23b Lcd_480x272.o
                                0x30f (size before relaxing)
 .debug_str     0x00000c78       0x45 Calendar.o
                                 0xba (size before relaxing)

.debug_frame    0x00000000     0x1284
 .debug_frame   0x00000000       0x90 Key.o
 .debug_frame   0x00000090       0x50 Led.o
 .debug_frame   0x000000e0       0x54 Timer.o
 .debug_frame   0x00000134      0x3ac Main.o
 .debug_frame   0x000004e0      0x164 Uart.o
 .debug_frame   0x00000644       0xb0 exception.o
 .debug_frame   0x000006f4      0x310 Lcd_480x272.o
 .debug_frame   0x00000a04       0x90 Calendar.o
 .debug_frame   0x00000a94       0x44 /home/kdy560200/arm-2011.03/arm-none-eabi/lib/libc.a(lib_a-vsprintf.o)
 .debug_frame   0x00000ad8       0x3c /home/kdy560200/arm-2011.03/arm-none-eabi/lib/libc.a(lib_a-svfprintf.o)
 .debug_frame   0x00000b14       0x64 /home/kdy560200/arm-2011.03/arm-none-eabi/lib/libc.a(lib_a-dtoa.o)
 .debug_frame   0x00000b78       0x98 /home/kdy560200/arm-2011.03/arm-none-eabi/lib/libc.a(lib_a-locale.o)
 .debug_frame   0x00000c10       0x3c /home/kdy560200/arm-2011.03/arm-none-eabi/lib/libc.a(lib_a-mallocr.o)
 .debug_frame   0x00000c4c       0x2c /home/kdy560200/arm-2011.03/arm-none-eabi/lib/libc.a(lib_a-memchr.o)
 .debug_frame   0x00000c78       0x30 /home/kdy560200/arm-2011.03/arm-none-eabi/lib/libc.a(lib_a-memcpy.o)
 .debug_frame   0x00000ca8       0x30 /home/kdy560200/arm-2011.03/arm-none-eabi/lib/libc.a(lib_a-mlock.o)
 .debug_frame   0x00000cd8      0x228 /home/kdy560200/arm-2011.03/arm-none-eabi/lib/libc.a(lib_a-mprec.o)
 .debug_frame   0x00000f00       0x28 /home/kdy560200/arm-2011.03/arm-none-eabi/lib/libc.a(lib_a-s_fpclassify.o)
 .debug_frame   0x00000f28       0x2c /home/kdy560200/arm-2011.03/arm-none-eabi/lib/libc.a(lib_a-sbrkr.o)
 .debug_frame   0x00000f54       0x30 /home/kdy560200/arm-2011.03/arm-none-eabi/lib/libc.a(lib_a-strcmp.o)
 .debug_frame   0x00000f84       0x20 /home/kdy560200/arm-2011.03/arm-none-eabi/lib/libc.a(lib_a-strlen.o)
 .debug_frame   0x00000fa4       0x68 /home/kdy560200/arm-2011.03/arm-none-eabi/lib/libc.a(lib_a-svfiprintf.o)
 .debug_frame   0x0000100c       0x28 /home/kdy560200/arm-2011.03/arm-none-eabi/lib/libc.a(lib_a-callocr.o)
 .debug_frame   0x00001034       0x50 /home/kdy560200/arm-2011.03/arm-none-eabi/lib/libc.a(lib_a-freer.o)
 .debug_frame   0x00001084       0x2c /home/kdy560200/arm-2011.03/arm-none-eabi/lib/libc.a(lib_a-memmove.o)
 .debug_frame   0x000010b0       0x28 /home/kdy560200/arm-2011.03/arm-none-eabi/lib/libc.a(lib_a-memset.o)
 .debug_frame   0x000010d8       0x3c /home/kdy560200/arm-2011.03/arm-none-eabi/lib/libc.a(lib_a-reallocr.o)
 .debug_frame   0x00001114       0x68 /home/kdy560200/arm-2011.03/arm-none-eabi/lib/libc.a(lib_a-reent.o)
 .debug_frame   0x0000117c       0x20 /home/kdy560200/arm-2011.03/lib/gcc/arm-none-eabi/4.5.2/libgcc.a(_udivsi3.o)
 .debug_frame   0x0000119c       0x20 /home/kdy560200/arm-2011.03/lib/gcc/arm-none-eabi/4.5.2/libgcc.a(_divsi3.o)
 .debug_frame   0x000011bc       0x50 /home/kdy560200/arm-2011.03/lib/gcc/arm-none-eabi/4.5.2/libgcc.a(bpabi.o)
 .debug_frame   0x0000120c       0x3c /home/kdy560200/arm-2011.03/lib/gcc/arm-none-eabi/4.5.2/libgcc.a(_divdi3.o)
 .debug_frame   0x00001248       0x3c /home/kdy560200/arm-2011.03/lib/gcc/arm-none-eabi/4.5.2/libgcc.a(_udivdi3.o)

Cross Reference Table

Symbol                                            File
ALARM_Init                                        Main.o
ALARM_Int_Init                                    Main.o
Dabort_Handler                                    exception.o
EINT8_23_Handler                                  Main.o
EXTI_Init                                         Main.o
Exception_Init                                    exception.o
                                                  s3c2450_startup.o
Fb_ptr                                            Lcd_480x272.o
Graphic_Init                                      Lcd_480x272.o
                                                  Main.o
HanTable                                          Lcd_480x272.o
Handle2D                                          s3c2450_startup.o
HandleADC                                         s3c2450_startup.o
HandleBATFLT                                      s3c2450_startup.o
HandleCAM                                         s3c2450_startup.o
HandleCFCON                                       s3c2450_startup.o
HandleDMA                                         s3c2450_startup.o
HandleDabort                                      s3c2450_startup.o
                                                  exception.o
HandleEINT0                                       s3c2450_startup.o
HandleEINT1                                       s3c2450_startup.o
HandleEINT2                                       s3c2450_startup.o
HandleEINT3                                       s3c2450_startup.o
HandleEINT4_7                                     s3c2450_startup.o
HandleEINT8_23                                    s3c2450_startup.o
HandleFIQ                                         s3c2450_startup.o
HandleI2S0                                        s3c2450_startup.o
HandleI2S1                                        s3c2450_startup.o
HandleIIC                                         s3c2450_startup.o
HandleIIC1                                        s3c2450_startup.o
HandleIRQ                                         s3c2450_startup.o
HandleLCD                                         s3c2450_startup.o
HandleNFCON                                       s3c2450_startup.o
HandlePCM0                                        s3c2450_startup.o
HandlePCM1                                        s3c2450_startup.o
HandlePabort                                      s3c2450_startup.o
                                                  exception.o
HandleRSV1                                        s3c2450_startup.o
HandleRSV2                                        s3c2450_startup.o
HandleRTC                                         s3c2450_startup.o
HandleReserved                                    s3c2450_startup.o
HandleReset                                       s3c2450_startup.o
HandleSDI0                                        s3c2450_startup.o
HandleSDI1                                        s3c2450_startup.o
HandleSPI0                                        s3c2450_startup.o
HandleSPI1                                        s3c2450_startup.o
HandleSWI                                         s3c2450_startup.o
                                                  exception.o
HandleTICK                                        s3c2450_startup.o
HandleTIMER0                                      s3c2450_startup.o
HandleTIMER1                                      s3c2450_startup.o
HandleTIMER2                                      s3c2450_startup.o
HandleTIMER3                                      s3c2450_startup.o
HandleTIMER4                                      s3c2450_startup.o
HandleUART0                                       s3c2450_startup.o
HandleUART1                                       s3c2450_startup.o
HandleUART2                                       s3c2450_startup.o
HandleUART3                                       s3c2450_startup.o
HandleUSBD                                        s3c2450_startup.o
HandleUSBH                                        s3c2450_startup.o
HandleUndef                                       s3c2450_startup.o
                                                  exception.o
HandleWDT                                         s3c2450_startup.o
IsrIRQ                                            s3c2450_startup.o
Key_Get_Pressed                                   Key.o
Key_Port_Init                                     Key.o
Key_Wait_Get_Pressed                              Key.o
Key_Wait_Get_Released                             Key.o
Lcd_Clr_Screen                                    Lcd_480x272.o
                                                  Main.o
Lcd_Copy                                          Lcd_480x272.o
Lcd_Display_Frame_Buffer                          Lcd_480x272.o
Lcd_Draw_BMP                                      Lcd_480x272.o
Lcd_Eng_Putch                                     Lcd_480x272.o
Lcd_Envid_On_Off                                  Lcd_480x272.o
Lcd_Fill_Rectangular                              Lcd_480x272.o
Lcd_Get_Info_BMP                                  Lcd_480x272.o
Lcd_Han_Putch                                     Lcd_480x272.o
Lcd_Hline                                         Lcd_480x272.o
Lcd_Init                                          Lcd_480x272.o
Lcd_Line                                          Lcd_480x272.o
Lcd_Port_Init                                     Lcd_480x272.o
Lcd_Power_Enable                                  Lcd_480x272.o
Lcd_Printf                                        Lcd_480x272.o
                                                  Main.o
Lcd_Put_Pixel                                     Lcd_480x272.o
Lcd_Puts                                          Lcd_480x272.o
Lcd_Rectangular                                   Lcd_480x272.o
Lcd_Select_Frame_Buffer                           Lcd_480x272.o
                                                  Main.o
Lcd_Set_Address                                   Lcd_480x272.o
Lcd_Set_Tran_Mode                                 Lcd_480x272.o
Lcd_Vline                                         Lcd_480x272.o
Lcd_Wait_Blank                                    Lcd_480x272.o
Led_Display                                       Led.o
Led_Init                                          Led.o
Main                                              Main.o
                                                  s3c2450_startup.o
Pabort_Handler                                    exception.o
RTC_ALARM                                         Main.o
RTC_Clear                                         Main.o
RTC_Init                                          Main.o
RTC_TICK                                          Main.o
RTC_Tick_Init                                     Main.o
ResetHandler                                      s3c2450_startup.o
SWI_Handler                                       exception.o
Set_ALM_Hour                                      Main.o
Set_ALM_Minute                                    Main.o
Set_ALM_Second                                    Main.o
Set_ALM_Time                                      Main.o
Set_BCD_Date                                      Main.o
Set_BCD_Hour                                      Main.o
Set_BCD_Minute                                    Main.o
Set_BCD_Month                                     Main.o
Set_BCD_Second                                    Main.o
Set_BCD_Time                                      Main.o
Set_BCD_Year                                      Main.o
Sound                                             Main.o
Timer2_Init                                       Main.o
Timer_Delay                                       Timer.o
Timer_Init                                        Timer.o
Uart2_Get_Char                                    Uart.o
Uart2_Init                                        Uart.o
Uart2_Printf                                      Uart.o
Uart2_Send_Byte                                   Uart.o
Uart2_Send_String                                 Uart.o
Uart_Get_Char                                     Uart.o
Uart_Init                                         Uart.o
                                                  Main.o
Uart_Printf                                       Uart.o
                                                  Calendar.o
                                                  exception.o
                                                  Main.o
                                                  Key.o
Uart_Send_Byte                                    Uart.o
Uart_Send_String                                  Uart.o
                                                  Key.o
Undef_Handler                                     exception.o
WT_Delay                                          Main.o
_Balloc                                           /home/kdy560200/arm-2011.03/arm-none-eabi/lib/libc.a(lib_a-mprec.o)
                                                  /home/kdy560200/arm-2011.03/arm-none-eabi/lib/libc.a(lib_a-dtoa.o)
_Bfree                                            /home/kdy560200/arm-2011.03/arm-none-eabi/lib/libc.a(lib_a-mprec.o)
                                                  /home/kdy560200/arm-2011.03/arm-none-eabi/lib/libc.a(lib_a-dtoa.o)
_PathLocale                                       /home/kdy560200/arm-2011.03/arm-none-eabi/lib/libc.a(lib_a-locale.o)
__adddf3                                          /home/kdy560200/arm-2011.03/lib/gcc/arm-none-eabi/4.5.2/libgcc.a(_arm_addsubdf3.o)
__aeabi_cdcmpeq                                   /home/kdy560200/arm-2011.03/lib/gcc/arm-none-eabi/4.5.2/libgcc.a(_arm_cmpdf2.o)
__aeabi_cdcmple                                   /home/kdy560200/arm-2011.03/lib/gcc/arm-none-eabi/4.5.2/libgcc.a(_arm_cmpdf2.o)
__aeabi_cdrcmple                                  /home/kdy560200/arm-2011.03/lib/gcc/arm-none-eabi/4.5.2/libgcc.a(_arm_cmpdf2.o)
__aeabi_d2iz                                      /home/kdy560200/arm-2011.03/lib/gcc/arm-none-eabi/4.5.2/libgcc.a(_arm_fixdfsi.o)
                                                  /home/kdy560200/arm-2011.03/arm-none-eabi/lib/libc.a(lib_a-dtoa.o)
__aeabi_d2uiz                                     /home/kdy560200/arm-2011.03/lib/gcc/arm-none-eabi/4.5.2/libgcc.a(_arm_fixunsdfsi.o)
                                                  Uart.o
                                                  Timer.o
__aeabi_dadd                                      /home/kdy560200/arm-2011.03/lib/gcc/arm-none-eabi/4.5.2/libgcc.a(_arm_addsubdf3.o)
                                                  /home/kdy560200/arm-2011.03/arm-none-eabi/lib/libc.a(lib_a-dtoa.o)
                                                  Uart.o
__aeabi_dcmpeq                                    /home/kdy560200/arm-2011.03/lib/gcc/arm-none-eabi/4.5.2/libgcc.a(_arm_cmpdf2.o)
                                                  /home/kdy560200/arm-2011.03/arm-none-eabi/lib/libc.a(lib_a-dtoa.o)
                                                  /home/kdy560200/arm-2011.03/arm-none-eabi/lib/libc.a(lib_a-svfprintf.o)
__aeabi_dcmpge                                    /home/kdy560200/arm-2011.03/lib/gcc/arm-none-eabi/4.5.2/libgcc.a(_arm_cmpdf2.o)
                                                  /home/kdy560200/arm-2011.03/arm-none-eabi/lib/libc.a(lib_a-dtoa.o)
__aeabi_dcmpgt                                    /home/kdy560200/arm-2011.03/lib/gcc/arm-none-eabi/4.5.2/libgcc.a(_arm_cmpdf2.o)
                                                  /home/kdy560200/arm-2011.03/arm-none-eabi/lib/libc.a(lib_a-dtoa.o)
__aeabi_dcmple                                    /home/kdy560200/arm-2011.03/lib/gcc/arm-none-eabi/4.5.2/libgcc.a(_arm_cmpdf2.o)
__aeabi_dcmplt                                    /home/kdy560200/arm-2011.03/lib/gcc/arm-none-eabi/4.5.2/libgcc.a(_arm_cmpdf2.o)
                                                  /home/kdy560200/arm-2011.03/arm-none-eabi/lib/libc.a(lib_a-dtoa.o)
                                                  /home/kdy560200/arm-2011.03/arm-none-eabi/lib/libc.a(lib_a-svfprintf.o)
__aeabi_ddiv                                      /home/kdy560200/arm-2011.03/lib/gcc/arm-none-eabi/4.5.2/libgcc.a(_arm_muldivdf3.o)
                                                  /home/kdy560200/arm-2011.03/arm-none-eabi/lib/libc.a(lib_a-mprec.o)
                                                  /home/kdy560200/arm-2011.03/arm-none-eabi/lib/libc.a(lib_a-dtoa.o)
                                                  Uart.o
__aeabi_dmul                                      /home/kdy560200/arm-2011.03/lib/gcc/arm-none-eabi/4.5.2/libgcc.a(_arm_muldivdf3.o)
                                                  /home/kdy560200/arm-2011.03/arm-none-eabi/lib/libc.a(lib_a-mprec.o)
                                                  /home/kdy560200/arm-2011.03/arm-none-eabi/lib/libc.a(lib_a-dtoa.o)
                                                  Timer.o
__aeabi_drsub                                     /home/kdy560200/arm-2011.03/lib/gcc/arm-none-eabi/4.5.2/libgcc.a(_arm_addsubdf3.o)
__aeabi_dsub                                      /home/kdy560200/arm-2011.03/lib/gcc/arm-none-eabi/4.5.2/libgcc.a(_arm_addsubdf3.o)
                                                  /home/kdy560200/arm-2011.03/arm-none-eabi/lib/libc.a(lib_a-dtoa.o)
__aeabi_f2d                                       /home/kdy560200/arm-2011.03/lib/gcc/arm-none-eabi/4.5.2/libgcc.a(_arm_addsubdf3.o)
__aeabi_i2d                                       /home/kdy560200/arm-2011.03/lib/gcc/arm-none-eabi/4.5.2/libgcc.a(_arm_addsubdf3.o)
                                                  /home/kdy560200/arm-2011.03/arm-none-eabi/lib/libc.a(lib_a-dtoa.o)
                                                  Uart.o
                                                  Timer.o
__aeabi_idiv                                      /home/kdy560200/arm-2011.03/lib/gcc/arm-none-eabi/4.5.2/libgcc.a(_divsi3.o)
                                                  Main.o
__aeabi_idiv0                                     /home/kdy560200/arm-2011.03/lib/gcc/arm-none-eabi/4.5.2/libgcc.a(_dvmd_tls.o)
                                                  /home/kdy560200/arm-2011.03/lib/gcc/arm-none-eabi/4.5.2/libgcc.a(_divsi3.o)
                                                  /home/kdy560200/arm-2011.03/lib/gcc/arm-none-eabi/4.5.2/libgcc.a(_udivsi3.o)
__aeabi_idivmod                                   /home/kdy560200/arm-2011.03/lib/gcc/arm-none-eabi/4.5.2/libgcc.a(_divsi3.o)
__aeabi_l2d                                       /home/kdy560200/arm-2011.03/lib/gcc/arm-none-eabi/4.5.2/libgcc.a(_arm_addsubdf3.o)
__aeabi_ldiv0                                     /home/kdy560200/arm-2011.03/lib/gcc/arm-none-eabi/4.5.2/libgcc.a(_dvmd_tls.o)
                                                  /home/kdy560200/arm-2011.03/lib/gcc/arm-none-eabi/4.5.2/libgcc.a(_aeabi_uldivmod.o)
__aeabi_ui2d                                      /home/kdy560200/arm-2011.03/lib/gcc/arm-none-eabi/4.5.2/libgcc.a(_arm_addsubdf3.o)
                                                  /home/kdy560200/arm-2011.03/arm-none-eabi/lib/libc.a(lib_a-dtoa.o)
__aeabi_uidiv                                     /home/kdy560200/arm-2011.03/lib/gcc/arm-none-eabi/4.5.2/libgcc.a(_udivsi3.o)
                                                  /home/kdy560200/arm-2011.03/lib/gcc/arm-none-eabi/4.5.2/libgcc.a(_udivdi3.o)
                                                  /home/kdy560200/arm-2011.03/lib/gcc/arm-none-eabi/4.5.2/libgcc.a(_divdi3.o)
                                                  /home/kdy560200/arm-2011.03/arm-none-eabi/lib/libc.a(lib_a-dtoa.o)
                                                  Lcd_480x272.o
__aeabi_uidivmod                                  /home/kdy560200/arm-2011.03/lib/gcc/arm-none-eabi/4.5.2/libgcc.a(_udivsi3.o)
                                                  /home/kdy560200/arm-2011.03/lib/gcc/arm-none-eabi/4.5.2/libgcc.a(_udivdi3.o)
                                                  /home/kdy560200/arm-2011.03/lib/gcc/arm-none-eabi/4.5.2/libgcc.a(_divdi3.o)
__aeabi_ul2d                                      /home/kdy560200/arm-2011.03/lib/gcc/arm-none-eabi/4.5.2/libgcc.a(_arm_addsubdf3.o)
__aeabi_uldivmod                                  /home/kdy560200/arm-2011.03/lib/gcc/arm-none-eabi/4.5.2/libgcc.a(_aeabi_uldivmod.o)
                                                  /home/kdy560200/arm-2011.03/arm-none-eabi/lib/libc.a(lib_a-svfiprintf.o)
                                                  /home/kdy560200/arm-2011.03/arm-none-eabi/lib/libc.a(lib_a-svfprintf.o)
__any_on                                          /home/kdy560200/arm-2011.03/arm-none-eabi/lib/libc.a(lib_a-mprec.o)
__b2d                                             /home/kdy560200/arm-2011.03/arm-none-eabi/lib/libc.a(lib_a-mprec.o)
__clzsi2                                          /home/kdy560200/arm-2011.03/lib/gcc/arm-none-eabi/4.5.2/libgcc.a(_clzsi2.o)
                                                  /home/kdy560200/arm-2011.03/lib/gcc/arm-none-eabi/4.5.2/libgcc.a(_udivdi3.o)
                                                  /home/kdy560200/arm-2011.03/lib/gcc/arm-none-eabi/4.5.2/libgcc.a(_divdi3.o)
__cmpdf2                                          /home/kdy560200/arm-2011.03/lib/gcc/arm-none-eabi/4.5.2/libgcc.a(_arm_cmpdf2.o)
__copybits                                        /home/kdy560200/arm-2011.03/arm-none-eabi/lib/libc.a(lib_a-mprec.o)
__d2b                                             /home/kdy560200/arm-2011.03/arm-none-eabi/lib/libc.a(lib_a-mprec.o)
                                                  /home/kdy560200/arm-2011.03/arm-none-eabi/lib/libc.a(lib_a-dtoa.o)
__divdf3                                          /home/kdy560200/arm-2011.03/lib/gcc/arm-none-eabi/4.5.2/libgcc.a(_arm_muldivdf3.o)
__divdi3                                          /home/kdy560200/arm-2011.03/lib/gcc/arm-none-eabi/4.5.2/libgcc.a(_divdi3.o)
                                                  /home/kdy560200/arm-2011.03/lib/gcc/arm-none-eabi/4.5.2/libgcc.a(bpabi.o)
__divsi3                                          /home/kdy560200/arm-2011.03/lib/gcc/arm-none-eabi/4.5.2/libgcc.a(_divsi3.o)
__eqdf2                                           /home/kdy560200/arm-2011.03/lib/gcc/arm-none-eabi/4.5.2/libgcc.a(_arm_cmpdf2.o)
__extendsfdf2                                     /home/kdy560200/arm-2011.03/lib/gcc/arm-none-eabi/4.5.2/libgcc.a(_arm_addsubdf3.o)
__fixdfsi                                         /home/kdy560200/arm-2011.03/lib/gcc/arm-none-eabi/4.5.2/libgcc.a(_arm_fixdfsi.o)
__fixunsdfsi                                      /home/kdy560200/arm-2011.03/lib/gcc/arm-none-eabi/4.5.2/libgcc.a(_arm_fixunsdfsi.o)
__floatdidf                                       /home/kdy560200/arm-2011.03/lib/gcc/arm-none-eabi/4.5.2/libgcc.a(_arm_addsubdf3.o)
__floatsidf                                       /home/kdy560200/arm-2011.03/lib/gcc/arm-none-eabi/4.5.2/libgcc.a(_arm_addsubdf3.o)
__floatundidf                                     /home/kdy560200/arm-2011.03/lib/gcc/arm-none-eabi/4.5.2/libgcc.a(_arm_addsubdf3.o)
__floatunsidf                                     /home/kdy560200/arm-2011.03/lib/gcc/arm-none-eabi/4.5.2/libgcc.a(_arm_addsubdf3.o)
__fpclassifyd                                     /home/kdy560200/arm-2011.03/arm-none-eabi/lib/libc.a(lib_a-s_fpclassify.o)
                                                  /home/kdy560200/arm-2011.03/arm-none-eabi/lib/libc.a(lib_a-svfprintf.o)
__gedf2                                           /home/kdy560200/arm-2011.03/lib/gcc/arm-none-eabi/4.5.2/libgcc.a(_arm_cmpdf2.o)
__gnu_ldivmod_helper                              /home/kdy560200/arm-2011.03/lib/gcc/arm-none-eabi/4.5.2/libgcc.a(bpabi.o)
__gnu_uldivmod_helper                             /home/kdy560200/arm-2011.03/lib/gcc/arm-none-eabi/4.5.2/libgcc.a(bpabi.o)
                                                  /home/kdy560200/arm-2011.03/lib/gcc/arm-none-eabi/4.5.2/libgcc.a(_aeabi_uldivmod.o)
__gtdf2                                           /home/kdy560200/arm-2011.03/lib/gcc/arm-none-eabi/4.5.2/libgcc.a(_arm_cmpdf2.o)
__hi0bits                                         /home/kdy560200/arm-2011.03/arm-none-eabi/lib/libc.a(lib_a-mprec.o)
                                                  /home/kdy560200/arm-2011.03/arm-none-eabi/lib/libc.a(lib_a-dtoa.o)
__i2b                                             /home/kdy560200/arm-2011.03/arm-none-eabi/lib/libc.a(lib_a-mprec.o)
                                                  /home/kdy560200/arm-2011.03/arm-none-eabi/lib/libc.a(lib_a-dtoa.o)
__ledf2                                           /home/kdy560200/arm-2011.03/lib/gcc/arm-none-eabi/4.5.2/libgcc.a(_arm_cmpdf2.o)
__lo0bits                                         /home/kdy560200/arm-2011.03/arm-none-eabi/lib/libc.a(lib_a-mprec.o)
__locale_charset                                  /home/kdy560200/arm-2011.03/arm-none-eabi/lib/libc.a(lib_a-locale.o)
__locale_cjk_lang                                 /home/kdy560200/arm-2011.03/arm-none-eabi/lib/libc.a(lib_a-locale.o)
__locale_mb_cur_max                               /home/kdy560200/arm-2011.03/arm-none-eabi/lib/libc.a(lib_a-locale.o)
__locale_msgcharset                               /home/kdy560200/arm-2011.03/arm-none-eabi/lib/libc.a(lib_a-locale.o)
__lshift                                          /home/kdy560200/arm-2011.03/arm-none-eabi/lib/libc.a(lib_a-mprec.o)
                                                  /home/kdy560200/arm-2011.03/arm-none-eabi/lib/libc.a(lib_a-dtoa.o)
__ltdf2                                           /home/kdy560200/arm-2011.03/lib/gcc/arm-none-eabi/4.5.2/libgcc.a(_arm_cmpdf2.o)
__malloc_av_                                      /home/kdy560200/arm-2011.03/arm-none-eabi/lib/libc.a(lib_a-mallocr.o)
                                                  /home/kdy560200/arm-2011.03/arm-none-eabi/lib/libc.a(lib_a-reallocr.o)
                                                  /home/kdy560200/arm-2011.03/arm-none-eabi/lib/libc.a(lib_a-freer.o)
__malloc_current_mallinfo                         /home/kdy560200/arm-2011.03/arm-none-eabi/lib/libc.a(lib_a-mallocr.o)
                                                  /home/kdy560200/arm-2011.03/arm-none-eabi/lib/libc.a(lib_a-freer.o)
__malloc_lock                                     /home/kdy560200/arm-2011.03/arm-none-eabi/lib/libc.a(lib_a-mlock.o)
                                                  /home/kdy560200/arm-2011.03/arm-none-eabi/lib/libc.a(lib_a-reallocr.o)
                                                  /home/kdy560200/arm-2011.03/arm-none-eabi/lib/libc.a(lib_a-freer.o)
                                                  /home/kdy560200/arm-2011.03/arm-none-eabi/lib/libc.a(lib_a-mallocr.o)
__malloc_max_sbrked_mem                           /home/kdy560200/arm-2011.03/arm-none-eabi/lib/libc.a(lib_a-mallocr.o)
__malloc_max_total_mem                            /home/kdy560200/arm-2011.03/arm-none-eabi/lib/libc.a(lib_a-mallocr.o)
__malloc_sbrk_base                                /home/kdy560200/arm-2011.03/arm-none-eabi/lib/libc.a(lib_a-mallocr.o)
                                                  /home/kdy560200/arm-2011.03/arm-none-eabi/lib/libc.a(lib_a-freer.o)
__malloc_top_pad                                  /home/kdy560200/arm-2011.03/arm-none-eabi/lib/libc.a(lib_a-mallocr.o)
                                                  /home/kdy560200/arm-2011.03/arm-none-eabi/lib/libc.a(lib_a-freer.o)
__malloc_trim_threshold                           /home/kdy560200/arm-2011.03/arm-none-eabi/lib/libc.a(lib_a-mallocr.o)
                                                  /home/kdy560200/arm-2011.03/arm-none-eabi/lib/libc.a(lib_a-freer.o)
__malloc_unlock                                   /home/kdy560200/arm-2011.03/arm-none-eabi/lib/libc.a(lib_a-mlock.o)
                                                  /home/kdy560200/arm-2011.03/arm-none-eabi/lib/libc.a(lib_a-reallocr.o)
                                                  /home/kdy560200/arm-2011.03/arm-none-eabi/lib/libc.a(lib_a-freer.o)
                                                  /home/kdy560200/arm-2011.03/arm-none-eabi/lib/libc.a(lib_a-mallocr.o)
__mb_cur_max                                      /home/kdy560200/arm-2011.03/arm-none-eabi/lib/libc.a(lib_a-locale.o)
__mcmp                                            /home/kdy560200/arm-2011.03/arm-none-eabi/lib/libc.a(lib_a-mprec.o)
                                                  /home/kdy560200/arm-2011.03/arm-none-eabi/lib/libc.a(lib_a-dtoa.o)
__mdiff                                           /home/kdy560200/arm-2011.03/arm-none-eabi/lib/libc.a(lib_a-mprec.o)
                                                  /home/kdy560200/arm-2011.03/arm-none-eabi/lib/libc.a(lib_a-dtoa.o)
__mlocale_changed                                 /home/kdy560200/arm-2011.03/arm-none-eabi/lib/libc.a(lib_a-locale.o)
__mprec_bigtens                                   /home/kdy560200/arm-2011.03/arm-none-eabi/lib/libc.a(lib_a-mprec.o)
                                                  /home/kdy560200/arm-2011.03/arm-none-eabi/lib/libc.a(lib_a-dtoa.o)
__mprec_tens                                      /home/kdy560200/arm-2011.03/arm-none-eabi/lib/libc.a(lib_a-mprec.o)
                                                  /home/kdy560200/arm-2011.03/arm-none-eabi/lib/libc.a(lib_a-dtoa.o)
__mprec_tinytens                                  /home/kdy560200/arm-2011.03/arm-none-eabi/lib/libc.a(lib_a-mprec.o)
__muldf3                                          /home/kdy560200/arm-2011.03/lib/gcc/arm-none-eabi/4.5.2/libgcc.a(_arm_muldivdf3.o)
__multadd                                         /home/kdy560200/arm-2011.03/arm-none-eabi/lib/libc.a(lib_a-mprec.o)
                                                  /home/kdy560200/arm-2011.03/arm-none-eabi/lib/libc.a(lib_a-dtoa.o)
__multiply                                        /home/kdy560200/arm-2011.03/arm-none-eabi/lib/libc.a(lib_a-mprec.o)
                                                  /home/kdy560200/arm-2011.03/arm-none-eabi/lib/libc.a(lib_a-dtoa.o)
__nedf2                                           /home/kdy560200/arm-2011.03/lib/gcc/arm-none-eabi/4.5.2/libgcc.a(_arm_cmpdf2.o)
__nlocale_changed                                 /home/kdy560200/arm-2011.03/arm-none-eabi/lib/libc.a(lib_a-locale.o)
__pow5mult                                        /home/kdy560200/arm-2011.03/arm-none-eabi/lib/libc.a(lib_a-mprec.o)
                                                  /home/kdy560200/arm-2011.03/arm-none-eabi/lib/libc.a(lib_a-dtoa.o)
__ratio                                           /home/kdy560200/arm-2011.03/arm-none-eabi/lib/libc.a(lib_a-mprec.o)
__s2b                                             /home/kdy560200/arm-2011.03/arm-none-eabi/lib/libc.a(lib_a-mprec.o)
__ssprint_r                                       /home/kdy560200/arm-2011.03/arm-none-eabi/lib/libc.a(lib_a-svfiprintf.o)
                                                  /home/kdy560200/arm-2011.03/arm-none-eabi/lib/libc.a(lib_a-svfprintf.o)
__subdf3                                          /home/kdy560200/arm-2011.03/lib/gcc/arm-none-eabi/4.5.2/libgcc.a(_arm_addsubdf3.o)
__udivdi3                                         /home/kdy560200/arm-2011.03/lib/gcc/arm-none-eabi/4.5.2/libgcc.a(_udivdi3.o)
                                                  /home/kdy560200/arm-2011.03/lib/gcc/arm-none-eabi/4.5.2/libgcc.a(bpabi.o)
__udivsi3                                         /home/kdy560200/arm-2011.03/lib/gcc/arm-none-eabi/4.5.2/libgcc.a(_udivsi3.o)
__ulp                                             /home/kdy560200/arm-2011.03/arm-none-eabi/lib/libc.a(lib_a-mprec.o)
_calloc_r                                         /home/kdy560200/arm-2011.03/arm-none-eabi/lib/libc.a(lib_a-callocr.o)
                                                  /home/kdy560200/arm-2011.03/arm-none-eabi/lib/libc.a(lib_a-mprec.o)
_dtoa_r                                           /home/kdy560200/arm-2011.03/arm-none-eabi/lib/libc.a(lib_a-dtoa.o)
                                                  /home/kdy560200/arm-2011.03/arm-none-eabi/lib/libc.a(lib_a-svfprintf.o)
_free_r                                           /home/kdy560200/arm-2011.03/arm-none-eabi/lib/libc.a(lib_a-freer.o)
                                                  /home/kdy560200/arm-2011.03/arm-none-eabi/lib/libc.a(lib_a-reent.o)
                                                  /home/kdy560200/arm-2011.03/arm-none-eabi/lib/libc.a(lib_a-reallocr.o)
                                                  /home/kdy560200/arm-2011.03/arm-none-eabi/lib/libc.a(lib_a-svfiprintf.o)
                                                  /home/kdy560200/arm-2011.03/arm-none-eabi/lib/libc.a(lib_a-mallocr.o)
_global_impure_ptr                                /home/kdy560200/arm-2011.03/arm-none-eabi/lib/libc.a(lib_a-impure.o)
_impure_ptr                                       /home/kdy560200/arm-2011.03/arm-none-eabi/lib/libc.a(lib_a-impure.o)
                                                  /home/kdy560200/arm-2011.03/arm-none-eabi/lib/libc.a(lib_a-reent.o)
                                                  /home/kdy560200/arm-2011.03/arm-none-eabi/lib/libc.a(lib_a-locale.o)
                                                  /home/kdy560200/arm-2011.03/arm-none-eabi/lib/libc.a(lib_a-vsprintf.o)
_localeconv_r                                     /home/kdy560200/arm-2011.03/arm-none-eabi/lib/libc.a(lib_a-locale.o)
                                                  /home/kdy560200/arm-2011.03/arm-none-eabi/lib/libc.a(lib_a-svfprintf.o)
_malloc_r                                         /home/kdy560200/arm-2011.03/arm-none-eabi/lib/libc.a(lib_a-mallocr.o)
                                                  /home/kdy560200/arm-2011.03/arm-none-eabi/lib/libc.a(lib_a-reallocr.o)
                                                  /home/kdy560200/arm-2011.03/arm-none-eabi/lib/libc.a(lib_a-callocr.o)
                                                  /home/kdy560200/arm-2011.03/arm-none-eabi/lib/libc.a(lib_a-svfiprintf.o)
                                                  /home/kdy560200/arm-2011.03/arm-none-eabi/lib/libc.a(lib_a-svfprintf.o)
_malloc_trim_r                                    /home/kdy560200/arm-2011.03/arm-none-eabi/lib/libc.a(lib_a-freer.o)
_mprec_log10                                      /home/kdy560200/arm-2011.03/arm-none-eabi/lib/libc.a(lib_a-mprec.o)
_realloc_r                                        /home/kdy560200/arm-2011.03/arm-none-eabi/lib/libc.a(lib_a-reallocr.o)
                                                  /home/kdy560200/arm-2011.03/arm-none-eabi/lib/libc.a(lib_a-svfiprintf.o)
_reclaim_reent                                    /home/kdy560200/arm-2011.03/arm-none-eabi/lib/libc.a(lib_a-reent.o)
_sbrk                                             s3c2450_startup.o
                                                  /home/kdy560200/arm-2011.03/arm-none-eabi/lib/libc.a(lib_a-sbrkr.o)
_sbrk_r                                           /home/kdy560200/arm-2011.03/arm-none-eabi/lib/libc.a(lib_a-sbrkr.o)
                                                  /home/kdy560200/arm-2011.03/arm-none-eabi/lib/libc.a(lib_a-freer.o)
                                                  /home/kdy560200/arm-2011.03/arm-none-eabi/lib/libc.a(lib_a-mallocr.o)
_setlocale_r                                      /home/kdy560200/arm-2011.03/arm-none-eabi/lib/libc.a(lib_a-locale.o)
_start                                            s3c2450_startup.o
_svfiprintf_r                                     /home/kdy560200/arm-2011.03/arm-none-eabi/lib/libc.a(lib_a-svfiprintf.o)
_svfprintf_r                                      /home/kdy560200/arm-2011.03/arm-none-eabi/lib/libc.a(lib_a-svfprintf.o)
                                                  /home/kdy560200/arm-2011.03/arm-none-eabi/lib/libc.a(lib_a-vsprintf.o)
_vsprintf_r                                       /home/kdy560200/arm-2011.03/arm-none-eabi/lib/libc.a(lib_a-vsprintf.o)
_wrapup_reent                                     /home/kdy560200/arm-2011.03/arm-none-eabi/lib/libc.a(lib_a-reent.o)
bss_end_addr                                      s3c2450_startup.o
bss_start_addr                                    s3c2450_startup.o
cleanup_glue                                      /home/kdy560200/arm-2011.03/arm-none-eabi/lib/libc.a(lib_a-reent.o)
data_end_addr                                     s3c2450_startup.o
data_start_addr                                   s3c2450_startup.o
date                                              Main.o
delay_ms                                          Main.o
delay_us                                          Main.o
disp_calendar                                     Calendar.o
eng8x16                                           Lcd_480x272.o
errno                                             /home/kdy560200/arm-2011.03/arm-none-eabi/lib/libc.a(lib_a-reent.o)
                                                  /home/kdy560200/arm-2011.03/arm-none-eabi/lib/libc.a(lib_a-sbrkr.o)
get_days                                          Calendar.o
get_weekday                                       Calendar.o
                                                  Main.o
gpio_init                                         Main.o
han16x16                                          Lcd_480x272.o
hour                                              Main.o
leap_check                                        Calendar.o
localeconv                                        /home/kdy560200/arm-2011.03/arm-none-eabi/lib/libc.a(lib_a-locale.o)
mdays                                             Calendar.o
memchr                                            /home/kdy560200/arm-2011.03/arm-none-eabi/lib/libc.a(lib_a-memchr.o)
                                                  /home/kdy560200/arm-2011.03/arm-none-eabi/lib/libc.a(lib_a-svfiprintf.o)
                                                  /home/kdy560200/arm-2011.03/arm-none-eabi/lib/libc.a(lib_a-svfprintf.o)
memcpy                                            /home/kdy560200/arm-2011.03/arm-none-eabi/lib/libc.a(lib_a-memcpy.o)
                                                  /home/kdy560200/arm-2011.03/arm-none-eabi/lib/libc.a(lib_a-svfiprintf.o)
                                                  /home/kdy560200/arm-2011.03/arm-none-eabi/lib/libc.a(lib_a-mprec.o)
                                                  /home/kdy560200/arm-2011.03/arm-none-eabi/lib/libc.a(lib_a-dtoa.o)
memmove                                           /home/kdy560200/arm-2011.03/arm-none-eabi/lib/libc.a(lib_a-memmove.o)
                                                  /home/kdy560200/arm-2011.03/arm-none-eabi/lib/libc.a(lib_a-reallocr.o)
                                                  /home/kdy560200/arm-2011.03/arm-none-eabi/lib/libc.a(lib_a-svfiprintf.o)
memset                                            /home/kdy560200/arm-2011.03/arm-none-eabi/lib/libc.a(lib_a-memset.o)
                                                  /home/kdy560200/arm-2011.03/arm-none-eabi/lib/libc.a(lib_a-callocr.o)
minute                                            Main.o
month                                             Main.o
rodata_end_addr                                   s3c2450_startup.o
second                                            Main.o
setlocale                                         /home/kdy560200/arm-2011.03/arm-none-eabi/lib/libc.a(lib_a-locale.o)
strcmp                                            /home/kdy560200/arm-2011.03/arm-none-eabi/lib/libc.a(lib_a-strcmp.o)
                                                  /home/kdy560200/arm-2011.03/arm-none-eabi/lib/libc.a(lib_a-locale.o)
strlen                                            /home/kdy560200/arm-2011.03/arm-none-eabi/lib/libc.a(lib_a-strlen.o)
                                                  /home/kdy560200/arm-2011.03/arm-none-eabi/lib/libc.a(lib_a-svfiprintf.o)
                                                  /home/kdy560200/arm-2011.03/arm-none-eabi/lib/libc.a(lib_a-svfprintf.o)
timer0_init                                       Main.o
vsprintf                                          /home/kdy560200/arm-2011.03/arm-none-eabi/lib/libc.a(lib_a-vsprintf.o)
                                                  Lcd_480x272.o
                                                  Uart.o
wdays                                             Calendar.o
                                                  Main.o
year                                              Main.o
