Archive member included because of file (symbol)

/home/kdy560200/arm-2011.03/arm-none-eabi/lib/libc.a(lib_a-vsprintf.o)
                              Uart.o (vsprintf)
/home/kdy560200/arm-2011.03/arm-none-eabi/lib/libc.a(lib_a-impure.o)
                              /home/kdy560200/arm-2011.03/arm-none-eabi/lib/libc.a(lib_a-vsprintf.o) (_impure_ptr)
/home/kdy560200/arm-2011.03/arm-none-eabi/lib/libc.a(lib_a-svfprintf.o)
                              /home/kdy560200/arm-2011.03/arm-none-eabi/lib/libc.a(lib_a-vsprintf.o) (_svfprintf_r)
/home/kdy560200/arm-2011.03/arm-none-eabi/lib/libc.a(lib_a-dtoa.o)
                              /home/kdy560200/arm-2011.03/arm-none-eabi/lib/libc.a(lib_a-svfprintf.o) (_dtoa_r)
/home/kdy560200/arm-2011.03/arm-none-eabi/lib/libc.a(lib_a-locale.o)
                              /home/kdy560200/arm-2011.03/arm-none-eabi/lib/libc.a(lib_a-svfprintf.o) (_localeconv_r)
/home/kdy560200/arm-2011.03/arm-none-eabi/lib/libc.a(lib_a-mallocr.o)
                              /home/kdy560200/arm-2011.03/arm-none-eabi/lib/libc.a(lib_a-svfprintf.o) (_malloc_r)
/home/kdy560200/arm-2011.03/arm-none-eabi/lib/libc.a(lib_a-memchr.o)
                              /home/kdy560200/arm-2011.03/arm-none-eabi/lib/libc.a(lib_a-svfprintf.o) (memchr)
/home/kdy560200/arm-2011.03/arm-none-eabi/lib/libc.a(lib_a-memcpy.o)
                              /home/kdy560200/arm-2011.03/arm-none-eabi/lib/libc.a(lib_a-dtoa.o) (memcpy)
/home/kdy560200/arm-2011.03/arm-none-eabi/lib/libc.a(lib_a-mlock.o)
                              /home/kdy560200/arm-2011.03/arm-none-eabi/lib/libc.a(lib_a-mallocr.o) (__malloc_lock)
/home/kdy560200/arm-2011.03/arm-none-eabi/lib/libc.a(lib_a-mprec.o)
                              /home/kdy560200/arm-2011.03/arm-none-eabi/lib/libc.a(lib_a-dtoa.o) (_Balloc)
/home/kdy560200/arm-2011.03/arm-none-eabi/lib/libc.a(lib_a-s_fpclassify.o)
                              /home/kdy560200/arm-2011.03/arm-none-eabi/lib/libc.a(lib_a-svfprintf.o) (__fpclassifyd)
/home/kdy560200/arm-2011.03/arm-none-eabi/lib/libc.a(lib_a-sbrkr.o)
                              /home/kdy560200/arm-2011.03/arm-none-eabi/lib/libc.a(lib_a-mallocr.o) (_sbrk_r)
/home/kdy560200/arm-2011.03/arm-none-eabi/lib/libc.a(lib_a-strcmp.o)
                              /home/kdy560200/arm-2011.03/arm-none-eabi/lib/libc.a(lib_a-locale.o) (strcmp)
/home/kdy560200/arm-2011.03/arm-none-eabi/lib/libc.a(lib_a-strlen.o)
                              /home/kdy560200/arm-2011.03/arm-none-eabi/lib/libc.a(lib_a-svfprintf.o) (strlen)
/home/kdy560200/arm-2011.03/arm-none-eabi/lib/libc.a(lib_a-svfiprintf.o)
                              /home/kdy560200/arm-2011.03/arm-none-eabi/lib/libc.a(lib_a-svfprintf.o) (__ssprint_r)
/home/kdy560200/arm-2011.03/arm-none-eabi/lib/libc.a(lib_a-callocr.o)
                              /home/kdy560200/arm-2011.03/arm-none-eabi/lib/libc.a(lib_a-mprec.o) (_calloc_r)
/home/kdy560200/arm-2011.03/arm-none-eabi/lib/libc.a(lib_a-freer.o)
                              /home/kdy560200/arm-2011.03/arm-none-eabi/lib/libc.a(lib_a-mallocr.o) (_free_r)
/home/kdy560200/arm-2011.03/arm-none-eabi/lib/libc.a(lib_a-memmove.o)
                              /home/kdy560200/arm-2011.03/arm-none-eabi/lib/libc.a(lib_a-svfiprintf.o) (memmove)
/home/kdy560200/arm-2011.03/arm-none-eabi/lib/libc.a(lib_a-memset.o)
                              /home/kdy560200/arm-2011.03/arm-none-eabi/lib/libc.a(lib_a-callocr.o) (memset)
/home/kdy560200/arm-2011.03/arm-none-eabi/lib/libc.a(lib_a-reallocr.o)
                              /home/kdy560200/arm-2011.03/arm-none-eabi/lib/libc.a(lib_a-svfiprintf.o) (_realloc_r)
/home/kdy560200/arm-2011.03/arm-none-eabi/lib/libc.a(lib_a-reent.o)
                              /home/kdy560200/arm-2011.03/arm-none-eabi/lib/libc.a(lib_a-sbrkr.o) (errno)
/home/kdy560200/arm-2011.03/lib/gcc/arm-none-eabi/4.5.2/libgcc.a(_udivsi3.o)
                              Lcd_480x272.o (__aeabi_uidiv)
/home/kdy560200/arm-2011.03/lib/gcc/arm-none-eabi/4.5.2/libgcc.a(_divsi3.o)
                              Main.o (__aeabi_idiv)
/home/kdy560200/arm-2011.03/lib/gcc/arm-none-eabi/4.5.2/libgcc.a(_dvmd_tls.o)
                              /home/kdy560200/arm-2011.03/lib/gcc/arm-none-eabi/4.5.2/libgcc.a(_udivsi3.o) (__aeabi_idiv0)
/home/kdy560200/arm-2011.03/lib/gcc/arm-none-eabi/4.5.2/libgcc.a(_arm_addsubdf3.o)
                              /home/kdy560200/arm-2011.03/arm-none-eabi/lib/libc.a(lib_a-dtoa.o) (__aeabi_dsub)
/home/kdy560200/arm-2011.03/lib/gcc/arm-none-eabi/4.5.2/libgcc.a(_arm_muldivdf3.o)
                              Timer.o (__aeabi_dmul)
/home/kdy560200/arm-2011.03/lib/gcc/arm-none-eabi/4.5.2/libgcc.a(_arm_cmpdf2.o)
                              /home/kdy560200/arm-2011.03/arm-none-eabi/lib/libc.a(lib_a-svfprintf.o) (__aeabi_dcmpeq)
/home/kdy560200/arm-2011.03/lib/gcc/arm-none-eabi/4.5.2/libgcc.a(_arm_fixdfsi.o)
                              /home/kdy560200/arm-2011.03/arm-none-eabi/lib/libc.a(lib_a-dtoa.o) (__aeabi_d2iz)
[...]
Memory Configuration

Name             Origin             Length             Attributes
CODE             0x30000000         0x04000000         rw
_ISR_START       0x33ffff00         0x00000100         rw
*default*        0x00000000         0xffffffff

Linker script and memory map


.text           0x30000000     0xf474
 *s3c2450_startup.o(.text)
 .text          0x30000000      0x300 s3c2450_startup.o
                0x30000000                _start
                0x300000b0                ResetHandler
                0x300001a8                IsrIRQ
                0x30000254                _sbrk
 *(.text)
 .text          0x30000300      0x2c4 Key.o
                0x30000300                Key_Port_Init
                0x300003cc                Key_Get_Pressed
                0x30000554                Key_Wait_Get_Pressed
                0x3000058c                Key_Wait_Get_Released
 .text          0x300005c4      0x120 Led.o
                0x300005c4                Led_Init
                0x30000620                Led_Display
 *fill*         0x300006e4        0x4 00
 .text          0x300006e8      0x130 Timer.o
                0x300006e8                Timer_Init
                0x3000074c                Timer_Delay
 .text          0x30000818     0x1d40 Main.o
                0x30000818                gpio_init
                0x30000934                EXTI_Init
                0x30000a5c                DMA_Init
                0x30000acc                Uart2_RX_INT_Init
                0x30000b3c                RTC_Init
                0x30000c40                RTC_Tick_Init
                0x30000cb8                ALARM_Init
                0x30000d40                ALARM_Int_Init
                0x30000db8                timer0_init
                0x30000e48                Timer2_Init
                0x30000ed8                Timer2_Int_Init
                0x30000f50                delay_us
                0x30000fec                delay_ms
                0x30001030                WT_Delay
                0x300010bc                Sound
                0x30001190                Viberate_On
                0x300011bc                Viberate_Off
                0x300011e8                Uart2_Check_Overrun_Error
                0x30001214                Time_Show
                0x30001500                TaskBar_Time_Show
                0x300017b8                Temp_Show
                0x300018a8                Dust_Show
                0x300019f4                Alarm_Show
                0x30001a94                Main
                0x300020f8                DMA_Handler
                0x300021d8                TIMER2_Handler
                0x30002228                RTC_TICK
                0x3000226c                RTC_ALARM
                0x300022cc                EINT0_Handler
                0x3000231c                EINT4_7_Handler
                0x30002394                EINT8_23_Handler
                0x3000241c                UART2_RX_Handler
 .text          0x30002558      0x5a0 Uart.o
                0x30002558                Uart_Init
                0x30002614                Uart2_Init
                0x30002724                Uart2_DMA_Init
                0x3000282c                Uart_Printf
                0x30002874                Uart2_Printf
                0x300028bc                Uart_Send_String
                0x3000290c                Uart2_Send_String
                0x3000295c                Uart_Send_Byte
                0x300029e0                Uart2_Send_Byte
                0x30002a64                Uart_Get_Char
                0x30002aac                Uart2_Get_Char
 .text          0x30002af8      0x184 exception.o
                0x30002af8                SWI_Handler
                0x30002b14                Undef_Handler
                0x30002b30                Pabort_Handler
                0x30002b6c                Dabort_Handler
                0x30002ba8                Exception_Init
 .text          0x30002c7c     0x23b4 Lcd_480x272.o
                0x30002c7c                Lcd_Envid_On_Off
                0x30002ce0                Lcd_Power_Enable
                0x30002d04                Lcd_Port_Init
                0x30002e0c                Graphic_Init
                0x30002e40                Lcd_Init
                0x30002f74                Lcd_Set_Address
                0x30002fd4                Lcd_Wait_Blank
                0x30002fec                Lcd_Copy
                0x30003078                Lcd_Select_Frame_Buffer
                0x300030b8                Lcd_Display_Frame_Buffer
                0x300030f0                Lcd_Put_Pixel
                0x30003158                Lcd_Set_Tran_Mode
                0x300031a4                Lcd_Clr_Screen
                0x30003230                Lcd_Part_Clr_Screen
                0x300032c0                Lcd_Line
                0x300037d0                Lcd_Hline
                0x30003868                Lcd_Vline
                0x30003900                Lcd_Rectangular
                0x300039e4                Lcd_Fill_Rectangular
                0x30003ad8                Lcd_Han_Putch
                0x300048f8                Lcd_Eng_Putch
                0x30004b60                Lcd_Puts
                0x30004c74                Lcd_Printf
                0x30004ce8                Lcd_Get_Info_BMP
                0x30004d40                Lcd_Draw_BMP
 .text          0x30005030      0x440 Calendar.o
                0x30005030                leap_check
                0x300050fc                get_days
                0x30005174                get_weekday
                0x300052c0                disp_calendar
 .text          0x30005470      0x498 Dma.o
                0x30005470                DMA0_SW_Init
                0x30005524                DMA0_Timer_Init
                0x300055f0                DMA0_UART_Init
                0x300056bc                DMA0_SW_Start
                0x300057f8                DMA0_HW_Start
 .text          0x30005908      0x6ac libc.o
                0x30005908                MMU_Init
                0x30005b74                MMU_SetMTT
                0x30005c2c                ChangeRomCacheStatus
                0x30005cf8                malloc
                0x30005d98                free
                0x30005dc8                start_timer0
                0x30005e1c                stop_timer0
                0x30005e44                time
                0x30005e74                MemFill
                0x30005ee4                MemDump
 .text          0x30005fb4      0x764 Rtc.o
                0x30005fb4                RTC_Clear
                0x30005fdc                Set_ALM_Time
                0x30006034                Set_ALM_Hour
                0x300060e0                Set_ALM_Minute
                0x3000618c                Set_ALM_Second
                0x30006238                Set_BCD_Time
                0x300062ac                Set_BCD_Year
                0x300063b0                Set_BCD_Month
                0x3000645c                Set_BCD_Date
                0x30006508                Set_BCD_Hour
                0x300065b4                Set_BCD_Minute
                0x30006660                Set_BCD_Second
 .text          0x30006718      0x224 libs.o
                0x30006718                HOW_TO_RETURN
                0x3000671c                CONDITIONAL_EXECUTE
                0x30006720                DATA_PROCESS1
                0x30006724                DATA_PROCESS2
                0x30006728                SUM_OF_DEC
                0x30006730                GRT_COM_MES
                0x30006744                MEMCPY_SINGLE
                0x3000674c                MEMCPY_MULTIPLE
                0x30006754                MEMCPY
                0x300067b0                SET_IF
                0x300067c4                WR_IF
                0x300067cc                CLR_IF
                0x300067dc                MMU_EnableICache
                0x300067ec                MMU_DisableICache
                0x300067fc                MMU_EnableDCache
                0x3000680c                MMU_DisableDCache
                0x3000681c                MMU_EnableAlignFault
                0x3000682c                MMU_DisableAlignFault
                0x3000683c                MMU_EnableMMU
                0x3000684c                MMU_DisableMMU
                0x3000685c                MMU_SetFastBusMode
                0x30006870                MMU_SetAsyncBusMode
                0x30006884                MMU_SetTTBase
                0x3000688c                MMU_SetDomain
                0x30006894                MMU_InvalidateIDCache
                0x3000689c                MMU_InvalidateICache
                0x300068a4                MMU_InvalidateICacheMVA
                0x300068ac                MMU_PrefetchICacheMVA
                0x300068b4                MMU_InvalidateDCache
                0x300068bc                MMU_InvalidateDCacheMVA
                0x300068c4                MMU_CleanDCacheMVA
                0x300068cc                MMU_CleanInvalidateDCacheMVA
                0x300068d4                MMU_CleanDCacheIndex
                0x300068dc                MMU_CleanInvalidateDCacheIndex
                0x300068e4                MMU_WaitForInterrupt
                0x300068ec                MMU_InvalidateTLB
                0x300068f4                MMU_InvalidateITLB
                0x300068fc                MMU_InvalidateITLBMVA
                0x30006904                MMU_InvalidateDTLB
                0x3000690c                MMU_InvalidateDTLBMVA
                0x30006914                MMU_SetDCacheLockdownBase
                0x3000691c                MMU_SetICacheLockdownBase
                0x30006924                MMU_SetDTLBLockdown
                0x3000692c                MMU_SetITLBLockdown
                0x30006934                MMU_SetProcessId
 .text          0x3000693c       0x7c /home/kdy560200/arm-2011.03/arm-none-eabi/lib/libc.a(lib_a-vsprintf.o)
                0x3000693c                _vsprintf_r
                0x3000698c                vsprintf
 .text          0x300069b8        0x0 /home/kdy560200/arm-2011.03/arm-none-eabi/lib/libc.a(lib_a-impure.o)
 .text          0x300069b8     0x2138 /home/kdy560200/arm-2011.03/arm-none-eabi/lib/libc.a(lib_a-svfprintf.o)
                0x300069b8                _svfprintf_r
 .text          0x30008af0     0x17d0 /home/kdy560200/arm-2011.03/arm-none-eabi/lib/libc.a(lib_a-dtoa.o)
                0x30008cc0                _dtoa_r
 .text          0x3000a2c0       0xd0 /home/kdy560200/arm-2011.03/arm-none-eabi/lib/libc.a(lib_a-locale.o)
                0x3000a2c0                _setlocale_r
                0x3000a32c                __locale_charset
                0x3000a338                __locale_mb_cur_max
                0x3000a348                __locale_msgcharset
                0x3000a354                __locale_cjk_lang
                0x3000a35c                _localeconv_r
                0x3000a368                setlocale
                0x3000a384                localeconv
 .text          0x3000a390      0x70c /home/kdy560200/arm-2011.03/arm-none-eabi/lib/libc.a(lib_a-mallocr.o)
                0x3000a390                _malloc_r
 .text          0x3000aa9c      0x104 /home/kdy560200/arm-2011.03/arm-none-eabi/lib/libc.a(lib_a-memchr.o)
                0x3000aa9c                memchr
 .text          0x3000aba0      0x1c0 /home/kdy560200/arm-2011.03/arm-none-eabi/lib/libc.a(lib_a-memcpy.o)
                0x3000aba0                memcpy
 .text          0x3000ad60        0x8 /home/kdy560200/arm-2011.03/arm-none-eabi/lib/libc.a(lib_a-mlock.o)
                0x3000ad60                __malloc_lock
                0x3000ad64                __malloc_unlock
 .text          0x3000ad68      0xcfc /home/kdy560200/arm-2011.03/arm-none-eabi/lib/libc.a(lib_a-mprec.o)
                0x3000ad68                _Balloc
                0x3000adf0                _Bfree
                0x3000ae0c                __multadd
                0x3000aee8                __s2b
                0x3000afd4                __hi0bits
                0x3000b024                __lo0bits
                0x3000b0b4                __i2b
                0x3000b0d8                __multiply
                0x3000b2c0                __pow5mult
                0x3000b3b4                __lshift
                0x3000b4b8                __mcmp
                0x3000b518                __mdiff
                0x3000b670                __ulp
                0x3000b6d0                __b2d
                0x3000b794                __d2b
                0x3000b89c                __ratio
                0x3000b914                _mprec_log10
                0x3000b968                __copybits
                0x3000b9dc                __any_on
 .text          0x3000ba64       0x8c /home/kdy560200/arm-2011.03/arm-none-eabi/lib/libc.a(lib_a-s_fpclassify.o)
                0x3000ba64                __fpclassifyd
 .text          0x3000baf0       0x40 /home/kdy560200/arm-2011.03/arm-none-eabi/lib/libc.a(lib_a-sbrkr.o)
                0x3000baf0                _sbrk_r
 .text          0x3000bb30      0x230 /home/kdy560200/arm-2011.03/arm-none-eabi/lib/libc.a(lib_a-strcmp.o)
                0x3000bb30                strcmp
 .text          0x3000bd60       0x60 /home/kdy560200/arm-2011.03/arm-none-eabi/lib/libc.a(lib_a-strlen.o)
                0x3000bd60                strlen
 .text          0x3000bdc0     0x1238 /home/kdy560200/arm-2011.03/arm-none-eabi/lib/libc.a(lib_a-svfiprintf.o)
                0x3000bdc0                __ssprint_r
                0x3000bf5c                _svfiprintf_r
 .text          0x3000cff8       0x9c /home/kdy560200/arm-2011.03/arm-none-eabi/lib/libc.a(lib_a-callocr.o)
                0x3000cff8                _calloc_r
 .text          0x3000d094      0x360 /home/kdy560200/arm-2011.03/arm-none-eabi/lib/libc.a(lib_a-freer.o)
                0x3000d094                _malloc_trim_r
                0x3000d190                _free_r
 .text          0x3000d3f4      0x128 /home/kdy560200/arm-2011.03/arm-none-eabi/lib/libc.a(lib_a-memmove.o)
                0x3000d3f4                memmove
 .text          0x3000d51c      0x100 /home/kdy560200/arm-2011.03/arm-none-eabi/lib/libc.a(lib_a-memset.o)
                0x3000d51c                memset
 .text          0x3000d61c      0x5c0 /home/kdy560200/arm-2011.03/arm-none-eabi/lib/libc.a(lib_a-reallocr.o)
                0x3000d61c                _realloc_r
 .text          0x3000dbdc      0x1ac /home/kdy560200/arm-2011.03/arm-none-eabi/lib/libc.a(lib_a-reent.o)
                0x3000dbdc                cleanup_glue
                0x3000dc08                _reclaim_reent
                0x3000dd10                _wrapup_reent
 .text          0x3000dd88      0x114 /home/kdy560200/arm-2011.03/lib/gcc/arm-none-eabi/4.5.2/libgcc.a(_udivsi3.o)
                0x3000dd88                __udivsi3
                0x3000dd88                __aeabi_uidiv
                0x3000de7c                __aeabi_uidivmod
 .text          0x3000de9c      0x148 /home/kdy560200/arm-2011.03/lib/gcc/arm-none-eabi/4.5.2/libgcc.a(_divsi3.o)
                0x3000de9c                __aeabi_idiv
                0x3000de9c                __divsi3
                0x3000dfc4                __aeabi_idivmod
 .text          0x3000dfe4        0x4 /home/kdy560200/arm-2011.03/lib/gcc/arm-none-eabi/4.5.2/libgcc.a(_dvmd_tls.o)
                0x3000dfe4                __aeabi_ldiv0
                0x3000dfe4                __aeabi_idiv0
 .text          0x3000dfe8      0x41c /home/kdy560200/arm-2011.03/lib/gcc/arm-none-eabi/4.5.2/libgcc.a(_arm_addsubdf3.o)
                0x3000dfe8                __aeabi_drsub
                0x3000dff0                __aeabi_dsub
                0x3000dff0                __subdf3
                0x3000dff4                __adddf3
                0x3000dff4                __aeabi_dadd
                0x3000e304                __aeabi_ui2d
                0x3000e304                __floatunsidf
                0x3000e328                __floatsidf
                0x3000e328                __aeabi_i2d
                0x3000e350                __extendsfdf2
                0x3000e350                __aeabi_f2d
                0x3000e390                __aeabi_ul2d
                0x3000e390                __floatundidf
                0x3000e3a4                __floatdidf
                0x3000e3a4                __aeabi_l2d
 .text          0x3000e404      0x49c /home/kdy560200/arm-2011.03/lib/gcc/arm-none-eabi/4.5.2/libgcc.a(_arm_muldivdf3.o)
                0x3000e404                __aeabi_dmul
                0x3000e404                __muldf3
                0x3000e694                __aeabi_ddiv
                0x3000e694                __divdf3
 .text          0x3000e8a0      0x144 /home/kdy560200/arm-2011.03/lib/gcc/arm-none-eabi/4.5.2/libgcc.a(_arm_cmpdf2.o)
                0x3000e8a0                __gtdf2
                0x3000e8a0                __gedf2
                0x3000e8a8                __ltdf2
                0x3000e8a8                __ledf2
                0x3000e8b0                __cmpdf2
                0x3000e8b0                __eqdf2
                0x3000e8b0                __nedf2
                0x3000e938                __aeabi_cdrcmple
                0x3000e954                __aeabi_cdcmple
                0x3000e954                __aeabi_cdcmpeq
                0x3000e96c                __aeabi_dcmpeq
                0x3000e984                __aeabi_dcmplt
                0x3000e99c                __aeabi_dcmple
                0x3000e9b4                __aeabi_dcmpge
                0x3000e9cc                __aeabi_dcmpgt
 .text          0x3000e9e4       0x5c /home/kdy560200/arm-2011.03/lib/gcc/arm-none-eabi/4.5.2/libgcc.a(_arm_fixdfsi.o)
                0x3000e9e4                __fixdfsi
                0x3000e9e4                __aeabi_d2iz
 .text          0x3000ea40       0x54 /home/kdy560200/arm-2011.03/lib/gcc/arm-none-eabi/4.5.2/libgcc.a(_arm_fixunsdfsi.o)
                0x3000ea40                __fixunsdfsi
                0x3000ea40                __aeabi_d2uiz
 .text          0x3000ea94       0x3c /home/kdy560200/arm-2011.03/lib/gcc/arm-none-eabi/4.5.2/libgcc.a(_aeabi_uldivmod.o)
                0x3000ea94                __aeabi_uldivmod
 .text          0x3000ead0       0x80 /home/kdy560200/arm-2011.03/lib/gcc/arm-none-eabi/4.5.2/libgcc.a(bpabi.o)
                0x3000ead0                __gnu_ldivmod_helper
                0x3000eb10                __gnu_uldivmod_helper
 .text          0x3000eb50      0x4a8 /home/kdy560200/arm-2011.03/lib/gcc/arm-none-eabi/4.5.2/libgcc.a(_divdi3.o)
                0x3000eb50                __divdi3
 .text          0x3000eff8      0x434 /home/kdy560200/arm-2011.03/lib/gcc/arm-none-eabi/4.5.2/libgcc.a(_udivdi3.o)
                0x3000eff8                __udivdi3
 .text          0x3000f42c       0x48 /home/kdy560200/arm-2011.03/lib/gcc/arm-none-eabi/4.5.2/libgcc.a(_clzsi2.o)
                0x3000f42c                __clzsi2
                0x3000f474                . = ALIGN (0x4)

.glue_7         0x3000f474        0x0
 .glue_7        0x00000000        0x0 linker stubs

.glue_7t        0x3000f474        0x0
 .glue_7t       0x00000000        0x0 linker stubs

.vfp11_veneer   0x3000f474        0x0
 .vfp11_veneer  0x00000000        0x0 linker stubs

.v4_bx          0x3000f474        0x0
 .v4_bx         0x00000000        0x0 linker stubs

.rodata         0x3000f478     0x87a4
                0x3000f478                rodata_start_addr = .
 *(.rodata)
 .rodata        0x3000f478       0x2c Key.o
 .rodata        0x3000f4a4      0x1a8 Main.o
 .rodata        0x3000f64c       0x84 exception.o
 .rodata        0x3000f6d0     0x821c Lcd_480x272.o
                0x3000f6d0                eng8x16
                0x300106d0                han16x16
                0x300133d4                HanTable
 .rodata        0x300178ec       0x90 Calendar.o
 .rodata        0x3001797c       0x70 Dma.o
 .rodata        0x300179ec       0x4c libc.o
 .rodata        0x30017a38       0x10 Rtc.o
 .rodata        0x30017a48        0x4 /home/kdy560200/arm-2011.03/arm-none-eabi/lib/libc.a(lib_a-impure.o)
                0x30017a48                _global_impure_ptr
 .rodata        0x30017a4c       0x20 /home/kdy560200/arm-2011.03/arm-none-eabi/lib/libc.a(lib_a-svfprintf.o)
 *fill*         0x30017a6c        0x4 00
 .rodata        0x30017a70      0x128 /home/kdy560200/arm-2011.03/arm-none-eabi/lib/libc.a(lib_a-mprec.o)
                0x30017a80                __mprec_tens
                0x30017b48                __mprec_bigtens
                0x30017b70                __mprec_tinytens
 .rodata        0x30017b98       0x20 /home/kdy560200/arm-2011.03/arm-none-eabi/lib/libc.a(lib_a-svfiprintf.o)
 *(.rodata.*)
 .rodata.str1.4
                0x30017bb8        0x2 /home/kdy560200/arm-2011.03/arm-none-eabi/lib/libc.a(lib_a-impure.o)
                                  0x4 (size before relaxing)
 *fill*         0x30017bba        0x2 00
 .rodata.str1.4
                0x30017bbc       0x42 /home/kdy560200/arm-2011.03/arm-none-eabi/lib/libc.a(lib_a-svfprintf.o)
                                 0x44 (size before relaxing)
 *fill*         0x30017bfe        0x2 00
 .rodata.str1.4
                0x30017c00       0x10 /home/kdy560200/arm-2011.03/arm-none-eabi/lib/libc.a(lib_a-dtoa.o)
                                 0x14 (size before relaxing)
 .rodata.str1.4
                0x30017c10        0xc /home/kdy560200/arm-2011.03/arm-none-eabi/lib/libc.a(lib_a-locale.o)
                                 0x14 (size before relaxing)
 .rodata.str1.4
                0x00000000       0x30 /home/kdy560200/arm-2011.03/arm-none-eabi/lib/libc.a(lib_a-svfiprintf.o)
                0x30017c1c                . = ALIGN (0x4)
                0x30017c1c                rodata_end_addr = .

.ARM.extab      0x30017c1c        0x0
 .ARM.extab     0x30017c1c        0x0 /home/kdy560200/arm-2011.03/lib/gcc/arm-none-eabi/4.5.2/libgcc.a(_divdi3.o)
 .ARM.extab     0x30017c1c        0x0 /home/kdy560200/arm-2011.03/lib/gcc/arm-none-eabi/4.5.2/libgcc.a(_udivdi3.o)

.ARM.exidx      0x30017c1c        0x8
 .ARM.exidx     0x30017c1c        0x8 /home/kdy560200/arm-2011.03/lib/gcc/arm-none-eabi/4.5.2/libgcc.a(_divdi3.o)
 .ARM.exidx     0x30017c24        0x0 /home/kdy560200/arm-2011.03/lib/gcc/arm-none-eabi/4.5.2/libgcc.a(_udivdi3.o)
                                  0x8 (size before relaxing)

.data           0x30017c28      0x9d8
                0x30017c28                data_start_addr = .
                0x30017c28                __DATA_START__ = .
 *(.data)
 .data          0x30017c28        0x0 s3c2450_startup.o
 .data          0x30017c28        0x0 Key.o
 .data          0x30017c28        0x0 Led.o
 .data          0x30017c28        0x0 Timer.o
 .data          0x30017c28       0x10 Main.o
                0x30017c28                Viberation_duty
                0x30017c29                PWM_Flag
 .data          0x30017c38        0x0 Uart.o
 .data          0x30017c38        0x0 exception.o
 .data          0x30017c38       0xa8 Lcd_480x272.o
 .data          0x30017ce0       0x4c Calendar.o
                0x30017ce0                mdays
                0x30017d10                wdays
 .data          0x30017d2c        0xc Dma.o
 .data          0x30017d38        0x4 libc.o
                0x30017d38                mallocPt
 .data          0x30017d3c        0x0 Rtc.o
 .data          0x30017d3c        0x0 libs.o
 .data          0x30017d3c        0x0 /home/kdy560200/arm-2011.03/arm-none-eabi/lib/libc.a(lib_a-vsprintf.o)
 *fill*         0x30017d3c        0x4 00
 .data          0x30017d40      0x430 /home/kdy560200/arm-2011.03/arm-none-eabi/lib/libc.a(lib_a-impure.o)
                0x30017d40                _impure_ptr
 .data          0x30018170        0x0 /home/kdy560200/arm-2011.03/arm-none-eabi/lib/libc.a(lib_a-svfprintf.o)
 .data          0x30018170        0x0 /home/kdy560200/arm-2011.03/arm-none-eabi/lib/libc.a(lib_a-dtoa.o)
 .data          0x30018170       0x7c /home/kdy560200/arm-2011.03/arm-none-eabi/lib/libc.a(lib_a-locale.o)
                0x30018190                __mb_cur_max
 .data          0x300181ec      0x410 /home/kdy560200/arm-2011.03/arm-none-eabi/lib/libc.a(lib_a-mallocr.o)
                0x300181ec                __malloc_av_
                0x300185f4                __malloc_sbrk_base
                0x300185f8                __malloc_trim_threshold
 .data          0x300185fc        0x0 /home/kdy560200/arm-2011.03/arm-none-eabi/lib/libc.a(lib_a-memchr.o)
 .data          0x300185fc        0x0 /home/kdy560200/arm-2011.03/arm-none-eabi/lib/libc.a(lib_a-memcpy.o)
 .data          0x300185fc        0x0 /home/kdy560200/arm-2011.03/arm-none-eabi/lib/libc.a(lib_a-mlock.o)
 .data          0x300185fc        0x0 /home/kdy560200/arm-2011.03/arm-none-eabi/lib/libc.a(lib_a-mprec.o)
 .data          0x300185fc        0x0 /home/kdy560200/arm-2011.03/arm-none-eabi/lib/libc.a(lib_a-s_fpclassify.o)
 .data          0x300185fc        0x0 /home/kdy560200/arm-2011.03/arm-none-eabi/lib/libc.a(lib_a-sbrkr.o)
 .data          0x300185fc        0x0 /home/kdy560200/arm-2011.03/arm-none-eabi/lib/libc.a(lib_a-strcmp.o)
 .data          0x300185fc        0x0 /home/kdy560200/arm-2011.03/arm-none-eabi/lib/libc.a(lib_a-strlen.o)
 .data          0x300185fc        0x0 /home/kdy560200/arm-2011.03/arm-none-eabi/lib/libc.a(lib_a-svfiprintf.o)
 .data          0x300185fc        0x0 /home/kdy560200/arm-2011.03/arm-none-eabi/lib/libc.a(lib_a-callocr.o)
 .data          0x300185fc        0x0 /home/kdy560200/arm-2011.03/arm-none-eabi/lib/libc.a(lib_a-freer.o)
 .data          0x300185fc        0x0 /home/kdy560200/arm-2011.03/arm-none-eabi/lib/libc.a(lib_a-memmove.o)
 .data          0x300185fc        0x0 /home/kdy560200/arm-2011.03/arm-none-eabi/lib/libc.a(lib_a-memset.o)
 .data          0x300185fc        0x0 /home/kdy560200/arm-2011.03/arm-none-eabi/lib/libc.a(lib_a-reallocr.o)
 .data          0x300185fc        0x0 /home/kdy560200/arm-2011.03/arm-none-eabi/lib/libc.a(lib_a-reent.o)
 .data          0x300185fc        0x0 /home/kdy560200/arm-2011.03/lib/gcc/arm-none-eabi/4.5.2/libgcc.a(_udivsi3.o)
 .data          0x300185fc        0x0 /home/kdy560200/arm-2011.03/lib/gcc/arm-none-eabi/4.5.2/libgcc.a(_divsi3.o)
 .data          0x300185fc        0x0 /home/kdy560200/arm-2011.03/lib/gcc/arm-none-eabi/4.5.2/libgcc.a(_dvmd_tls.o)
 .data          0x300185fc        0x0 /home/kdy560200/arm-2011.03/lib/gcc/arm-none-eabi/4.5.2/libgcc.a(_arm_addsubdf3.o)
 .data          0x300185fc        0x0 /home/kdy560200/arm-2011.03/lib/gcc/arm-none-eabi/4.5.2/libgcc.a(_arm_muldivdf3.o)
 .data          0x300185fc        0x0 /home/kdy560200/arm-2011.03/lib/gcc/arm-none-eabi/4.5.2/libgcc.a(_arm_cmpdf2.o)
 .data          0x300185fc        0x0 /home/kdy560200/arm-2011.03/lib/gcc/arm-none-eabi/4.5.2/libgcc.a(_arm_fixdfsi.o)
 .data          0x300185fc        0x0 /home/kdy560200/arm-2011.03/lib/gcc/arm-none-eabi/4.5.2/libgcc.a(_arm_fixunsdfsi.o)
 .data          0x300185fc        0x0 /home/kdy560200/arm-2011.03/lib/gcc/arm-none-eabi/4.5.2/libgcc.a(_aeabi_uldivmod.o)
 .data          0x300185fc        0x0 /home/kdy560200/arm-2011.03/lib/gcc/arm-none-eabi/4.5.2/libgcc.a(bpabi.o)
 .data          0x300185fc        0x0 /home/kdy560200/arm-2011.03/lib/gcc/arm-none-eabi/4.5.2/libgcc.a(_divdi3.o)
 .data          0x300185fc        0x0 /home/kdy560200/arm-2011.03/lib/gcc/arm-none-eabi/4.5.2/libgcc.a(_udivdi3.o)
 .data          0x300185fc        0x0 /home/kdy560200/arm-2011.03/lib/gcc/arm-none-eabi/4.5.2/libgcc.a(_clzsi2.o)
 *(.data.*)
                0x30018600                . = ALIGN (0x8)
 *fill*         0x300185fc        0x4 00
                0x30018600                data_end_addr = .
                0x30018600                __DATA_END__ = .

.bss            0x30018600       0x98
                0x30018600                bss_start_addr = .
                0x30018600                __BSS_START__ = .
 *(.bss)
 .bss           0x30018600        0x0 s3c2450_startup.o
 .bss           0x30018600        0x0 Key.o
 .bss           0x30018600        0x0 Led.o
 .bss           0x30018600        0x0 Timer.o
 .bss           0x30018600       0x2c Main.o
                0x30018600                Old_Sec
                0x30018604                Menu
                0x30018608                Lcd_Refresh
                0x30018609                Alarm_State
                0x30018610                Response
                0x30018618                S_Buffer
                0x30018628                A_Buffer
 .bss           0x3001862c        0x0 Uart.o
 .bss           0x3001862c        0x0 exception.o
 .bss           0x3001862c       0x20 Lcd_480x272.o
                0x3001862c                Fb_ptr
 .bss           0x3001864c        0x0 Calendar.o
 .bss           0x3001864c        0x4 Dma.o
 .bss           0x30018650        0x0 libc.o
 .bss           0x30018650        0x0 Rtc.o
 .bss           0x30018650        0x0 libs.o
 .bss           0x30018650        0x0 /home/kdy560200/arm-2011.03/arm-none-eabi/lib/libc.a(lib_a-vsprintf.o)
 .bss           0x30018650        0x0 /home/kdy560200/arm-2011.03/arm-none-eabi/lib/libc.a(lib_a-impure.o)
 .bss           0x30018650        0x0 /home/kdy560200/arm-2011.03/arm-none-eabi/lib/libc.a(lib_a-svfprintf.o)
 .bss           0x30018650        0x0 /home/kdy560200/arm-2011.03/arm-none-eabi/lib/libc.a(lib_a-dtoa.o)
 .bss           0x30018650        0xc /home/kdy560200/arm-2011.03/arm-none-eabi/lib/libc.a(lib_a-locale.o)
                0x30018650                __nlocale_changed
                0x30018654                __mlocale_changed
                0x30018658                _PathLocale
 .bss           0x3001865c       0x34 /home/kdy560200/arm-2011.03/arm-none-eabi/lib/libc.a(lib_a-mallocr.o)
                0x3001865c                __malloc_top_pad
                0x30018660                __malloc_current_mallinfo
                0x30018688                __malloc_max_sbrked_mem
                0x3001868c                __malloc_max_total_mem
 .bss           0x30018690        0x0 /home/kdy560200/arm-2011.03/arm-none-eabi/lib/libc.a(lib_a-memchr.o)
 .bss           0x30018690        0x0 /home/kdy560200/arm-2011.03/arm-none-eabi/lib/libc.a(lib_a-memcpy.o)
 .bss           0x30018690        0x0 /home/kdy560200/arm-2011.03/arm-none-eabi/lib/libc.a(lib_a-mlock.o)
 .bss           0x30018690        0x0 /home/kdy560200/arm-2011.03/arm-none-eabi/lib/libc.a(lib_a-mprec.o)
 .bss           0x30018690        0x0 /home/kdy560200/arm-2011.03/arm-none-eabi/lib/libc.a(lib_a-s_fpclassify.o)
 .bss           0x30018690        0x0 /home/kdy560200/arm-2011.03/arm-none-eabi/lib/libc.a(lib_a-sbrkr.o)
 .bss           0x30018690        0x0 /home/kdy560200/arm-2011.03/arm-none-eabi/lib/libc.a(lib_a-strcmp.o)
 .bss           0x30018690        0x0 /home/kdy560200/arm-2011.03/arm-none-eabi/lib/libc.a(lib_a-strlen.o)
 .bss           0x30018690        0x0 /home/kdy560200/arm-2011.03/arm-none-eabi/lib/libc.a(lib_a-svfiprintf.o)
 .bss           0x30018690        0x0 /home/kdy560200/arm-2011.03/arm-none-eabi/lib/libc.a(lib_a-callocr.o)
 .bss           0x30018690        0x0 /home/kdy560200/arm-2011.03/arm-none-eabi/lib/libc.a(lib_a-freer.o)
 .bss           0x30018690        0x0 /home/kdy560200/arm-2011.03/arm-none-eabi/lib/libc.a(lib_a-memmove.o)
 .bss           0x30018690        0x0 /home/kdy560200/arm-2011.03/arm-none-eabi/lib/libc.a(lib_a-memset.o)
 .bss           0x30018690        0x0 /home/kdy560200/arm-2011.03/arm-none-eabi/lib/libc.a(lib_a-reallocr.o)
 .bss           0x30018690        0x0 /home/kdy560200/arm-2011.03/arm-none-eabi/lib/libc.a(lib_a-reent.o)
 .bss           0x30018690        0x0 /home/kdy560200/arm-2011.03/lib/gcc/arm-none-eabi/4.5.2/libgcc.a(_udivsi3.o)
 .bss           0x30018690        0x0 /home/kdy560200/arm-2011.03/lib/gcc/arm-none-eabi/4.5.2/libgcc.a(_divsi3.o)
 .bss           0x30018690        0x0 /home/kdy560200/arm-2011.03/lib/gcc/arm-none-eabi/4.5.2/libgcc.a(_dvmd_tls.o)
 .bss           0x30018690        0x0 /home/kdy560200/arm-2011.03/lib/gcc/arm-none-eabi/4.5.2/libgcc.a(_arm_addsubdf3.o)
 .bss           0x30018690        0x0 /home/kdy560200/arm-2011.03/lib/gcc/arm-none-eabi/4.5.2/libgcc.a(_arm_muldivdf3.o)
 .bss           0x30018690        0x0 /home/kdy560200/arm-2011.03/lib/gcc/arm-none-eabi/4.5.2/libgcc.a(_arm_cmpdf2.o)
 .bss           0x30018690        0x0 /home/kdy560200/arm-2011.03/lib/gcc/arm-none-eabi/4.5.2/libgcc.a(_arm_fixdfsi.o)
 .bss           0x30018690        0x0 /home/kdy560200/arm-2011.03/lib/gcc/arm-none-eabi/4.5.2/libgcc.a(_arm_fixunsdfsi.o)
 .bss           0x30018690        0x0 /home/kdy560200/arm-2011.03/lib/gcc/arm-none-eabi/4.5.2/libgcc.a(_aeabi_uldivmod.o)
 .bss           0x30018690        0x0 /home/kdy560200/arm-2011.03/lib/gcc/arm-none-eabi/4.5.2/libgcc.a(bpabi.o)
 .bss           0x30018690        0x0 /home/kdy560200/arm-2011.03/lib/gcc/arm-none-eabi/4.5.2/libgcc.a(_divdi3.o)
 .bss           0x30018690        0x0 /home/kdy560200/arm-2011.03/lib/gcc/arm-none-eabi/4.5.2/libgcc.a(_udivdi3.o)
 .bss           0x30018690        0x0 /home/kdy560200/arm-2011.03/lib/gcc/arm-none-eabi/4.5.2/libgcc.a(_clzsi2.o)
 *(.bss.*)
 *(COMMON)
 COMMON         0x30018690        0x4 /home/kdy560200/arm-2011.03/arm-none-eabi/lib/libc.a(lib_a-reent.o)
                0x30018690                errno
                0x30018698                . = ALIGN (0x8)
 *fill*         0x30018694        0x4 00
                0x30018698                bss_end_addr = .
                0x30018698                __BSS_END__ = .
                0x30018698                end = .
                0x30018698                PROVIDE (end, .)

.int_vec        0x33ffff00       0xc0
 s3c2450_startup.o(int_vect)
 int_vect       0x33ffff00       0xc0 s3c2450_startup.o
                0x33ffff00                HandleReset
                0x33ffff04                HandleUndef
                0x33ffff08                HandleSWI
                0x33ffff0c                HandlePabort
                0x33ffff10                HandleDabort
                0x33ffff14                HandleReserved
                0x33ffff18                HandleIRQ
                0x33ffff1c                HandleFIQ
                0x33ffff20                HandleEINT0
                0x33ffff24                HandleEINT1
                0x33ffff28                HandleEINT2
                0x33ffff2c                HandleEINT3
                0x33ffff30                HandleEINT4_7
                0x33ffff34                HandleEINT8_23
                0x33ffff38                HandleCAM
                0x33ffff3c                HandleBATFLT
                0x33ffff40                HandleTICK
                0x33ffff44                HandleWDT
                0x33ffff48                HandleTIMER0
                0x33ffff4c                HandleTIMER1
                0x33ffff50                HandleTIMER2
                0x33ffff54                HandleTIMER3
                0x33ffff58                HandleTIMER4
                0x33ffff5c                HandleUART2
                0x33ffff60                HandleLCD
                0x33ffff64                HandleDMA
                0x33ffff68                HandleUART3
                0x33ffff6c                HandleCFCON
                0x33ffff70                HandleSDI1
                0x33ffff74                HandleSDI0
                0x33ffff78                HandleSPI0
                0x33ffff7c                HandleUART1
                0x33ffff80                HandleNFCON
                0x33ffff84                HandleUSBD
                0x33ffff88                HandleUSBH
                0x33ffff8c                HandleIIC
                0x33ffff90                HandleUART0
                0x33ffff94                HandleSPI1
                0x33ffff98                HandleRTC
                0x33ffff9c                HandleADC
                0x33ffffa0                Handle2D
                0x33ffffa4                HandleIIC1
                0x33ffffa8                HandleRSV1
                0x33ffffac                HandleRSV2
                0x33ffffb0                HandlePCM0
                0x33ffffb4                HandlePCM1
                0x33ffffb8                HandleI2S0
                0x33ffffbc                HandleI2S1
LOAD Key.o
LOAD Led.o
LOAD Timer.o
LOAD Main.o
LOAD Uart.o
LOAD exception.o
LOAD Lcd_480x272.o
LOAD Calendar.o
LOAD Dma.o
LOAD libc.o
LOAD Rtc.o
LOAD s3c2450_startup.o
LOAD libs.o
LOAD /home/kdy560200/arm-2011.03/arm-none-eabi/lib/libc.a
LOAD /home/kdy560200/arm-2011.03/lib/gcc/arm-none-eabi/4.5.2/libgcc.a
LOAD /home/kdy560200/arm-2011.03/lib/gcc/arm-none-eabi/4.5.2/libgcc.a
OUTPUT(MDS2450 elf32-littlearm)

.ARM.attributes
                0x00000000       0x28
 .ARM.attributes
                0x00000000       0x1c s3c2450_startup.o
 .ARM.attributes
                0x0000001c       0x2c Key.o
 .ARM.attributes
                0x00000048       0x2c Led.o
 .ARM.attributes
                0x00000074       0x2c Timer.o
 .ARM.attributes
                0x000000a0       0x2c Main.o
 .ARM.attributes
                0x000000cc       0x2c Uart.o
 .ARM.attributes
                0x000000f8       0x2c exception.o
 .ARM.attributes
                0x00000124       0x2c Lcd_480x272.o
 .ARM.attributes
                0x00000150       0x2c Calendar.o
 .ARM.attributes
                0x0000017c       0x2c Dma.o
 .ARM.attributes
                0x000001a8       0x2c libc.o
 .ARM.attributes
                0x000001d4       0x2c Rtc.o
 .ARM.attributes
                0x00000200       0x1c libs.o
 .ARM.attributes
                0x0000021c       0x34 /home/kdy560200/arm-2011.03/arm-none-eabi/lib/libc.a(lib_a-vsprintf.o)
 .ARM.attributes
                0x00000250       0x34 /home/kdy560200/arm-2011.03/arm-none-eabi/lib/libc.a(lib_a-impure.o)
 .ARM.attributes
                0x00000284       0x34 /home/kdy560200/arm-2011.03/arm-none-eabi/lib/libc.a(lib_a-svfprintf.o)
 .ARM.attributes
                0x000002b8       0x34 /home/kdy560200/arm-2011.03/arm-none-eabi/lib/libc.a(lib_a-dtoa.o)
 .ARM.attributes
                0x000002ec       0x34 /home/kdy560200/arm-2011.03/arm-none-eabi/lib/libc.a(lib_a-locale.o)
 .ARM.attributes
                0x00000320       0x34 /home/kdy560200/arm-2011.03/arm-none-eabi/lib/libc.a(lib_a-mallocr.o)
 .ARM.attributes
                0x00000354       0x34 /home/kdy560200/arm-2011.03/arm-none-eabi/lib/libc.a(lib_a-memchr.o)
 .ARM.attributes
                0x00000388       0x34 /home/kdy560200/arm-2011.03/arm-none-eabi/lib/libc.a(lib_a-memcpy.o)
 .ARM.attributes
                0x000003bc       0x34 /home/kdy560200/arm-2011.03/arm-none-eabi/lib/libc.a(lib_a-mlock.o)
 .ARM.attributes
                0x000003f0       0x34 /home/kdy560200/arm-2011.03/arm-none-eabi/lib/libc.a(lib_a-mprec.o)
 .ARM.attributes
                0x00000424       0x34 /home/kdy560200/arm-2011.03/arm-none-eabi/lib/libc.a(lib_a-s_fpclassify.o)
 .ARM.attributes
                0x00000458       0x34 /home/kdy560200/arm-2011.03/arm-none-eabi/lib/libc.a(lib_a-sbrkr.o)
 .ARM.attributes
                0x0000048c       0x34 /home/kdy560200/arm-2011.03/arm-none-eabi/lib/libc.a(lib_a-strcmp.o)
 .ARM.attributes
                0x000004c0       0x34 /home/kdy560200/arm-2011.03/arm-none-eabi/lib/libc.a(lib_a-strlen.o)
 .ARM.attributes
                0x000004f4       0x34 /home/kdy560200/arm-2011.03/arm-none-eabi/lib/libc.a(lib_a-svfiprintf.o)
 .ARM.attributes
                0x00000528       0x34 /home/kdy560200/arm-2011.03/arm-none-eabi/lib/libc.a(lib_a-callocr.o)
 .ARM.attributes
                0x0000055c       0x34 /home/kdy560200/arm-2011.03/arm-none-eabi/lib/libc.a(lib_a-freer.o)
 .ARM.attributes
                0x00000590       0x34 /home/kdy560200/arm-2011.03/arm-none-eabi/lib/libc.a(lib_a-memmove.o)
 .ARM.attributes
                0x000005c4       0x34 /home/kdy560200/arm-2011.03/arm-none-eabi/lib/libc.a(lib_a-memset.o)
 .ARM.attributes
                0x000005f8       0x34 /home/kdy560200/arm-2011.03/arm-none-eabi/lib/libc.a(lib_a-reallocr.o)
 .ARM.attributes
                0x0000062c       0x34 /home/kdy560200/arm-2011.03/arm-none-eabi/lib/libc.a(lib_a-reent.o)
 .ARM.attributes
                0x00000660       0x1a /home/kdy560200/arm-2011.03/lib/gcc/arm-none-eabi/4.5.2/libgcc.a(_udivsi3.o)
 .ARM.attributes
                0x0000067a       0x1a /home/kdy560200/arm-2011.03/lib/gcc/arm-none-eabi/4.5.2/libgcc.a(_divsi3.o)
 .ARM.attributes
                0x00000694       0x18 /home/kdy560200/arm-2011.03/lib/gcc/arm-none-eabi/4.5.2/libgcc.a(_dvmd_tls.o)
 .ARM.attributes
                0x000006ac       0x1a /home/kdy560200/arm-2011.03/lib/gcc/arm-none-eabi/4.5.2/libgcc.a(_arm_addsubdf3.o)
 .ARM.attributes
                0x000006c6       0x1a /home/kdy560200/arm-2011.03/lib/gcc/arm-none-eabi/4.5.2/libgcc.a(_arm_muldivdf3.o)
 .ARM.attributes
                0x000006e0       0x1a /home/kdy560200/arm-2011.03/lib/gcc/arm-none-eabi/4.5.2/libgcc.a(_arm_cmpdf2.o)
 .ARM.attributes
                0x000006fa       0x1a /home/kdy560200/arm-2011.03/lib/gcc/arm-none-eabi/4.5.2/libgcc.a(_arm_fixdfsi.o)
 .ARM.attributes
                0x00000714       0x1a /home/kdy560200/arm-2011.03/lib/gcc/arm-none-eabi/4.5.2/libgcc.a(_arm_fixunsdfsi.o)
 .ARM.attributes
                0x0000072e       0x1a /home/kdy560200/arm-2011.03/lib/gcc/arm-none-eabi/4.5.2/libgcc.a(_aeabi_uldivmod.o)
 .ARM.attributes
                0x00000748       0x34 /home/kdy560200/arm-2011.03/lib/gcc/arm-none-eabi/4.5.2/libgcc.a(bpabi.o)
 .ARM.attributes
                0x0000077c       0x34 /home/kdy560200/arm-2011.03/lib/gcc/arm-none-eabi/4.5.2/libgcc.a(_divdi3.o)
 .ARM.attributes
                0x000007b0       0x34 /home/kdy560200/arm-2011.03/lib/gcc/arm-none-eabi/4.5.2/libgcc.a(_udivdi3.o)
 .ARM.attributes
                0x000007e4       0x1a /home/kdy560200/arm-2011.03/lib/gcc/arm-none-eabi/4.5.2/libgcc.a(_clzsi2.o)

.comment        0x00000000       0x2a
 .comment       0x00000000       0x2a Key.o
                                 0x2b (size before relaxing)
 .comment       0x00000000       0x2b Led.o
 .comment       0x00000000       0x2b Timer.o
 .comment       0x00000000       0x2b Main.o
 .comment       0x00000000       0x2b Uart.o
 .comment       0x00000000       0x2b exception.o
 .comment       0x00000000       0x2b Lcd_480x272.o
 .comment       0x00000000       0x2b Calendar.o
 .comment       0x00000000       0x2b Dma.o
 .comment       0x00000000       0x2b libc.o
 .comment       0x00000000       0x2b Rtc.o

.debug_line     0x00000000      0xe97
 .debug_line    0x00000000       0xba s3c2450_startup.o
 .debug_line    0x000000ba       0x92 Key.o
 .debug_line    0x0000014c       0x58 Led.o
 .debug_line    0x000001a4       0x4f Timer.o
 .debug_line    0x000001f3      0x27f Main.o
 .debug_line    0x00000472      0x11b Uart.o
 .debug_line    0x0000058d       0x67 exception.o
 .debug_line    0x000005f4      0x4d7 Lcd_480x272.o
 .debug_line    0x00000acb       0xd5 Calendar.o
 .debug_line    0x00000ba0       0x6f Dma.o
 .debug_line    0x00000c0f       0xf6 libc.o
 .debug_line    0x00000d05       0x90 Rtc.o
 .debug_line    0x00000d95      0x102 libs.o

.debug_info     0x00000000     0x3ae1
 .debug_info    0x00000000       0x69 s3c2450_startup.o
 .debug_info    0x00000069       0xee Key.o
 .debug_info    0x00000157       0x83 Led.o
 .debug_info    0x000001da       0x78 Timer.o
 .debug_info    0x00000252     0x1d2a Main.o
 .debug_info    0x00001f7c      0x26f Uart.o
 .debug_info    0x000021eb      0x130 exception.o
 .debug_info    0x0000231b      0xc82 Lcd_480x272.o
 .debug_info    0x00002f9d      0x1db Calendar.o
 .debug_info    0x00003178       0xe8 Dma.o
 .debug_info    0x00003260      0x462 libc.o
 .debug_info    0x000036c2      0x3c1 Rtc.o
 .debug_info    0x00003a83       0x5e libs.o

.debug_abbrev   0x00000000      0x9fc
 .debug_abbrev  0x00000000       0x14 s3c2450_startup.o
 .debug_abbrev  0x00000014       0x99 Key.o
 .debug_abbrev  0x000000ad       0x72 Led.o
 .debug_abbrev  0x0000011f       0x65 Timer.o
 .debug_abbrev  0x00000184      0x233 Main.o
 .debug_abbrev  0x000003b7       0xe2 Uart.o
 .debug_abbrev  0x00000499       0x7d exception.o
 .debug_abbrev  0x00000516      0x18c Lcd_480x272.o
 .debug_abbrev  0x000006a2       0xbb Calendar.o
 .debug_abbrev  0x0000075d       0x52 Dma.o
 .debug_abbrev  0x000007af      0x181 libc.o
 .debug_abbrev  0x00000930       0xb8 Rtc.o
 .debug_abbrev  0x000009e8       0x14 libs.o

.debug_aranges  0x00000000      0x1a0
 .debug_aranges
                0x00000000       0x20 s3c2450_startup.o
 .debug_aranges
                0x00000020       0x20 Key.o
 .debug_aranges
                0x00000040       0x20 Led.o
 .debug_aranges
                0x00000060       0x20 Timer.o
 .debug_aranges
                0x00000080       0x20 Main.o
 .debug_aranges
                0x000000a0       0x20 Uart.o
 .debug_aranges
                0x000000c0       0x20 exception.o
 .debug_aranges
                0x000000e0       0x20 Lcd_480x272.o
 .debug_aranges
                0x00000100       0x20 Calendar.o
 .debug_aranges
                0x00000120       0x20 Dma.o
 .debug_aranges
                0x00000140       0x20 libc.o
 .debug_aranges
                0x00000160       0x20 Rtc.o
 .debug_aranges
                0x00000180       0x20 libs.o

.debug_loc      0x00000000     0x1340
 .debug_loc     0x00000000       0xb0 Key.o
 .debug_loc     0x000000b0       0x58 Led.o
 .debug_loc     0x00000108       0x58 Timer.o
 .debug_loc     0x00000160      0x580 Main.o
 .debug_loc     0x000006e0      0x1e4 Uart.o
 .debug_loc     0x000008c4       0xdc exception.o
 .debug_loc     0x000009a0      0x44c Lcd_480x272.o
 .debug_loc     0x00000dec       0xb0 Calendar.o
 .debug_loc     0x00000e9c       0xdc Dma.o
 .debug_loc     0x00000f78      0x1b8 libc.o
 .debug_loc     0x00001130      0x210 Rtc.o

.debug_pubnames
                0x00000000      0x924
 .debug_pubnames
                0x00000000       0x6b Key.o
 .debug_pubnames
                0x0000006b       0x2f Led.o
 .debug_pubnames
                0x0000009a       0x31 Timer.o
 .debug_pubnames
                0x000000cb      0x299 Main.o
 .debug_pubnames
                0x00000364       0xda Uart.o
 .debug_pubnames
                0x0000043e       0x6d exception.o
 .debug_pubnames
                0x000004ab      0x219 Lcd_480x272.o
 .debug_pubnames
                0x000006c4       0x64 Calendar.o
 .debug_pubnames
                0x00000728       0x6e Dma.o
 .debug_pubnames
                0x00000796       0xaa libc.o
 .debug_pubnames
                0x00000840       0xe4 Rtc.o

.debug_pubtypes
                0x00000000      0x27e
 .debug_pubtypes
                0x00000000       0x12 Key.o
 .debug_pubtypes
                0x00000012       0x12 Led.o
 .debug_pubtypes
                0x00000024       0x12 Timer.o
 .debug_pubtypes
                0x00000036      0x14f Main.o
 .debug_pubtypes
                0x00000185       0x3f Uart.o
 .debug_pubtypes
                0x000001c4       0x3f Lcd_480x272.o
 .debug_pubtypes
                0x00000203       0x12 Calendar.o
 .debug_pubtypes
                0x00000215       0x12 Dma.o
 .debug_pubtypes
                0x00000227       0x12 libc.o
 .debug_pubtypes
                0x00000239       0x45 Rtc.o

.debug_str      0x00000000     0x1011
 .debug_str     0x00000000       0x9e Key.o
                                 0xab (size before relaxing)
 .debug_str     0x0000009e       0x1b Led.o
                                 0x75 (size before relaxing)
 .debug_str     0x000000b9       0x19 Timer.o
                                 0x79 (size before relaxing)
 .debug_str     0x000000d2      0x87d Main.o
                                0x937 (size before relaxing)
 .debug_str     0x0000094f       0xd2 Uart.o
                                0x12b (size before relaxing)
 .debug_str     0x00000a21       0x9b exception.o
                                 0xe2 (size before relaxing)
 .debug_str     0x00000abc      0x25c Lcd_480x272.o
                                0x330 (size before relaxing)
 .debug_str     0x00000d18       0x3f Calendar.o
                                 0xba (size before relaxing)
 .debug_str     0x00000d57       0x4e Dma.o
                                 0xc2 (size before relaxing)
 .debug_str     0x00000da5      0x196 libc.o
                                0x20d (size before relaxing)
 .debug_str     0x00000f3b       0xd6 Rtc.o
                                0x182 (size before relaxing)

.debug_frame    0x00000000     0x1708
 .debug_frame   0x00000000       0x90 Key.o
 .debug_frame   0x00000090       0x50 Led.o
 .debug_frame   0x000000e0       0x54 Timer.o
 .debug_frame   0x00000134      0x45c Main.o
 .debug_frame   0x00000590      0x188 Uart.o
 .debug_frame   0x00000718       0xb0 exception.o
 .debug_frame   0x000007c8      0x330 Lcd_480x272.o
 .debug_frame   0x00000af8       0x90 Calendar.o
 .debug_frame   0x00000b88       0xb0 Dma.o
 .debug_frame   0x00000c38      0x150 libc.o
 .debug_frame   0x00000d88      0x190 Rtc.o
 .debug_frame   0x00000f18       0x44 /home/kdy560200/arm-2011.03/arm-none-eabi/lib/libc.a(lib_a-vsprintf.o)
 .debug_frame   0x00000f5c       0x3c /home/kdy560200/arm-2011.03/arm-none-eabi/lib/libc.a(lib_a-svfprintf.o)
 .debug_frame   0x00000f98       0x64 /home/kdy560200/arm-2011.03/arm-none-eabi/lib/libc.a(lib_a-dtoa.o)
 .debug_frame   0x00000ffc       0x98 /home/kdy560200/arm-2011.03/arm-none-eabi/lib/libc.a(lib_a-locale.o)
 .debug_frame   0x00001094       0x3c /home/kdy560200/arm-2011.03/arm-none-eabi/lib/libc.a(lib_a-mallocr.o)
 .debug_frame   0x000010d0       0x2c /home/kdy560200/arm-2011.03/arm-none-eabi/lib/libc.a(lib_a-memchr.o)
 .debug_frame   0x000010fc       0x30 /home/kdy560200/arm-2011.03/arm-none-eabi/lib/libc.a(lib_a-memcpy.o)
 .debug_frame   0x0000112c       0x30 /home/kdy560200/arm-2011.03/arm-none-eabi/lib/libc.a(lib_a-mlock.o)
 .debug_frame   0x0000115c      0x228 /home/kdy560200/arm-2011.03/arm-none-eabi/lib/libc.a(lib_a-mprec.o)
 .debug_frame   0x00001384       0x28 /home/kdy560200/arm-2011.03/arm-none-eabi/lib/libc.a(lib_a-s_fpclassify.o)
 .debug_frame   0x000013ac       0x2c /home/kdy560200/arm-2011.03/arm-none-eabi/lib/libc.a(lib_a-sbrkr.o)
 .debug_frame   0x000013d8       0x30 /home/kdy560200/arm-2011.03/arm-none-eabi/lib/libc.a(lib_a-strcmp.o)
 .debug_frame   0x00001408       0x20 /home/kdy560200/arm-2011.03/arm-none-eabi/lib/libc.a(lib_a-strlen.o)
 .debug_frame   0x00001428       0x68 /home/kdy560200/arm-2011.03/arm-none-eabi/lib/libc.a(lib_a-svfiprintf.o)
 .debug_frame   0x00001490       0x28 /home/kdy560200/arm-2011.03/arm-none-eabi/lib/libc.a(lib_a-callocr.o)
 .debug_frame   0x000014b8       0x50 /home/kdy560200/arm-2011.03/arm-none-eabi/lib/libc.a(lib_a-freer.o)
 .debug_frame   0x00001508       0x2c /home/kdy560200/arm-2011.03/arm-none-eabi/lib/libc.a(lib_a-memmove.o)
 .debug_frame   0x00001534       0x28 /home/kdy560200/arm-2011.03/arm-none-eabi/lib/libc.a(lib_a-memset.o)
 .debug_frame   0x0000155c       0x3c /home/kdy560200/arm-2011.03/arm-none-eabi/lib/libc.a(lib_a-reallocr.o)
 .debug_frame   0x00001598       0x68 /home/kdy560200/arm-2011.03/arm-none-eabi/lib/libc.a(lib_a-reent.o)
 .debug_frame   0x00001600       0x20 /home/kdy560200/arm-2011.03/lib/gcc/arm-none-eabi/4.5.2/libgcc.a(_udivsi3.o)
 .debug_frame   0x00001620       0x20 /home/kdy560200/arm-2011.03/lib/gcc/arm-none-eabi/4.5.2/libgcc.a(_divsi3.o)
 .debug_frame   0x00001640       0x50 /home/kdy560200/arm-2011.03/lib/gcc/arm-none-eabi/4.5.2/libgcc.a(bpabi.o)
 .debug_frame   0x00001690       0x3c /home/kdy560200/arm-2011.03/lib/gcc/arm-none-eabi/4.5.2/libgcc.a(_divdi3.o)
 .debug_frame   0x000016cc       0x3c /home/kdy560200/arm-2011.03/lib/gcc/arm-none-eabi/4.5.2/libgcc.a(_udivdi3.o)

Cross Reference Table

Symbol                                            File
ALARM_Init                                        Main.o
ALARM_Int_Init                                    Main.o
A_Buffer                                          Main.o
Alarm_Show                                        Main.o
Alarm_State                                       Main.o
CLR_IF                                            libs.o
CONDITIONAL_EXECUTE                               libs.o
ChangeRomCacheStatus                              libc.o
DATA_PROCESS1                                     libs.o
DATA_PROCESS2                                     libs.o
DMA0_HW_Start                                     Dma.o
                                                  Main.o
DMA0_SW_Init                                      Dma.o
DMA0_SW_Start                                     Dma.o
DMA0_Timer_Init                                   Dma.o
DMA0_UART_Init                                    Dma.o
                                                  Main.o
DMA_Handler                                       Main.o
DMA_Init                                          Main.o
Dabort_Handler                                    exception.o
Dust_Show                                         Main.o
EINT0_Handler                                     Main.o
EINT4_7_Handler                                   Main.o
EINT8_23_Handler                                  Main.o
EXTI_Init                                         Main.o
Exception_Init                                    exception.o
                                                  s3c2450_startup.o
Fb_ptr                                            Lcd_480x272.o
GRT_COM_MES                                       libs.o
Graphic_Init                                      Lcd_480x272.o
                                                  Main.o
HOW_TO_RETURN                                     libs.o
HanTable                                          Lcd_480x272.o
Handle2D                                          s3c2450_startup.o
HandleADC                                         s3c2450_startup.o
HandleBATFLT                                      s3c2450_startup.o
HandleCAM                                         s3c2450_startup.o
HandleCFCON                                       s3c2450_startup.o
HandleDMA                                         s3c2450_startup.o
HandleDabort                                      s3c2450_startup.o
                                                  exception.o
HandleEINT0                                       s3c2450_startup.o
HandleEINT1                                       s3c2450_startup.o
HandleEINT2                                       s3c2450_startup.o
HandleEINT3                                       s3c2450_startup.o
HandleEINT4_7                                     s3c2450_startup.o
HandleEINT8_23                                    s3c2450_startup.o
HandleFIQ                                         s3c2450_startup.o
HandleI2S0                                        s3c2450_startup.o
HandleI2S1                                        s3c2450_startup.o
HandleIIC                                         s3c2450_startup.o
HandleIIC1                                        s3c2450_startup.o
HandleIRQ                                         s3c2450_startup.o
HandleLCD                                         s3c2450_startup.o
HandleNFCON                                       s3c2450_startup.o
HandlePCM0                                        s3c2450_startup.o
HandlePCM1                                        s3c2450_startup.o
HandlePabort                                      s3c2450_startup.o
                                                  exception.o
HandleRSV1                                        s3c2450_startup.o
HandleRSV2                                        s3c2450_startup.o
HandleRTC                                         s3c2450_startup.o
HandleReserved                                    s3c2450_startup.o
HandleReset                                       s3c2450_startup.o
HandleSDI0                                        s3c2450_startup.o
HandleSDI1                                        s3c2450_startup.o
HandleSPI0                                        s3c2450_startup.o
HandleSPI1                                        s3c2450_startup.o
HandleSWI                                         s3c2450_startup.o
                                                  exception.o
HandleTICK                                        s3c2450_startup.o
HandleTIMER0                                      s3c2450_startup.o
HandleTIMER1                                      s3c2450_startup.o
HandleTIMER2                                      s3c2450_startup.o
HandleTIMER3                                      s3c2450_startup.o
HandleTIMER4                                      s3c2450_startup.o
HandleUART0                                       s3c2450_startup.o
HandleUART1                                       s3c2450_startup.o
HandleUART2                                       s3c2450_startup.o
HandleUART3                                       s3c2450_startup.o
HandleUSBD                                        s3c2450_startup.o
HandleUSBH                                        s3c2450_startup.o
HandleUndef                                       s3c2450_startup.o
                                                  exception.o
HandleWDT                                         s3c2450_startup.o
IsrIRQ                                            s3c2450_startup.o
Key_Get_Pressed                                   Key.o
Key_Port_Init                                     Key.o
Key_Wait_Get_Pressed                              Key.o
Key_Wait_Get_Released                             Key.o
Lcd_Clr_Screen                                    Lcd_480x272.o
                                                  Main.o
Lcd_Copy                                          Lcd_480x272.o
Lcd_Display_Frame_Buffer                          Lcd_480x272.o
Lcd_Draw_BMP                                      Lcd_480x272.o
Lcd_Eng_Putch                                     Lcd_480x272.o
Lcd_Envid_On_Off                                  Lcd_480x272.o
Lcd_Fill_Rectangular                              Lcd_480x272.o
Lcd_Get_Info_BMP                                  Lcd_480x272.o
Lcd_Han_Putch                                     Lcd_480x272.o
Lcd_Hline                                         Lcd_480x272.o
Lcd_Init                                          Lcd_480x272.o
Lcd_Line                                          Lcd_480x272.o
Lcd_Part_Clr_Screen                               Lcd_480x272.o
                                                  Main.o
Lcd_Port_Init                                     Lcd_480x272.o
Lcd_Power_Enable                                  Lcd_480x272.o
Lcd_Printf                                        Lcd_480x272.o
                                                  Main.o
Lcd_Put_Pixel                                     Lcd_480x272.o
Lcd_Puts                                          Lcd_480x272.o
Lcd_Rectangular                                   Lcd_480x272.o
Lcd_Refresh                                       Main.o
Lcd_Select_Frame_Buffer                           Lcd_480x272.o
                                                  Main.o
Lcd_Set_Address                                   Lcd_480x272.o
Lcd_Set_Tran_Mode                                 Lcd_480x272.o
Lcd_Vline                                         Lcd_480x272.o
Lcd_Wait_Blank                                    Lcd_480x272.o
Led_Display                                       Led.o
Led_Init                                          Led.o
MEMCPY                                            libs.o
MEMCPY_MULTIPLE                                   libs.o
MEMCPY_SINGLE                                     libs.o
MMU_CleanDCacheIndex                              libs.o
MMU_CleanDCacheMVA                                libs.o
MMU_CleanInvalidateDCacheIndex                    libs.o
                                                  libc.o
MMU_CleanInvalidateDCacheMVA                      libs.o
MMU_DisableAlignFault                             libs.o
MMU_DisableDCache                                 libs.o
                                                  libc.o
MMU_DisableICache                                 libs.o
                                                  libc.o
MMU_DisableMMU                                    libs.o
                                                  libc.o
MMU_EnableAlignFault                              libs.o
                                                  libc.o
MMU_EnableDCache                                  libs.o
                                                  libc.o
MMU_EnableICache                                  libs.o
                                                  libc.o
MMU_EnableMMU                                     libs.o
                                                  libc.o
MMU_Init                                          libc.o
MMU_InvalidateDCache                              libs.o
MMU_InvalidateDCacheMVA                           libs.o
MMU_InvalidateDTLB                                libs.o
MMU_InvalidateDTLBMVA                             libs.o
MMU_InvalidateICache                              libs.o
                                                  libc.o
MMU_InvalidateICacheMVA                           libs.o
MMU_InvalidateIDCache                             libs.o
MMU_InvalidateITLB                                libs.o
MMU_InvalidateITLBMVA                             libs.o
MMU_InvalidateTLB                                 libs.o
                                                  libc.o
MMU_PrefetchICacheMVA                             libs.o
MMU_SetAsyncBusMode                               libs.o
MMU_SetDCacheLockdownBase                         libs.o
MMU_SetDTLBLockdown                               libs.o
MMU_SetDomain                                     libs.o
                                                  libc.o
MMU_SetFastBusMode                                libs.o
MMU_SetICacheLockdownBase                         libs.o
MMU_SetITLBLockdown                               libs.o
MMU_SetMTT                                        libc.o
MMU_SetProcessId                                  libs.o
                                                  libc.o
MMU_SetTTBase                                     libs.o
                                                  libc.o
MMU_WaitForInterrupt                              libs.o
Main                                              Main.o
                                                  s3c2450_startup.o
MemDump                                           libc.o
                                                  Dma.o
                                                  Main.o
MemFill                                           libc.o
                                                  Dma.o
Menu                                              Main.o
Old_Sec                                           Main.o
PWM_Flag                                          Main.o
Pabort_Handler                                    exception.o
RTC_ALARM                                         Main.o
RTC_Clear                                         Rtc.o
                                                  Main.o
RTC_Init                                          Main.o
RTC_TICK                                          Main.o
RTC_Tick_Init                                     Main.o
ResetHandler                                      s3c2450_startup.o
Response                                          Main.o
SET_IF                                            libs.o
SUM_OF_DEC                                        libs.o
SWI_Handler                                       exception.o
S_Buffer                                          Main.o
Set_ALM_Hour                                      Rtc.o
Set_ALM_Minute                                    Rtc.o
Set_ALM_Second                                    Rtc.o
Set_ALM_Time                                      Rtc.o
                                                  Main.o
Set_BCD_Date                                      Rtc.o
Set_BCD_Hour                                      Rtc.o
Set_BCD_Minute                                    Rtc.o
Set_BCD_Month                                     Rtc.o
Set_BCD_Second                                    Rtc.o
Set_BCD_Time                                      Rtc.o
                                                  Main.o
Set_BCD_Year                                      Rtc.o
Sound                                             Main.o
TIMER2_Handler                                    Main.o
TaskBar_Time_Show                                 Main.o
Temp_Show                                         Main.o
Time_Show                                         Main.o
Timer2_Init                                       Main.o
Timer2_Int_Init                                   Main.o
Timer_Delay                                       Timer.o
Timer_Init                                        Timer.o
UART2_RX_Handler                                  Main.o
Uart2_Check_Overrun_Error                         Main.o
Uart2_DMA_Init                                    Uart.o
                                                  Main.o
Uart2_Get_Char                                    Uart.o
Uart2_Init                                        Uart.o
                                                  Main.o
Uart2_Printf                                      Uart.o
Uart2_RX_INT_Init                                 Main.o
Uart2_Send_Byte                                   Uart.o
Uart2_Send_String                                 Uart.o
Uart_Get_Char                                     Uart.o
                                                  Main.o
Uart_Init                                         Uart.o
                                                  Main.o
Uart_Printf                                       Uart.o
                                                  Rtc.o
                                                  libc.o
                                                  Dma.o
                                                  Calendar.o
                                                  exception.o
                                                  Main.o
                                                  Key.o
Uart_Send_Byte                                    Uart.o
                                                  Main.o
Uart_Send_String                                  Uart.o
                                                  Main.o
                                                  Key.o
Undef_Handler                                     exception.o
Viberate_Off                                      Main.o
Viberate_On                                       Main.o
Viberation_duty                                   Main.o
WR_IF                                             libs.o
WT_Delay                                          Main.o
_Balloc                                           /home/kdy560200/arm-2011.03/arm-none-eabi/lib/libc.a(lib_a-mprec.o)
                                                  /home/kdy560200/arm-2011.03/arm-none-eabi/lib/libc.a(lib_a-dtoa.o)
_Bfree                                            /home/kdy560200/arm-2011.03/arm-none-eabi/lib/libc.a(lib_a-mprec.o)
                                                  /home/kdy560200/arm-2011.03/arm-none-eabi/lib/libc.a(lib_a-dtoa.o)
_PathLocale                                       /home/kdy560200/arm-2011.03/arm-none-eabi/lib/libc.a(lib_a-locale.o)
__adddf3                                          /home/kdy560200/arm-2011.03/lib/gcc/arm-none-eabi/4.5.2/libgcc.a(_arm_addsubdf3.o)
__aeabi_cdcmpeq                                   /home/kdy560200/arm-2011.03/lib/gcc/arm-none-eabi/4.5.2/libgcc.a(_arm_cmpdf2.o)
__aeabi_cdcmple                                   /home/kdy560200/arm-2011.03/lib/gcc/arm-none-eabi/4.5.2/libgcc.a(_arm_cmpdf2.o)
__aeabi_cdrcmple                                  /home/kdy560200/arm-2011.03/lib/gcc/arm-none-eabi/4.5.2/libgcc.a(_arm_cmpdf2.o)
__aeabi_d2iz                                      /home/kdy560200/arm-2011.03/lib/gcc/arm-none-eabi/4.5.2/libgcc.a(_arm_fixdfsi.o)
                                                  /home/kdy560200/arm-2011.03/arm-none-eabi/lib/libc.a(lib_a-dtoa.o)
__aeabi_d2uiz                                     /home/kdy560200/arm-2011.03/lib/gcc/arm-none-eabi/4.5.2/libgcc.a(_arm_fixunsdfsi.o)
                                                  Uart.o
                                                  Timer.o
__aeabi_dadd                                      /home/kdy560200/arm-2011.03/lib/gcc/arm-none-eabi/4.5.2/libgcc.a(_arm_addsubdf3.o)
                                                  /home/kdy560200/arm-2011.03/arm-none-eabi/lib/libc.a(lib_a-dtoa.o)
                                                  Uart.o
__aeabi_dcmpeq                                    /home/kdy560200/arm-2011.03/lib/gcc/arm-none-eabi/4.5.2/libgcc.a(_arm_cmpdf2.o)
                                                  /home/kdy560200/arm-2011.03/arm-none-eabi/lib/libc.a(lib_a-dtoa.o)
                                                  /home/kdy560200/arm-2011.03/arm-none-eabi/lib/libc.a(lib_a-svfprintf.o)
__aeabi_dcmpge                                    /home/kdy560200/arm-2011.03/lib/gcc/arm-none-eabi/4.5.2/libgcc.a(_arm_cmpdf2.o)
                                                  /home/kdy560200/arm-2011.03/arm-none-eabi/lib/libc.a(lib_a-dtoa.o)
__aeabi_dcmpgt                                    /home/kdy560200/arm-2011.03/lib/gcc/arm-none-eabi/4.5.2/libgcc.a(_arm_cmpdf2.o)
                                                  /home/kdy560200/arm-2011.03/arm-none-eabi/lib/libc.a(lib_a-dtoa.o)
__aeabi_dcmple                                    /home/kdy560200/arm-2011.03/lib/gcc/arm-none-eabi/4.5.2/libgcc.a(_arm_cmpdf2.o)
__aeabi_dcmplt                                    /home/kdy560200/arm-2011.03/lib/gcc/arm-none-eabi/4.5.2/libgcc.a(_arm_cmpdf2.o)
                                                  /home/kdy560200/arm-2011.03/arm-none-eabi/lib/libc.a(lib_a-dtoa.o)
                                                  /home/kdy560200/arm-2011.03/arm-none-eabi/lib/libc.a(lib_a-svfprintf.o)
__aeabi_ddiv                                      /home/kdy560200/arm-2011.03/lib/gcc/arm-none-eabi/4.5.2/libgcc.a(_arm_muldivdf3.o)
                                                  /home/kdy560200/arm-2011.03/arm-none-eabi/lib/libc.a(lib_a-mprec.o)
                                                  /home/kdy560200/arm-2011.03/arm-none-eabi/lib/libc.a(lib_a-dtoa.o)
                                                  Uart.o
__aeabi_dmul                                      /home/kdy560200/arm-2011.03/lib/gcc/arm-none-eabi/4.5.2/libgcc.a(_arm_muldivdf3.o)
                                                  /home/kdy560200/arm-2011.03/arm-none-eabi/lib/libc.a(lib_a-mprec.o)
                                                  /home/kdy560200/arm-2011.03/arm-none-eabi/lib/libc.a(lib_a-dtoa.o)
                                                  Timer.o
__aeabi_drsub                                     /home/kdy560200/arm-2011.03/lib/gcc/arm-none-eabi/4.5.2/libgcc.a(_arm_addsubdf3.o)
__aeabi_dsub                                      /home/kdy560200/arm-2011.03/lib/gcc/arm-none-eabi/4.5.2/libgcc.a(_arm_addsubdf3.o)
                                                  /home/kdy560200/arm-2011.03/arm-none-eabi/lib/libc.a(lib_a-dtoa.o)
__aeabi_f2d                                       /home/kdy560200/arm-2011.03/lib/gcc/arm-none-eabi/4.5.2/libgcc.a(_arm_addsubdf3.o)
__aeabi_i2d                                       /home/kdy560200/arm-2011.03/lib/gcc/arm-none-eabi/4.5.2/libgcc.a(_arm_addsubdf3.o)
                                                  /home/kdy560200/arm-2011.03/arm-none-eabi/lib/libc.a(lib_a-dtoa.o)
                                                  Uart.o
                                                  Timer.o
__aeabi_idiv                                      /home/kdy560200/arm-2011.03/lib/gcc/arm-none-eabi/4.5.2/libgcc.a(_divsi3.o)
                                                  Main.o
__aeabi_idiv0                                     /home/kdy560200/arm-2011.03/lib/gcc/arm-none-eabi/4.5.2/libgcc.a(_dvmd_tls.o)
                                                  /home/kdy560200/arm-2011.03/lib/gcc/arm-none-eabi/4.5.2/libgcc.a(_divsi3.o)
                                                  /home/kdy560200/arm-2011.03/lib/gcc/arm-none-eabi/4.5.2/libgcc.a(_udivsi3.o)
__aeabi_idivmod                                   /home/kdy560200/arm-2011.03/lib/gcc/arm-none-eabi/4.5.2/libgcc.a(_divsi3.o)
__aeabi_l2d                                       /home/kdy560200/arm-2011.03/lib/gcc/arm-none-eabi/4.5.2/libgcc.a(_arm_addsubdf3.o)
__aeabi_ldiv0                                     /home/kdy560200/arm-2011.03/lib/gcc/arm-none-eabi/4.5.2/libgcc.a(_dvmd_tls.o)
                                                  /home/kdy560200/arm-2011.03/lib/gcc/arm-none-eabi/4.5.2/libgcc.a(_aeabi_uldivmod.o)
__aeabi_ui2d                                      /home/kdy560200/arm-2011.03/lib/gcc/arm-none-eabi/4.5.2/libgcc.a(_arm_addsubdf3.o)
                                                  /home/kdy560200/arm-2011.03/arm-none-eabi/lib/libc.a(lib_a-dtoa.o)
__aeabi_uidiv                                     /home/kdy560200/arm-2011.03/lib/gcc/arm-none-eabi/4.5.2/libgcc.a(_udivsi3.o)
                                                  /home/kdy560200/arm-2011.03/lib/gcc/arm-none-eabi/4.5.2/libgcc.a(_udivdi3.o)
                                                  /home/kdy560200/arm-2011.03/lib/gcc/arm-none-eabi/4.5.2/libgcc.a(_divdi3.o)
                                                  /home/kdy560200/arm-2011.03/arm-none-eabi/lib/libc.a(lib_a-dtoa.o)
                                                  Lcd_480x272.o
__aeabi_uidivmod                                  /home/kdy560200/arm-2011.03/lib/gcc/arm-none-eabi/4.5.2/libgcc.a(_udivsi3.o)
                                                  /home/kdy560200/arm-2011.03/lib/gcc/arm-none-eabi/4.5.2/libgcc.a(_udivdi3.o)
                                                  /home/kdy560200/arm-2011.03/lib/gcc/arm-none-eabi/4.5.2/libgcc.a(_divdi3.o)
__aeabi_ul2d                                      /home/kdy560200/arm-2011.03/lib/gcc/arm-none-eabi/4.5.2/libgcc.a(_arm_addsubdf3.o)
__aeabi_uldivmod                                  /home/kdy560200/arm-2011.03/lib/gcc/arm-none-eabi/4.5.2/libgcc.a(_aeabi_uldivmod.o)
                                                  /home/kdy560200/arm-2011.03/arm-none-eabi/lib/libc.a(lib_a-svfiprintf.o)
                                                  /home/kdy560200/arm-2011.03/arm-none-eabi/lib/libc.a(lib_a-svfprintf.o)
__any_on                                          /home/kdy560200/arm-2011.03/arm-none-eabi/lib/libc.a(lib_a-mprec.o)
__b2d                                             /home/kdy560200/arm-2011.03/arm-none-eabi/lib/libc.a(lib_a-mprec.o)
__clzsi2                                          /home/kdy560200/arm-2011.03/lib/gcc/arm-none-eabi/4.5.2/libgcc.a(_clzsi2.o)
                                                  /home/kdy560200/arm-2011.03/lib/gcc/arm-none-eabi/4.5.2/libgcc.a(_udivdi3.o)
                                                  /home/kdy560200/arm-2011.03/lib/gcc/arm-none-eabi/4.5.2/libgcc.a(_divdi3.o)
__cmpdf2                                          /home/kdy560200/arm-2011.03/lib/gcc/arm-none-eabi/4.5.2/libgcc.a(_arm_cmpdf2.o)
__copybits                                        /home/kdy560200/arm-2011.03/arm-none-eabi/lib/libc.a(lib_a-mprec.o)
__d2b                                             /home/kdy560200/arm-2011.03/arm-none-eabi/lib/libc.a(lib_a-mprec.o)
                                                  /home/kdy560200/arm-2011.03/arm-none-eabi/lib/libc.a(lib_a-dtoa.o)
__divdf3                                          /home/kdy560200/arm-2011.03/lib/gcc/arm-none-eabi/4.5.2/libgcc.a(_arm_muldivdf3.o)
__divdi3                                          /home/kdy560200/arm-2011.03/lib/gcc/arm-none-eabi/4.5.2/libgcc.a(_divdi3.o)
                                                  /home/kdy560200/arm-2011.03/lib/gcc/arm-none-eabi/4.5.2/libgcc.a(bpabi.o)
__divsi3                                          /home/kdy560200/arm-2011.03/lib/gcc/arm-none-eabi/4.5.2/libgcc.a(_divsi3.o)
__eqdf2                                           /home/kdy560200/arm-2011.03/lib/gcc/arm-none-eabi/4.5.2/libgcc.a(_arm_cmpdf2.o)
__extendsfdf2                                     /home/kdy560200/arm-2011.03/lib/gcc/arm-none-eabi/4.5.2/libgcc.a(_arm_addsubdf3.o)
__fixdfsi                                         /home/kdy560200/arm-2011.03/lib/gcc/arm-none-eabi/4.5.2/libgcc.a(_arm_fixdfsi.o)
__fixunsdfsi                                      /home/kdy560200/arm-2011.03/lib/gcc/arm-none-eabi/4.5.2/libgcc.a(_arm_fixunsdfsi.o)
__floatdidf                                       /home/kdy560200/arm-2011.03/lib/gcc/arm-none-eabi/4.5.2/libgcc.a(_arm_addsubdf3.o)
__floatsidf                                       /home/kdy560200/arm-2011.03/lib/gcc/arm-none-eabi/4.5.2/libgcc.a(_arm_addsubdf3.o)
__floatundidf                                     /home/kdy560200/arm-2011.03/lib/gcc/arm-none-eabi/4.5.2/libgcc.a(_arm_addsubdf3.o)
__floatunsidf                                     /home/kdy560200/arm-2011.03/lib/gcc/arm-none-eabi/4.5.2/libgcc.a(_arm_addsubdf3.o)
__fpclassifyd                                     /home/kdy560200/arm-2011.03/arm-none-eabi/lib/libc.a(lib_a-s_fpclassify.o)
                                                  /home/kdy560200/arm-2011.03/arm-none-eabi/lib/libc.a(lib_a-svfprintf.o)
__gedf2                                           /home/kdy560200/arm-2011.03/lib/gcc/arm-none-eabi/4.5.2/libgcc.a(_arm_cmpdf2.o)
__gnu_ldivmod_helper                              /home/kdy560200/arm-2011.03/lib/gcc/arm-none-eabi/4.5.2/libgcc.a(bpabi.o)
__gnu_uldivmod_helper                             /home/kdy560200/arm-2011.03/lib/gcc/arm-none-eabi/4.5.2/libgcc.a(bpabi.o)
                                                  /home/kdy560200/arm-2011.03/lib/gcc/arm-none-eabi/4.5.2/libgcc.a(_aeabi_uldivmod.o)
__gtdf2                                           /home/kdy560200/arm-2011.03/lib/gcc/arm-none-eabi/4.5.2/libgcc.a(_arm_cmpdf2.o)
__hi0bits                                         /home/kdy560200/arm-2011.03/arm-none-eabi/lib/libc.a(lib_a-mprec.o)
                                                  /home/kdy560200/arm-2011.03/arm-none-eabi/lib/libc.a(lib_a-dtoa.o)
__i2b                                             /home/kdy560200/arm-2011.03/arm-none-eabi/lib/libc.a(lib_a-mprec.o)
                                                  /home/kdy560200/arm-2011.03/arm-none-eabi/lib/libc.a(lib_a-dtoa.o)
__ledf2                                           /home/kdy560200/arm-2011.03/lib/gcc/arm-none-eabi/4.5.2/libgcc.a(_arm_cmpdf2.o)
__lo0bits                                         /home/kdy560200/arm-2011.03/arm-none-eabi/lib/libc.a(lib_a-mprec.o)
__locale_charset                                  /home/kdy560200/arm-2011.03/arm-none-eabi/lib/libc.a(lib_a-locale.o)
__locale_cjk_lang                                 /home/kdy560200/arm-2011.03/arm-none-eabi/lib/libc.a(lib_a-locale.o)
__locale_mb_cur_max                               /home/kdy560200/arm-2011.03/arm-none-eabi/lib/libc.a(lib_a-locale.o)
__locale_msgcharset                               /home/kdy560200/arm-2011.03/arm-none-eabi/lib/libc.a(lib_a-locale.o)
__lshift                                          /home/kdy560200/arm-2011.03/arm-none-eabi/lib/libc.a(lib_a-mprec.o)
                                                  /home/kdy560200/arm-2011.03/arm-none-eabi/lib/libc.a(lib_a-dtoa.o)
__ltdf2                                           /home/kdy560200/arm-2011.03/lib/gcc/arm-none-eabi/4.5.2/libgcc.a(_arm_cmpdf2.o)
__malloc_av_                                      /home/kdy560200/arm-2011.03/arm-none-eabi/lib/libc.a(lib_a-mallocr.o)
                                                  /home/kdy560200/arm-2011.03/arm-none-eabi/lib/libc.a(lib_a-reallocr.o)
                                                  /home/kdy560200/arm-2011.03/arm-none-eabi/lib/libc.a(lib_a-freer.o)
__malloc_current_mallinfo                         /home/kdy560200/arm-2011.03/arm-none-eabi/lib/libc.a(lib_a-mallocr.o)
                                                  /home/kdy560200/arm-2011.03/arm-none-eabi/lib/libc.a(lib_a-freer.o)
__malloc_lock                                     /home/kdy560200/arm-2011.03/arm-none-eabi/lib/libc.a(lib_a-mlock.o)
                                                  /home/kdy560200/arm-2011.03/arm-none-eabi/lib/libc.a(lib_a-reallocr.o)
                                                  /home/kdy560200/arm-2011.03/arm-none-eabi/lib/libc.a(lib_a-freer.o)
                                                  /home/kdy560200/arm-2011.03/arm-none-eabi/lib/libc.a(lib_a-mallocr.o)
__malloc_max_sbrked_mem                           /home/kdy560200/arm-2011.03/arm-none-eabi/lib/libc.a(lib_a-mallocr.o)
__malloc_max_total_mem                            /home/kdy560200/arm-2011.03/arm-none-eabi/lib/libc.a(lib_a-mallocr.o)
__malloc_sbrk_base                                /home/kdy560200/arm-2011.03/arm-none-eabi/lib/libc.a(lib_a-mallocr.o)
                                                  /home/kdy560200/arm-2011.03/arm-none-eabi/lib/libc.a(lib_a-freer.o)
__malloc_top_pad                                  /home/kdy560200/arm-2011.03/arm-none-eabi/lib/libc.a(lib_a-mallocr.o)
                                                  /home/kdy560200/arm-2011.03/arm-none-eabi/lib/libc.a(lib_a-freer.o)
__malloc_trim_threshold                           /home/kdy560200/arm-2011.03/arm-none-eabi/lib/libc.a(lib_a-mallocr.o)
                                                  /home/kdy560200/arm-2011.03/arm-none-eabi/lib/libc.a(lib_a-freer.o)
__malloc_unlock                                   /home/kdy560200/arm-2011.03/arm-none-eabi/lib/libc.a(lib_a-mlock.o)
                                                  /home/kdy560200/arm-2011.03/arm-none-eabi/lib/libc.a(lib_a-reallocr.o)
                                                  /home/kdy560200/arm-2011.03/arm-none-eabi/lib/libc.a(lib_a-freer.o)
                                                  /home/kdy560200/arm-2011.03/arm-none-eabi/lib/libc.a(lib_a-mallocr.o)
__mb_cur_max                                      /home/kdy560200/arm-2011.03/arm-none-eabi/lib/libc.a(lib_a-locale.o)
__mcmp                                            /home/kdy560200/arm-2011.03/arm-none-eabi/lib/libc.a(lib_a-mprec.o)
                                                  /home/kdy560200/arm-2011.03/arm-none-eabi/lib/libc.a(lib_a-dtoa.o)
__mdiff                                           /home/kdy560200/arm-2011.03/arm-none-eabi/lib/libc.a(lib_a-mprec.o)
                                                  /home/kdy560200/arm-2011.03/arm-none-eabi/lib/libc.a(lib_a-dtoa.o)
__mlocale_changed                                 /home/kdy560200/arm-2011.03/arm-none-eabi/lib/libc.a(lib_a-locale.o)
__mprec_bigtens                                   /home/kdy560200/arm-2011.03/arm-none-eabi/lib/libc.a(lib_a-mprec.o)
                                                  /home/kdy560200/arm-2011.03/arm-none-eabi/lib/libc.a(lib_a-dtoa.o)
__mprec_tens                                      /home/kdy560200/arm-2011.03/arm-none-eabi/lib/libc.a(lib_a-mprec.o)
                                                  /home/kdy560200/arm-2011.03/arm-none-eabi/lib/libc.a(lib_a-dtoa.o)
__mprec_tinytens                                  /home/kdy560200/arm-2011.03/arm-none-eabi/lib/libc.a(lib_a-mprec.o)
__muldf3                                          /home/kdy560200/arm-2011.03/lib/gcc/arm-none-eabi/4.5.2/libgcc.a(_arm_muldivdf3.o)
__multadd                                         /home/kdy560200/arm-2011.03/arm-none-eabi/lib/libc.a(lib_a-mprec.o)
                                                  /home/kdy560200/arm-2011.03/arm-none-eabi/lib/libc.a(lib_a-dtoa.o)
__multiply                                        /home/kdy560200/arm-2011.03/arm-none-eabi/lib/libc.a(lib_a-mprec.o)
                                                  /home/kdy560200/arm-2011.03/arm-none-eabi/lib/libc.a(lib_a-dtoa.o)
__nedf2                                           /home/kdy560200/arm-2011.03/lib/gcc/arm-none-eabi/4.5.2/libgcc.a(_arm_cmpdf2.o)
__nlocale_changed                                 /home/kdy560200/arm-2011.03/arm-none-eabi/lib/libc.a(lib_a-locale.o)
__pow5mult                                        /home/kdy560200/arm-2011.03/arm-none-eabi/lib/libc.a(lib_a-mprec.o)
                                                  /home/kdy560200/arm-2011.03/arm-none-eabi/lib/libc.a(lib_a-dtoa.o)
__ratio                                           /home/kdy560200/arm-2011.03/arm-none-eabi/lib/libc.a(lib_a-mprec.o)
__s2b                                             /home/kdy560200/arm-2011.03/arm-none-eabi/lib/libc.a(lib_a-mprec.o)
__ssprint_r                                       /home/kdy560200/arm-2011.03/arm-none-eabi/lib/libc.a(lib_a-svfiprintf.o)
                                                  /home/kdy560200/arm-2011.03/arm-none-eabi/lib/libc.a(lib_a-svfprintf.o)
__subdf3                                          /home/kdy560200/arm-2011.03/lib/gcc/arm-none-eabi/4.5.2/libgcc.a(_arm_addsubdf3.o)
__udivdi3                                         /home/kdy560200/arm-2011.03/lib/gcc/arm-none-eabi/4.5.2/libgcc.a(_udivdi3.o)
                                                  /home/kdy560200/arm-2011.03/lib/gcc/arm-none-eabi/4.5.2/libgcc.a(bpabi.o)
__udivsi3                                         /home/kdy560200/arm-2011.03/lib/gcc/arm-none-eabi/4.5.2/libgcc.a(_udivsi3.o)
__ulp                                             /home/kdy560200/arm-2011.03/arm-none-eabi/lib/libc.a(lib_a-mprec.o)
_calloc_r                                         /home/kdy560200/arm-2011.03/arm-none-eabi/lib/libc.a(lib_a-callocr.o)
                                                  /home/kdy560200/arm-2011.03/arm-none-eabi/lib/libc.a(lib_a-mprec.o)
_dtoa_r                                           /home/kdy560200/arm-2011.03/arm-none-eabi/lib/libc.a(lib_a-dtoa.o)
                                                  /home/kdy560200/arm-2011.03/arm-none-eabi/lib/libc.a(lib_a-svfprintf.o)
_free_r                                           /home/kdy560200/arm-2011.03/arm-none-eabi/lib/libc.a(lib_a-freer.o)
                                                  /home/kdy560200/arm-2011.03/arm-none-eabi/lib/libc.a(lib_a-reent.o)
                                                  /home/kdy560200/arm-2011.03/arm-none-eabi/lib/libc.a(lib_a-reallocr.o)
                                                  /home/kdy560200/arm-2011.03/arm-none-eabi/lib/libc.a(lib_a-svfiprintf.o)
                                                  /home/kdy560200/arm-2011.03/arm-none-eabi/lib/libc.a(lib_a-mallocr.o)
_global_impure_ptr                                /home/kdy560200/arm-2011.03/arm-none-eabi/lib/libc.a(lib_a-impure.o)
_impure_ptr                                       /home/kdy560200/arm-2011.03/arm-none-eabi/lib/libc.a(lib_a-impure.o)
                                                  /home/kdy560200/arm-2011.03/arm-none-eabi/lib/libc.a(lib_a-reent.o)
                                                  /home/kdy560200/arm-2011.03/arm-none-eabi/lib/libc.a(lib_a-locale.o)
                                                  /home/kdy560200/arm-2011.03/arm-none-eabi/lib/libc.a(lib_a-vsprintf.o)
_localeconv_r                                     /home/kdy560200/arm-2011.03/arm-none-eabi/lib/libc.a(lib_a-locale.o)
                                                  /home/kdy560200/arm-2011.03/arm-none-eabi/lib/libc.a(lib_a-svfprintf.o)
_malloc_r                                         /home/kdy560200/arm-2011.03/arm-none-eabi/lib/libc.a(lib_a-mallocr.o)
                                                  /home/kdy560200/arm-2011.03/arm-none-eabi/lib/libc.a(lib_a-reallocr.o)
                                                  /home/kdy560200/arm-2011.03/arm-none-eabi/lib/libc.a(lib_a-callocr.o)
                                                  /home/kdy560200/arm-2011.03/arm-none-eabi/lib/libc.a(lib_a-svfiprintf.o)
                                                  /home/kdy560200/arm-2011.03/arm-none-eabi/lib/libc.a(lib_a-svfprintf.o)
_malloc_trim_r                                    /home/kdy560200/arm-2011.03/arm-none-eabi/lib/libc.a(lib_a-freer.o)
_mprec_log10                                      /home/kdy560200/arm-2011.03/arm-none-eabi/lib/libc.a(lib_a-mprec.o)
_realloc_r                                        /home/kdy560200/arm-2011.03/arm-none-eabi/lib/libc.a(lib_a-reallocr.o)
                                                  /home/kdy560200/arm-2011.03/arm-none-eabi/lib/libc.a(lib_a-svfiprintf.o)
_reclaim_reent                                    /home/kdy560200/arm-2011.03/arm-none-eabi/lib/libc.a(lib_a-reent.o)
_sbrk                                             s3c2450_startup.o
                                                  /home/kdy560200/arm-2011.03/arm-none-eabi/lib/libc.a(lib_a-sbrkr.o)
_sbrk_r                                           /home/kdy560200/arm-2011.03/arm-none-eabi/lib/libc.a(lib_a-sbrkr.o)
                                                  /home/kdy560200/arm-2011.03/arm-none-eabi/lib/libc.a(lib_a-freer.o)
                                                  /home/kdy560200/arm-2011.03/arm-none-eabi/lib/libc.a(lib_a-mallocr.o)
_setlocale_r                                      /home/kdy560200/arm-2011.03/arm-none-eabi/lib/libc.a(lib_a-locale.o)
_start                                            s3c2450_startup.o
_svfiprintf_r                                     /home/kdy560200/arm-2011.03/arm-none-eabi/lib/libc.a(lib_a-svfiprintf.o)
_svfprintf_r                                      /home/kdy560200/arm-2011.03/arm-none-eabi/lib/libc.a(lib_a-svfprintf.o)
                                                  /home/kdy560200/arm-2011.03/arm-none-eabi/lib/libc.a(lib_a-vsprintf.o)
_vsprintf_r                                       /home/kdy560200/arm-2011.03/arm-none-eabi/lib/libc.a(lib_a-vsprintf.o)
_wrapup_reent                                     /home/kdy560200/arm-2011.03/arm-none-eabi/lib/libc.a(lib_a-reent.o)
bss_end_addr                                      s3c2450_startup.o
bss_start_addr                                    s3c2450_startup.o
cleanup_glue                                      /home/kdy560200/arm-2011.03/arm-none-eabi/lib/libc.a(lib_a-reent.o)
data_end_addr                                     s3c2450_startup.o
data_start_addr                                   s3c2450_startup.o
delay_ms                                          Main.o
delay_us                                          Main.o
disp_calendar                                     Calendar.o
eng8x16                                           Lcd_480x272.o
errno                                             /home/kdy560200/arm-2011.03/arm-none-eabi/lib/libc.a(lib_a-reent.o)
                                                  /home/kdy560200/arm-2011.03/arm-none-eabi/lib/libc.a(lib_a-sbrkr.o)
free                                              libc.o
get_days                                          Calendar.o
get_weekday                                       Calendar.o
                                                  Main.o
gpio_init                                         Main.o
han16x16                                          Lcd_480x272.o
leap_check                                        Calendar.o
localeconv                                        /home/kdy560200/arm-2011.03/arm-none-eabi/lib/libc.a(lib_a-locale.o)
malloc                                            libc.o
mallocPt                                          libc.o
mdays                                             Calendar.o
memchr                                            /home/kdy560200/arm-2011.03/arm-none-eabi/lib/libc.a(lib_a-memchr.o)
                                                  /home/kdy560200/arm-2011.03/arm-none-eabi/lib/libc.a(lib_a-svfiprintf.o)
                                                  /home/kdy560200/arm-2011.03/arm-none-eabi/lib/libc.a(lib_a-svfprintf.o)
memcpy                                            /home/kdy560200/arm-2011.03/arm-none-eabi/lib/libc.a(lib_a-memcpy.o)
                                                  /home/kdy560200/arm-2011.03/arm-none-eabi/lib/libc.a(lib_a-svfiprintf.o)
                                                  /home/kdy560200/arm-2011.03/arm-none-eabi/lib/libc.a(lib_a-mprec.o)
                                                  /home/kdy560200/arm-2011.03/arm-none-eabi/lib/libc.a(lib_a-dtoa.o)
memmove                                           /home/kdy560200/arm-2011.03/arm-none-eabi/lib/libc.a(lib_a-memmove.o)
                                                  /home/kdy560200/arm-2011.03/arm-none-eabi/lib/libc.a(lib_a-reallocr.o)
                                                  /home/kdy560200/arm-2011.03/arm-none-eabi/lib/libc.a(lib_a-svfiprintf.o)
memset                                            /home/kdy560200/arm-2011.03/arm-none-eabi/lib/libc.a(lib_a-memset.o)
                                                  /home/kdy560200/arm-2011.03/arm-none-eabi/lib/libc.a(lib_a-callocr.o)
rodata_end_addr                                   s3c2450_startup.o
setlocale                                         /home/kdy560200/arm-2011.03/arm-none-eabi/lib/libc.a(lib_a-locale.o)
start_timer0                                      libc.o
stop_timer0                                       libc.o
strcmp                                            /home/kdy560200/arm-2011.03/arm-none-eabi/lib/libc.a(lib_a-strcmp.o)
                                                  /home/kdy560200/arm-2011.03/arm-none-eabi/lib/libc.a(lib_a-locale.o)
strlen                                            /home/kdy560200/arm-2011.03/arm-none-eabi/lib/libc.a(lib_a-strlen.o)
                                                  /home/kdy560200/arm-2011.03/arm-none-eabi/lib/libc.a(lib_a-svfiprintf.o)
                                                  /home/kdy560200/arm-2011.03/arm-none-eabi/lib/libc.a(lib_a-svfprintf.o)
time                                              libc.o
timer0_init                                       Main.o