<html>
<body>
<pre>
<h1>µVision Build Log</h1>
<h2>Tool Versions:</h2>
IDE-Version: µVision V5.25.2.0
Copyright (C) 2018 ARM Ltd and ARM Germany GmbH. All rights reserved.
License Information: s DELL, s, LIC=EXJKP-M460G-QC5J5-G7RSH-1HVEP-FH8ZY
 
Tool Versions:
Toolchain:       MDK-ARM Plus  Version: 5.25.2.0
Toolchain Path:  C:\Keil_v5\ARM\ARMCC\Bin
C Compiler:      Armcc.exe V5.06 update 6 (build 750)
Assembler:       Armasm.exe V5.06 update 6 (build 750)
Linker/Locator:  ArmLink.exe V5.06 update 6 (build 750)
Library Manager: ArmAr.exe V5.06 update 6 (build 750)
Hex Converter:   FromElf.exe V5.06 update 6 (build 750)
CPU DLL:         SARMCM3.DLL V5.25.2.0
Dialog DLL:      DCM.DLL V1.17.1.0
Target DLL:      Segger\JL2CM3.dll V2.99.29.0
Dialog DLL:      TCM.DLL V1.35.1.0
 
<h2>Project:</h2>
C:\Users\DELL\Documents\CoretexSource\CubeSource\ARM_Project_Device_Unit\ARM_Project_Device_Unit\MDK-ARM\ARM_Project_Device_Unit.uvprojx
Project File Date:  02/07/2019

<h2>Output:</h2>
*** Using Compiler 'V5.06 update 6 (build 750)', folder: 'C:\Keil_v5\ARM\ARMCC\Bin'
Build target 'ARM_Project_Device_Unit'
compiling main.c...
../Src/main.c(144): warning:  #188-D: enumerated type mixed with another type
  	HAL_GPIO_WritePin (GPIOA, GPIO_PIN_2, 0);	// Start signal
../Src/main.c(146): warning:  #188-D: enumerated type mixed with another type
  	HAL_GPIO_WritePin (GPIOA, GPIO_PIN_2, 1);	// Wait for response	
../Src/main.c(528): warning:  #550-D: variable "xLastWakeTime"  was set but never used
  	TickType_t xLastWakeTime;
../Src/main.c(529): warning:  #177-D: variable "xDHT_Delay"  was declared but never referenced
    const TickType_t xDHT_Delay = 2000;
../Src/main.c(558): warning:  #167-D: argument of type "uint8_t *" is incompatible with parameter of type "const char *"
  		if(strlen(Buffer) > 0){
../Src/main.c(559): warning:  #167-D: argument of type "uint8_t *" is incompatible with parameter of type "const char *"
  			if(strlen(Buffer) < 6){
../Src/main.c(561): warning:  #167-D: argument of type "uint8_t *" is incompatible with parameter of type "const char *"
  				for(int i = 0; i < strlen(Buffer); i++){
../Src/main.c(578): warning:  #167-D: argument of type "uint8_t *" is incompatible with parameter of type "const char *"
  		if(strcmp(Command, "TEMP") == 0){
../Src/main.c(553): warning:  #177-D: variable "SYNC"  was declared but never referenced
  	uint8_t SYNC = 0;
../Src/main.c: 9 warnings, 0 errors
linking...
Program Size: Code=12484 RO-data=388 RW-data=136 ZI-data=5696  
FromELF: creating hex file...
"ARM_Project_Device_Unit\ARM_Project_Device_Unit.axf" - 0 Error(s), 9 Warning(s).

<h2>Software Packages used:</h2>

Package Vendor: ARM
                http://www.keil.com/pack/ARM.CMSIS.5.4.0.pack
                ARM.CMSIS.5.4.0
                CMSIS (Cortex Microcontroller Software Interface Standard)
   * Component: CORE Version: 5.1.2

Package Vendor: Keil
                http://www.keil.com/pack/Keil.STM32F1xx_DFP.2.3.0.pack
                Keil.STM32F1xx_DFP.2.3.0
                STMicroelectronics STM32F1 Series Device Support, Drivers and Examples

<h2>Collection of Component include folders:</h2>
  .\RTE\_ARM_Project_Device_Unit
  C:\Keil_v5\ARM\PACK\ARM\CMSIS\5.4.0\CMSIS\Core\Include
  C:\Keil_v5\ARM\PACK\Keil\STM32F1xx_DFP\2.3.0\Device\Include

<h2>Collection of Component Files used:</h2>

   * Component: ARM::CMSIS:CORE:5.1.2
Build Time Elapsed:  00:00:01
</pre>
</body>
</html>
