Component: ARM Compiler 5.06 update 6 (build 750) Tool: armlink [4d35ed]

==============================================================================

Section Cross References

    startup_stm32f103xb.o(RESET) refers to startup_stm32f103xb.o(STACK) for __initial_sp
    startup_stm32f103xb.o(RESET) refers to startup_stm32f103xb.o(.text) for Reset_Handler
    startup_stm32f103xb.o(RESET) refers to stm32f1xx_it.o(i.NMI_Handler) for NMI_Handler
    startup_stm32f103xb.o(RESET) refers to stm32f1xx_it.o(i.HardFault_Handler) for HardFault_Handler
    startup_stm32f103xb.o(RESET) refers to stm32f1xx_it.o(i.MemManage_Handler) for MemManage_Handler
    startup_stm32f103xb.o(RESET) refers to stm32f1xx_it.o(i.BusFault_Handler) for BusFault_Handler
    startup_stm32f103xb.o(RESET) refers to stm32f1xx_it.o(i.UsageFault_Handler) for UsageFault_Handler
    startup_stm32f103xb.o(RESET) refers to port.o(.emb_text) for SVC_Handler
    startup_stm32f103xb.o(RESET) refers to stm32f1xx_it.o(i.DebugMon_Handler) for DebugMon_Handler
    startup_stm32f103xb.o(RESET) refers to stm32f1xx_it.o(i.SysTick_Handler) for SysTick_Handler
    startup_stm32f103xb.o(RESET) refers to stm32f1xx_it.o(i.EXTI1_IRQHandler) for EXTI1_IRQHandler
    startup_stm32f103xb.o(RESET) refers to stm32f1xx_it.o(i.DMA1_Channel4_IRQHandler) for DMA1_Channel4_IRQHandler
    startup_stm32f103xb.o(RESET) refers to stm32f1xx_it.o(i.DMA1_Channel5_IRQHandler) for DMA1_Channel5_IRQHandler
    startup_stm32f103xb.o(RESET) refers to stm32f1xx_it.o(i.ADC1_2_IRQHandler) for ADC1_2_IRQHandler
    startup_stm32f103xb.o(RESET) refers to stm32f1xx_it.o(i.USART1_IRQHandler) for USART1_IRQHandler
    startup_stm32f103xb.o(RESET) refers to stm32f1xx_it.o(i.USART3_IRQHandler) for USART3_IRQHandler
    startup_stm32f103xb.o(.text) refers to system_stm32f1xx.o(i.SystemInit) for SystemInit
    startup_stm32f103xb.o(.text) refers to entry.o(.ARM.Collect$$$$00000000) for __main
    main.o(i.DWT_Delay_us) refers to stm32f1xx_hal_rcc.o(i.HAL_RCC_GetHCLKFreq) for HAL_RCC_GetHCLKFreq
    main.o(i.Gpio_Pinmode) refers to stm32f1xx_hal_gpio.o(i.HAL_GPIO_Init) for HAL_GPIO_Init
    main.o(i.MX_ADC1_Init) refers to stm32f1xx_hal_adc.o(i.HAL_ADC_Init) for HAL_ADC_Init
    main.o(i.MX_ADC1_Init) refers to stm32f1xx_hal_adc.o(i.HAL_ADC_ConfigChannel) for HAL_ADC_ConfigChannel
    main.o(i.MX_ADC1_Init) refers to main.o(.bss) for .bss
    main.o(i.MX_GPIO_Init) refers to stm32f1xx_hal_gpio.o(i.HAL_GPIO_WritePin) for HAL_GPIO_WritePin
    main.o(i.MX_GPIO_Init) refers to stm32f1xx_hal_gpio.o(i.HAL_GPIO_Init) for HAL_GPIO_Init
    main.o(i.MX_GPIO_Init) refers to stm32f1xx_hal_cortex.o(i.HAL_NVIC_SetPriority) for HAL_NVIC_SetPriority
    main.o(i.MX_GPIO_Init) refers to stm32f1xx_hal_cortex.o(i.HAL_NVIC_EnableIRQ) for HAL_NVIC_EnableIRQ
    main.o(i.Read_Dht11_Data) refers to main.o(i.Gpio_Pinmode) for Gpio_Pinmode
    main.o(i.Read_Dht11_Data) refers to stm32f1xx_hal_gpio.o(i.HAL_GPIO_WritePin) for HAL_GPIO_WritePin
    main.o(i.Read_Dht11_Data) refers to main.o(i.DWT_Delay_us) for DWT_Delay_us
    main.o(i.Read_Dht11_Data) refers to stm32f1xx_hal_gpio.o(i.HAL_GPIO_ReadPin) for HAL_GPIO_ReadPin
    main.o(i.Read_Dht11_Data) refers to printf8.o(i.__0printf$8) for __2printf
    main.o(i.Read_Dht11_Data) refers to main.o(.bss) for .bss
    main.o(i.Read_Dht11_Data) refers to main.o(.data) for .data
    main.o(i.Read_Dust_Data) refers to stm32f1xx_hal_gpio.o(i.HAL_GPIO_WritePin) for HAL_GPIO_WritePin
    main.o(i.Read_Dust_Data) refers to main.o(i.DWT_Delay_us) for DWT_Delay_us
    main.o(i.Read_Dust_Data) refers to stm32f1xx_hal_adc.o(i.HAL_ADC_GetValue) for HAL_ADC_GetValue
    main.o(i.Read_Dust_Data) refers to ffltui.o(.text) for __aeabi_ui2f
    main.o(i.Read_Dust_Data) refers to fmul.o(.text) for __aeabi_fmul
    main.o(i.Read_Dust_Data) refers to fadd.o(.text) for __aeabi_fsub
    main.o(i.Read_Dust_Data) refers to main.o(.bss) for .bss
    main.o(i.Read_Dust_Data) refers to main.o(.data) for .data
    main.o(i.StartDefaultTask) refers to tasks.o(i.xTaskGetTickCount) for xTaskGetTickCount
    main.o(i.StartDefaultTask) refers to main.o(i.Read_Dht11_Data) for Read_Dht11_Data
    main.o(i.StartDefaultTask) refers to main.o(i.Read_Dust_Data) for Read_Dust_Data
    main.o(i.StartDefaultTask) refers to tasks.o(i.vTaskDelay) for vTaskDelay
    main.o(i.StartTask02) refers to stm32f1xx_hal_uart.o(i.HAL_UART_Receive) for HAL_UART_Receive
    main.o(i.StartTask02) refers to strlen.o(.text) for strlen
    main.o(i.StartTask02) refers to printf8.o(i.__0printf$8) for __2printf
    main.o(i.StartTask02) refers to memseta.o(.text) for __aeabi_memclr4
    main.o(i.StartTask02) refers to strcmp.o(.text) for strcmp
    main.o(i.StartTask02) refers to stm32f1xx_hal_uart.o(i.HAL_UART_Receive_IT) for HAL_UART_Receive_IT
    main.o(i.StartTask02) refers to tasks.o(i.vTaskDelay) for vTaskDelay
    main.o(i.StartTask02) refers to main.o(.bss) for .bss
[...]
    Removing queue.o(i.pcQueueGetName), (40 bytes).
    Removing queue.o(i.prvCopyDataFromQueue), (38 bytes).
    Removing queue.o(i.prvIsQueueEmpty), (28 bytes).
    Removing queue.o(i.uxQueueMessagesWaiting), (36 bytes).
    Removing queue.o(i.uxQueueMessagesWaitingFromISR), (22 bytes).
    Removing queue.o(i.uxQueueSpacesAvailable), (40 bytes).
    Removing queue.o(i.vQueueAddToRegistry), (40 bytes).
    Removing queue.o(i.vQueueDelete), (36 bytes).
    Removing queue.o(i.vQueueUnregisterQueue), (40 bytes).
    Removing queue.o(i.xQueueGenericReceive), (364 bytes).
    Removing queue.o(i.xQueueGenericSendFromISR), (188 bytes).
    Removing queue.o(i.xQueueGiveFromISR), (156 bytes).
    Removing queue.o(i.xQueueIsQueueEmptyFromISR), (30 bytes).
    Removing queue.o(i.xQueueIsQueueFullFromISR), (34 bytes).
    Removing queue.o(i.xQueuePeekFromISR), (116 bytes).
    Removing queue.o(i.xQueueReceiveFromISR), (154 bytes).
    Removing queue.o(.bss), (64 bytes).
    Removing tasks.o(i.pcTaskGetName), (32 bytes).
    Removing tasks.o(i.prvTaskIsTaskSuspended), (52 bytes).
    Removing tasks.o(i.pvTaskIncrementMutexHeldCount), (24 bytes).
    Removing tasks.o(i.ulTaskNotifyTake), (104 bytes).
    Removing tasks.o(i.uxTaskGetNumberOfTasks), (12 bytes).
    Removing tasks.o(i.uxTaskPriorityGet), (28 bytes).
    Removing tasks.o(i.uxTaskPriorityGetFromISR), (44 bytes).
    Removing tasks.o(i.uxTaskResetEventItemValue), (24 bytes).
    Removing tasks.o(i.vTaskDelayUntil), (140 bytes).
    Removing tasks.o(i.vTaskDelete), (172 bytes).
    Removing tasks.o(i.vTaskEndScheduler), (28 bytes).
    Removing tasks.o(i.vTaskNotifyGiveFromISR), (184 bytes).
    Removing tasks.o(i.vTaskPlaceOnUnorderedEventList), (80 bytes).
    Removing tasks.o(i.vTaskPriorityInherit), (132 bytes).
    Removing tasks.o(i.vTaskPrioritySet), (196 bytes).
    Removing tasks.o(i.vTaskResume), (124 bytes).
    Removing tasks.o(i.vTaskSuspend), (176 bytes).
    Removing tasks.o(i.xTaskGenericNotify), (204 bytes).
    Removing tasks.o(i.xTaskGenericNotifyFromISR), (240 bytes).
    Removing tasks.o(i.xTaskGetCurrentTaskHandle), (12 bytes).
    Removing tasks.o(i.xTaskGetTickCountFromISR), (16 bytes).
    Removing tasks.o(i.xTaskNotifyStateClear), (52 bytes).
    Removing tasks.o(i.xTaskNotifyWait), (140 bytes).
    Removing tasks.o(i.xTaskRemoveFromUnorderedEventList), (120 bytes).
    Removing tasks.o(i.xTaskResumeFromISR), (136 bytes).
    Removing cmsis_os.o(.rev16_text), (4 bytes).
    Removing cmsis_os.o(.revsh_text), (4 bytes).
    Removing cmsis_os.o(i.inHandlerMode), (12 bytes).
    Removing cmsis_os.o(i.makeCmsisPriority), (14 bytes).
    Removing cmsis_os.o(i.osAbortDelay), (4 bytes).
    Removing cmsis_os.o(i.osDelay), (14 bytes).
    Removing cmsis_os.o(i.osDelayUntil), (14 bytes).
    Removing cmsis_os.o(i.osKernelRunning), (18 bytes).
    Removing cmsis_os.o(i.osKernelSysTick), (24 bytes).
    Removing cmsis_os.o(i.osMailAlloc), (12 bytes).
    Removing cmsis_os.o(i.osMailCAlloc), (32 bytes).
    Removing cmsis_os.o(i.osMailCreate), (92 bytes).
    Removing cmsis_os.o(i.osMailFree), (12 bytes).
    Removing cmsis_os.o(i.osMailGet), (148 bytes).
    Removing cmsis_os.o(i.osMailPut), (92 bytes).
    Removing cmsis_os.o(i.osMessageAvailableSpace), (4 bytes).
    Removing cmsis_os.o(i.osMessageCreate), (8 bytes).
    Removing cmsis_os.o(i.osMessageDelete), (24 bytes).
    Removing cmsis_os.o(i.osMessageGet), (152 bytes).
    Removing cmsis_os.o(i.osMessagePeek), (78 bytes).
    Removing cmsis_os.o(i.osMessagePut), (92 bytes).
    Removing cmsis_os.o(i.osMessageWaiting), (30 bytes).
    Removing cmsis_os.o(i.osMutexDelete), (24 bytes).
    Removing cmsis_os.o(i.osMutexRelease), (80 bytes).
    Removing cmsis_os.o(i.osMutexWait), (104 bytes).
    Removing cmsis_os.o(i.osPoolAlloc), (106 bytes).
    Removing cmsis_os.o(i.osPoolCAlloc), (16 bytes).
    Removing cmsis_os.o(i.osPoolCreate), (94 bytes).
    Removing cmsis_os.o(i.osPoolFree), (48 bytes).
    Removing cmsis_os.o(i.osRecursiveMutexCreate), (4 bytes).
    Removing cmsis_os.o(i.osRecursiveMutexRelease), (4 bytes).
    Removing cmsis_os.o(i.osRecursiveMutexWait), (4 bytes).
    Removing cmsis_os.o(i.osSemaphoreCreate), (38 bytes).
    Removing cmsis_os.o(i.osSemaphoreDelete), (24 bytes).
    Removing cmsis_os.o(i.osSemaphoreGetCount), (4 bytes).
    Removing cmsis_os.o(i.osSemaphoreRelease), (80 bytes).
    Removing cmsis_os.o(i.osSemaphoreWait), (104 bytes).
    Removing cmsis_os.o(i.osSignalSet), (92 bytes).
    Removing cmsis_os.o(i.osSignalWait), (86 bytes).
    Removing cmsis_os.o(i.osThreadGetId), (4 bytes).
    Removing cmsis_os.o(i.osThreadGetPriority), (32 bytes).
    Removing cmsis_os.o(i.osThreadList), (4 bytes).
    Removing cmsis_os.o(i.osThreadResume), (52 bytes).
    Removing cmsis_os.o(i.osThreadResumeAll), (18 bytes).
    Removing cmsis_os.o(i.osThreadSetPriority), (22 bytes).
    Removing cmsis_os.o(i.osThreadSuspend), (10 bytes).
    Removing cmsis_os.o(i.osThreadSuspendAll), (10 bytes).
    Removing cmsis_os.o(i.osThreadTerminate), (10 bytes).
    Removing cmsis_os.o(i.osThreadYield), (24 bytes).
    Removing cmsis_os.o(i.osTimerCreate), (4 bytes).
    Removing cmsis_os.o(i.osTimerDelete), (4 bytes).
    Removing cmsis_os.o(i.osTimerStart), (4 bytes).
    Removing cmsis_os.o(i.osTimerStop), (4 bytes).
    Removing heap_4.o(i.vPortInitialiseBlocks), (2 bytes).
    Removing heap_4.o(i.xPortGetFreeHeapSize), (12 bytes).
    Removing heap_4.o(i.xPortGetMinimumEverFreeHeapSize), (12 bytes).
    Removing port.o(i.vPortEndScheduler), (32 bytes).
    Removing port.o(i.vPortValidateInterruptPriority), (84 bytes).
    Removing dadd.o(.text), (334 bytes).
    Removing dmul.o(.text), (228 bytes).
    Removing ddiv.o(.text), (222 bytes).
    Removing dfixul.o(.text), (48 bytes).
    Removing cdrcmple.o(.text), (48 bytes).
    Removing depilogue.o(.text), (186 bytes).

358 unused section(s) (total 20296 bytes) removed from the image.

==============================================================================

Image Symbol Table

    Local Symbols

    Symbol Name                              Value     Ov Type        Size  Object(Section)

    ../Drivers/STM32F1xx_HAL_Driver/Src/stm32f1xx_hal.c 0x00000000   Number         0  stm32f1xx_hal.o ABSOLUTE
    ../Drivers/STM32F1xx_HAL_Driver/Src/stm32f1xx_hal_adc.c 0x00000000   Number         0  stm32f1xx_hal_adc.o ABSOLUTE
    ../Drivers/STM32F1xx_HAL_Driver/Src/stm32f1xx_hal_adc_ex.c 0x00000000   Number         0  stm32f1xx_hal_adc_ex.o ABSOLUTE
    ../Drivers/STM32F1xx_HAL_Driver/Src/stm32f1xx_hal_cortex.c 0x00000000   Number         0  stm32f1xx_hal_cortex.o ABSOLUTE
    ../Drivers/STM32F1xx_HAL_Driver/Src/stm32f1xx_hal_dma.c 0x00000000   Number         0  stm32f1xx_hal_dma.o ABSOLUTE
    ../Drivers/STM32F1xx_HAL_Driver/Src/stm32f1xx_hal_flash.c 0x00000000   Number         0  stm32f1xx_hal_flash.o ABSOLUTE
    ../Drivers/STM32F1xx_HAL_Driver/Src/stm32f1xx_hal_flash_ex.c 0x00000000   Number         0  stm32f1xx_hal_flash_ex.o ABSOLUTE
    ../Drivers/STM32F1xx_HAL_Driver/Src/stm32f1xx_hal_gpio.c 0x00000000   Number         0  stm32f1xx_hal_gpio.o ABSOLUTE
    ../Drivers/STM32F1xx_HAL_Driver/Src/stm32f1xx_hal_gpio_ex.c 0x00000000   Number         0  stm32f1xx_hal_gpio_ex.o ABSOLUTE
    ../Drivers/STM32F1xx_HAL_Driver/Src/stm32f1xx_hal_pwr.c 0x00000000   Number         0  stm32f1xx_hal_pwr.o ABSOLUTE
    ../Drivers/STM32F1xx_HAL_Driver/Src/stm32f1xx_hal_rcc.c 0x00000000   Number         0  stm32f1xx_hal_rcc.o ABSOLUTE
    ../Drivers/STM32F1xx_HAL_Driver/Src/stm32f1xx_hal_rcc_ex.c 0x00000000   Number         0  stm32f1xx_hal_rcc_ex.o ABSOLUTE
    ../Drivers/STM32F1xx_HAL_Driver/Src/stm32f1xx_hal_tim.c 0x00000000   Number         0  stm32f1xx_hal_tim.o ABSOLUTE
    ../Drivers/STM32F1xx_HAL_Driver/Src/stm32f1xx_hal_tim_ex.c 0x00000000   Number         0  stm32f1xx_hal_tim_ex.o ABSOLUTE
    ../Drivers/STM32F1xx_HAL_Driver/Src/stm32f1xx_hal_uart.c 0x00000000   Number         0  stm32f1xx_hal_uart.o ABSOLUTE
    ../Middlewares/Third_Party/FreeRTOS/Source/CMSIS_RTOS/cmsis_os.c 0x00000000   Number         0  cmsis_os.o ABSOLUTE
    ../Middlewares/Third_Party/FreeRTOS/Source/croutine.c 0x00000000   Number         0  croutine.o ABSOLUTE
    ../Middlewares/Third_Party/FreeRTOS/Source/event_groups.c 0x00000000   Number         0  event_groups.o ABSOLUTE
    ../Middlewares/Third_Party/FreeRTOS/Source/list.c 0x00000000   Number         0  list.o ABSOLUTE
    ../Middlewares/Third_Party/FreeRTOS/Source/portable/MemMang/heap_4.c 0x00000000   Number         0  heap_4.o ABSOLUTE
    ../Middlewares/Third_Party/FreeRTOS/Source/portable/RVDS/ARM_CM3/port.c 0x00000000   Number         0  port.o ABSOLUTE
    ../Middlewares/Third_Party/FreeRTOS/Source/queue.c 0x00000000   Number         0  queue.o ABSOLUTE
    ../Middlewares/Third_Party/FreeRTOS/Source/tasks.c 0x00000000   Number         0  tasks.o ABSOLUTE
    ../Middlewares/Third_Party/FreeRTOS/Source/timers.c 0x00000000   Number         0  timers.o ABSOLUTE
    ../Src/freertos.c                        0x00000000   Number         0  freertos.o ABSOLUTE
    ../Src/main.c                            0x00000000   Number         0  main.o ABSOLUTE
    ../Src/stm32f1xx_hal_msp.c               0x00000000   Number         0  stm32f1xx_hal_msp.o ABSOLUTE
    ../Src/stm32f1xx_it.c                    0x00000000   Number         0  stm32f1xx_it.o ABSOLUTE
    ../Src/system_stm32f1xx.c                0x00000000   Number         0  system_stm32f1xx.o ABSOLUTE
    ../clib/microlib/division.c              0x00000000   Number         0  uldiv.o ABSOLUTE
    ../clib/microlib/division.c              0x00000000   Number         0  uidiv.o ABSOLUTE
    ../clib/microlib/init/entry.s            0x00000000   Number         0  entry11b.o ABSOLUTE
    ../clib/microlib/init/entry.s            0x00000000   Number         0  entry11a.o ABSOLUTE
    ../clib/microlib/init/entry.s            0x00000000   Number         0  entry10a.o ABSOLUTE
    ../clib/microlib/init/entry.s            0x00000000   Number         0  entry.o ABSOLUTE
    ../clib/microlib/init/entry.s            0x00000000   Number         0  entry10b.o ABSOLUTE
    ../clib/microlib/init/entry.s            0x00000000   Number         0  entry9b.o ABSOLUTE
    ../clib/microlib/init/entry.s            0x00000000   Number         0  entry9a.o ABSOLUTE
    ../clib/microlib/init/entry.s            0x00000000   Number         0  entry8b.o ABSOLUTE
    ../clib/microlib/init/entry.s            0x00000000   Number         0  entry8a.o ABSOLUTE
    ../clib/microlib/init/entry.s            0x00000000   Number         0  entry5.o ABSOLUTE
    ../clib/microlib/init/entry.s            0x00000000   Number         0  entry7b.o ABSOLUTE
    ../clib/microlib/init/entry.s            0x00000000   Number         0  entry7a.o ABSOLUTE
    ../clib/microlib/init/entry.s            0x00000000   Number         0  entry2.o ABSOLUTE
    ../clib/microlib/longlong.c              0x00000000   Number         0  llushr.o ABSOLUTE
    ../clib/microlib/longlong.c              0x00000000   Number         0  llsshr.o ABSOLUTE
    ../clib/microlib/longlong.c              0x00000000   Number         0  llshl.o ABSOLUTE
    ../clib/microlib/printf/printf.c         0x00000000   Number         0  printf2.o ABSOLUTE
    ../clib/microlib/printf/printf.c         0x00000000   Number         0  printf0.o ABSOLUTE
    ../clib/microlib/printf/printf.c         0x00000000   Number         0  printf1.o ABSOLUTE
    ../clib/microlib/printf/printf.c         0x00000000   Number         0  printf8.o ABSOLUTE
    ../clib/microlib/printf/printf.c         0x00000000   Number         0  printfa.o ABSOLUTE
    ../clib/microlib/printf/printf.c         0x00000000   Number         0  printf7.o ABSOLUTE
    ../clib/microlib/printf/printf.c         0x00000000   Number         0  printf6.o ABSOLUTE
    ../clib/microlib/printf/printf.c         0x00000000   Number         0  printf5.o ABSOLUTE
    ../clib/microlib/printf/printf.c         0x00000000   Number         0  printf4.o ABSOLUTE
    ../clib/microlib/printf/printf.c         0x00000000   Number         0  printf3.o ABSOLUTE
    ../clib/microlib/printf/printf.c         0x00000000   Number         0  printfb.o ABSOLUTE
    ../clib/microlib/printf/stubs.s          0x00000000   Number         0  stubs.o ABSOLUTE
    ../clib/microlib/stdio/streams.c         0x00000000   Number         0  stdout.o ABSOLUTE
    ../clib/microlib/string/memcpy.c         0x00000000   Number         0  memcpyb.o ABSOLUTE
    ../clib/microlib/string/memcpy.c         0x00000000   Number         0  memcpya.o ABSOLUTE
    ../clib/microlib/string/memset.c         0x00000000   Number         0  memseta.o ABSOLUTE
    ../clib/microlib/string/strcmp.c         0x00000000   Number         0  strcmp.o ABSOLUTE
    ../clib/microlib/string/strlen.c         0x00000000   Number         0  strlen.o ABSOLUTE
    ../clib/microlib/stubs.s                 0x00000000   Number         0  iusefp.o ABSOLUTE
    ../fplib/microlib/fpadd.c                0x00000000   Number         0  dadd.o ABSOLUTE
    ../fplib/microlib/fpadd.c                0x00000000   Number         0  fadd.o ABSOLUTE
    ../fplib/microlib/fpdiv.c                0x00000000   Number         0  ddiv.o ABSOLUTE
    ../fplib/microlib/fpepilogue.c           0x00000000   Number         0  depilogue.o ABSOLUTE
    ../fplib/microlib/fpepilogue.c           0x00000000   Number         0  fepilogue.o ABSOLUTE
    ../fplib/microlib/fpfix.c                0x00000000   Number         0  dfixul.o ABSOLUTE
    ../fplib/microlib/fpflt.c                0x00000000   Number         0  ffltui.o ABSOLUTE
    ../fplib/microlib/fpmul.c                0x00000000   Number         0  dmul.o ABSOLUTE
    ../fplib/microlib/fpmul.c                0x00000000   Number         0  fmul.o ABSOLUTE
    ..\Drivers\STM32F1xx_HAL_Driver\Src\stm32f1xx_hal.c 0x00000000   Number         0  stm32f1xx_hal.o ABSOLUTE
    ..\Drivers\STM32F1xx_HAL_Driver\Src\stm32f1xx_hal_adc.c 0x00000000   Number         0  stm32f1xx_hal_adc.o ABSOLUTE
    ..\Drivers\STM32F1xx_HAL_Driver\Src\stm32f1xx_hal_adc_ex.c 0x00000000   Number         0  stm32f1xx_hal_adc_ex.o ABSOLUTE
    ..\Drivers\STM32F1xx_HAL_Driver\Src\stm32f1xx_hal_cortex.c 0x00000000   Number         0  stm32f1xx_hal_cortex.o ABSOLUTE
    ..\Drivers\STM32F1xx_HAL_Driver\Src\stm32f1xx_hal_dma.c 0x00000000   Number         0  stm32f1xx_hal_dma.o ABSOLUTE
    ..\Drivers\STM32F1xx_HAL_Driver\Src\stm32f1xx_hal_flash.c 0x00000000   Number         0  stm32f1xx_hal_flash.o ABSOLUTE
    ..\Drivers\STM32F1xx_HAL_Driver\Src\stm32f1xx_hal_flash_ex.c 0x00000000   Number         0  stm32f1xx_hal_flash_ex.o ABSOLUTE
    ..\Drivers\STM32F1xx_HAL_Driver\Src\stm32f1xx_hal_gpio.c 0x00000000   Number         0  stm32f1xx_hal_gpio.o ABSOLUTE
    ..\Drivers\STM32F1xx_HAL_Driver\Src\stm32f1xx_hal_gpio_ex.c 0x00000000   Number         0  stm32f1xx_hal_gpio_ex.o ABSOLUTE
    ..\Drivers\STM32F1xx_HAL_Driver\Src\stm32f1xx_hal_pwr.c 0x00000000   Number         0  stm32f1xx_hal_pwr.o ABSOLUTE
    ..\Drivers\STM32F1xx_HAL_Driver\Src\stm32f1xx_hal_rcc.c 0x00000000   Number         0  stm32f1xx_hal_rcc.o ABSOLUTE
    ..\Drivers\STM32F1xx_HAL_Driver\Src\stm32f1xx_hal_rcc_ex.c 0x00000000   Number         0  stm32f1xx_hal_rcc_ex.o ABSOLUTE
    ..\Drivers\STM32F1xx_HAL_Driver\Src\stm32f1xx_hal_tim.c 0x00000000   Number         0  stm32f1xx_hal_tim.o ABSOLUTE
    ..\Drivers\STM32F1xx_HAL_Driver\Src\stm32f1xx_hal_tim_ex.c 0x00000000   Number         0  stm32f1xx_hal_tim_ex.o ABSOLUTE
    ..\Drivers\STM32F1xx_HAL_Driver\Src\stm32f1xx_hal_uart.c 0x00000000   Number         0  stm32f1xx_hal_uart.o ABSOLUTE
    ..\Middlewares\Third_Party\FreeRTOS\Source\CMSIS_RTOS\cmsis_os.c 0x00000000   Number         0  cmsis_os.o ABSOLUTE
    ..\Middlewares\Third_Party\FreeRTOS\Source\portable\RVDS\ARM_CM3\port.c 0x00000000   Number         0  port.o ABSOLUTE
    ..\Src\dwt_stm32_delay.c                 0x00000000   Number         0  dwt_stm32_delay.o ABSOLUTE
    ..\Src\freertos.c                        0x00000000   Number         0  freertos.o ABSOLUTE
    ..\Src\main.c                            0x00000000   Number         0  main.o ABSOLUTE
    ..\Src\stm32f1xx_hal_msp.c               0x00000000   Number         0  stm32f1xx_hal_msp.o ABSOLUTE
    ..\Src\stm32f1xx_it.c                    0x00000000   Number         0  stm32f1xx_it.o ABSOLUTE
    ..\Src\system_stm32f1xx.c                0x00000000   Number         0  system_stm32f1xx.o ABSOLUTE
    ..\\Src\\dwt_stm32_delay.c               0x00000000   Number         0  dwt_stm32_delay.o ABSOLUTE
    cdrcmple.s                               0x00000000   Number         0  cdrcmple.o ABSOLUTE
    dc.s                                     0x00000000   Number         0  dc.o ABSOLUTE
    handlers.s                               0x00000000   Number         0  handlers.o ABSOLUTE
    init.s                                   0x00000000   Number         0  init.o ABSOLUTE
    startup_stm32f103xb.s                    0x00000000   Number         0  startup_stm32f103xb.o ABSOLUTE
    RESET                                    0x08000000   Section      236  startup_stm32f103xb.o(RESET)
    .ARM.Collect$$$$00000000                 0x080000ec   Section        0  entry.o(.ARM.Collect$$$$00000000)
    .ARM.Collect$$$$00000001                 0x080000ec   Section        4  entry2.o(.ARM.Collect$$$$00000001)
    .ARM.Collect$$$$00000004                 0x080000f0   Section        4  entry5.o(.ARM.Collect$$$$00000004)
    .ARM.Collect$$$$00000008                 0x080000f4   Section        0  entry7b.o(.ARM.Collect$$$$00000008)
    .ARM.Collect$$$$0000000A                 0x080000f4   Section        0  entry8b.o(.ARM.Collect$$$$0000000A)
    .ARM.Collect$$$$0000000B                 0x080000f4   Section        8  entry9a.o(.ARM.Collect$$$$0000000B)
    .ARM.Collect$$$$0000000D                 0x080000fc   Section        0  entry10a.o(.ARM.Collect$$$$0000000D)
    .ARM.Collect$$$$0000000F                 0x080000fc   Section        0  entry11a.o(.ARM.Collect$$$$0000000F)
    .ARM.Collect$$$$00002712                 0x080000fc   Section        4  entry2.o(.ARM.Collect$$$$00002712)
    __lit__00000000                          0x080000fc   Data           4  entry2.o(.ARM.Collect$$$$00002712)
    .emb_text                                0x08000100   Section      150  port.o(.emb_text)
    .text                                    0x08000198   Section       36  startup_stm32f103xb.o(.text)
    .text                                    0x080001bc   Section        0  llushr.o(.text)
    .text                                    0x080001dc   Section        0  memcpya.o(.text)
    .text                                    0x08000200   Section        0  memseta.o(.text)
    .text                                    0x08000224   Section        0  strlen.o(.text)
    .text                                    0x08000232   Section        0  strcmp.o(.text)
    .text                                    0x0800024e   Section        0  fadd.o(.text)
    .text                                    0x080002fe   Section        0  fmul.o(.text)
    .text                                    0x08000362   Section        0  ffltui.o(.text)
    .text                                    0x0800036c   Section        0  uldiv.o(.text)
    .text                                    0x080003ce   Section        0  iusefp.o(.text)
    .text                                    0x080003ce   Section        0  fepilogue.o(.text)
    .text                                    0x0800043c   Section       36  init.o(.text)
    .text                                    0x08000460   Section        0  llshl.o(.text)
    i.ADC1_2_IRQHandler                      0x08000480   Section        0  stm32f1xx_it.o(i.ADC1_2_IRQHandler)
    i.ADC_ConversionStop_Disable             0x0800048c   Section        0  stm32f1xx_hal_adc.o(i.ADC_ConversionStop_Disable)
    i.BusFault_Handler                       0x080004d8   Section        0  stm32f1xx_it.o(i.BusFault_Handler)
    i.DMA1_Channel4_IRQHandler               0x080004dc   Section        0  stm32f1xx_it.o(i.DMA1_Channel4_IRQHandler)
    i.DMA1_Channel5_IRQHandler               0x080004e8   Section        0  stm32f1xx_it.o(i.DMA1_Channel5_IRQHandler)
    i.DWT_Delay_Init                         0x080004f4   Section        0  dwt_stm32_delay.o(i.DWT_Delay_Init)
    i.DWT_Delay_us                           0x08000538   Section        0  main.o(i.DWT_Delay_us)
    DWT_Delay_us                             0x08000539   Thumb Code    34  main.o(i.DWT_Delay_us)
    i.DebugMon_Handler                       0x08000564   Section        0  stm32f1xx_it.o(i.DebugMon_Handler)
    i.EXTI1_IRQHandler                       0x08000568   Section        0  stm32f1xx_it.o(i.EXTI1_IRQHandler)
    i.Error_Handler                          0x0800059c   Section        0  main.o(i.Error_Handler)
    i.Gpio_Pinmode                           0x0800059e   Section        0  main.o(i.Gpio_Pinmode)
    i.HAL_ADCEx_InjectedConvCpltCallback     0x080005ba   Section        0  stm32f1xx_hal_adc_ex.o(i.HAL_ADCEx_InjectedConvCpltCallback)
    i.HAL_ADC_ConfigChannel                  0x080005bc   Section        0  stm32f1xx_hal_adc.o(i.HAL_ADC_ConfigChannel)
    i.HAL_ADC_ConvCpltCallback               0x080006b8   Section        0  stm32f1xx_hal_adc.o(i.HAL_ADC_ConvCpltCallback)
    i.HAL_ADC_GetValue                       0x080006ba   Section        0  stm32f1xx_hal_adc.o(i.HAL_ADC_GetValue)
    i.HAL_ADC_IRQHandler                     0x080006c0   Section        0  stm32f1xx_hal_adc.o(i.HAL_ADC_IRQHandler)
    i.HAL_ADC_Init                           0x080007a8   Section        0  stm32f1xx_hal_adc.o(i.HAL_ADC_Init)
    i.HAL_ADC_LevelOutOfWindowCallback       0x080008c4   Section        0  stm32f1xx_hal_adc.o(i.HAL_ADC_LevelOutOfWindowCallback)
    i.HAL_ADC_MspInit                        0x080008c8   Section        0  stm32f1xx_hal_msp.o(i.HAL_ADC_MspInit)
    i.HAL_DMA_Abort_IT                       0x08000930   Section        0  stm32f1xx_hal_dma.o(i.HAL_DMA_Abort_IT)
    i.HAL_DMA_IRQHandler                     0x080009c8   Section        0  stm32f1xx_hal_dma.o(i.HAL_DMA_IRQHandler)
    i.HAL_DMA_Init                           0x08000b1c   Section        0  stm32f1xx_hal_dma.o(i.HAL_DMA_Init)
    i.HAL_GPIO_EXTI_Callback                 0x08000b78   Section        0  stm32f1xx_hal_gpio.o(i.HAL_GPIO_EXTI_Callback)
    i.HAL_GPIO_EXTI_IRQHandler               0x08000b7c   Section        0  stm32f1xx_hal_gpio.o(i.HAL_GPIO_EXTI_IRQHandler)
    i.HAL_GPIO_Init                          0x08000b94   Section        0  stm32f1xx_hal_gpio.o(i.HAL_GPIO_Init)
    i.HAL_GPIO_ReadPin                       0x08000d50   Section        0  stm32f1xx_hal_gpio.o(i.HAL_GPIO_ReadPin)
    i.HAL_GPIO_WritePin                      0x08000d5a   Section        0  stm32f1xx_hal_gpio.o(i.HAL_GPIO_WritePin)
    i.HAL_GetTick                            0x08000d64   Section        0  stm32f1xx_hal.o(i.HAL_GetTick)
    i.HAL_IncTick                            0x08000d70   Section        0  stm32f1xx_hal.o(i.HAL_IncTick)
    i.HAL_Init                               0x08000d80   Section        0  stm32f1xx_hal.o(i.HAL_Init)
    i.HAL_InitTick                           0x08000da4   Section        0  stm32f1xx_hal.o(i.HAL_InitTick)
    i.HAL_MspInit                            0x08000de4   Section        0  stm32f1xx_hal_msp.o(i.HAL_MspInit)
    i.HAL_NVIC_EnableIRQ                     0x08000e2c   Section        0  stm32f1xx_hal_cortex.o(i.HAL_NVIC_EnableIRQ)
    i.HAL_NVIC_SetPriority                   0x08000e44   Section        0  stm32f1xx_hal_cortex.o(i.HAL_NVIC_SetPriority)
    i.HAL_NVIC_SetPriorityGrouping           0x08000e84   Section        0  stm32f1xx_hal_cortex.o(i.HAL_NVIC_SetPriorityGrouping)
    i.HAL_RCCEx_PeriphCLKConfig              0x08000ea8   Section        0  stm32f1xx_hal_rcc_ex.o(i.HAL_RCCEx_PeriphCLKConfig)
    i.HAL_RCC_ClockConfig                    0x08000f94   Section        0  stm32f1xx_hal_rcc.o(i.HAL_RCC_ClockConfig)
    i.HAL_RCC_GetHCLKFreq                    0x08001100   Section        0  stm32f1xx_hal_rcc.o(i.HAL_RCC_GetHCLKFreq)
    i.HAL_RCC_GetPCLK1Freq                   0x0800110c   Section        0  stm32f1xx_hal_rcc.o(i.HAL_RCC_GetPCLK1Freq)
    i.HAL_RCC_GetPCLK2Freq                   0x0800112c   Section        0  stm32f1xx_hal_rcc.o(i.HAL_RCC_GetPCLK2Freq)
    i.HAL_RCC_GetSysClockFreq                0x0800114c   Section        0  stm32f1xx_hal_rcc.o(i.HAL_RCC_GetSysClockFreq)
    i.HAL_RCC_OscConfig                      0x080011b8   Section        0  stm32f1xx_hal_rcc.o(i.HAL_RCC_OscConfig)
    i.HAL_SYSTICK_Config                     0x080014bc   Section        0  stm32f1xx_hal_cortex.o(i.HAL_SYSTICK_Config)
    i.HAL_UART_ErrorCallback                 0x080014e4   Section        0  stm32f1xx_hal_uart.o(i.HAL_UART_ErrorCallback)
    i.HAL_UART_IRQHandler                    0x080014e8   Section        0  stm32f1xx_hal_uart.o(i.HAL_UART_IRQHandler)
    i.HAL_UART_Init                          0x080015f8   Section        0  stm32f1xx_hal_uart.o(i.HAL_UART_Init)
    i.HAL_UART_MspInit                       0x0800165c   Section        0  stm32f1xx_hal_msp.o(i.HAL_UART_MspInit)
    i.HAL_UART_Receive                       0x08001790   Section        0  stm32f1xx_hal_uart.o(i.HAL_UART_Receive)
    i.HAL_UART_Receive_IT                    0x08001848   Section        0  stm32f1xx_hal_uart.o(i.HAL_UART_Receive_IT)
    i.HAL_UART_RxCpltCallback                0x0800189a   Section        0  main.o(i.HAL_UART_RxCpltCallback)
    i.HAL_UART_Transmit                      0x0800189c   Section        0  stm32f1xx_hal_uart.o(i.HAL_UART_Transmit)
    i.HAL_UART_TxCpltCallback                0x08001956   Section        0  stm32f1xx_hal_uart.o(i.HAL_UART_TxCpltCallback)
    i.HardFault_Handler                      0x08001958   Section        0  stm32f1xx_it.o(i.HardFault_Handler)
    i.MX_ADC1_Init                           0x0800195c   Section        0  main.o(i.MX_ADC1_Init)
    MX_ADC1_Init                             0x0800195d   Thumb Code    56  main.o(i.MX_ADC1_Init)
    i.MX_GPIO_Init                           0x0800199c   Section        0  main.o(i.MX_GPIO_Init)
    MX_GPIO_Init                             0x0800199d   Thumb Code   166  main.o(i.MX_GPIO_Init)
    i.MemManage_Handler                      0x08001a54   Section        0  stm32f1xx_it.o(i.MemManage_Handler)
    i.NMI_Handler                            0x08001a56   Section        0  stm32f1xx_it.o(i.NMI_Handler)
    i.NVIC_SetPriority                       0x08001a58   Section        0  stm32f1xx_hal_cortex.o(i.NVIC_SetPriority)
    NVIC_SetPriority                         0x08001a59   Thumb Code    32  stm32f1xx_hal_cortex.o(i.NVIC_SetPriority)
    i.Read_Dht11_Data                        0x08001a78   Section        0  main.o(i.Read_Dht11_Data)
    i.Read_Dust_Data                         0x08001b6c   Section        0  main.o(i.Read_Dust_Data)
    i.StartDefaultTask                       0x08001bec   Section        0  main.o(i.StartDefaultTask)
    i.StartTask02                            0x08001c04   Section        0  main.o(i.StartTask02)
    i.StartTask03                            0x08001dbc   Section        0  main.o(i.StartTask03)
    i.SysTick_Handler                        0x08001dbe   Section        0  stm32f1xx_it.o(i.SysTick_Handler)
    i.SystemClock_Config                     0x08001dcc   Section        0  main.o(i.SystemClock_Config)
    i.SystemInit                             0x08001e2c   Section        0  system_stm32f1xx.o(i.SystemInit)
    i.UART_DMAAbortOnError                   0x08001e74   Section        0  stm32f1xx_hal_uart.o(i.UART_DMAAbortOnError)
    UART_DMAAbortOnError                     0x08001e75   Thumb Code    16  stm32f1xx_hal_uart.o(i.UART_DMAAbortOnError)
    i.UART_EndRxTransfer                     0x08001e84   Section        0  stm32f1xx_hal_uart.o(i.UART_EndRxTransfer)
    UART_EndRxTransfer                       0x08001e85   Thumb Code    28  stm32f1xx_hal_uart.o(i.UART_EndRxTransfer)
    i.UART_Receive_IT                        0x08001ea0   Section        0  stm32f1xx_hal_uart.o(i.UART_Receive_IT)
    UART_Receive_IT                          0x08001ea1   Thumb Code   150  stm32f1xx_hal_uart.o(i.UART_Receive_IT)
    i.UART_SetConfig                         0x08001f38   Section        0  stm32f1xx_hal_uart.o(i.UART_SetConfig)
    UART_SetConfig                           0x08001f39   Thumb Code   364  stm32f1xx_hal_uart.o(i.UART_SetConfig)
    i.UART_Transmit_IT                       0x080020a8   Section        0  stm32f1xx_hal_uart.o(i.UART_Transmit_IT)
    UART_Transmit_IT                         0x080020a9   Thumb Code    98  stm32f1xx_hal_uart.o(i.UART_Transmit_IT)
    i.UART_WaitOnFlagUntilTimeout            0x0800210a   Section        0  stm32f1xx_hal_uart.o(i.UART_WaitOnFlagUntilTimeout)
    UART_WaitOnFlagUntilTimeout              0x0800210b   Thumb Code   100  stm32f1xx_hal_uart.o(i.UART_WaitOnFlagUntilTimeout)
    i.USART1_IRQHandler                      0x08002170   Section        0  stm32f1xx_it.o(i.USART1_IRQHandler)
    i.USART3_IRQHandler                      0x0800217c   Section        0  stm32f1xx_it.o(i.USART3_IRQHandler)
    i.UsageFault_Handler                     0x08002188   Section        0  stm32f1xx_it.o(i.UsageFault_Handler)
    i.__0printf$8                            0x0800218c   Section        0  printf8.o(i.__0printf$8)
    i.__scatterload_copy                     0x080021ac   Section       14  handlers.o(i.__scatterload_copy)
    i.__scatterload_null                     0x080021ba   Section        2  handlers.o(i.__scatterload_null)
    i.__scatterload_zeroinit                 0x080021bc   Section       14  handlers.o(i.__scatterload_zeroinit)
    i._printf_core                           0x080021cc   Section        0  printf8.o(i._printf_core)
    _printf_core                             0x080021cd   Thumb Code   996  printf8.o(i._printf_core)
    i._printf_post_padding                   0x080025dc   Section        0  printf8.o(i._printf_post_padding)
    _printf_post_padding                     0x080025dd   Thumb Code    36  printf8.o(i._printf_post_padding)
    i._printf_pre_padding                    0x08002600   Section        0  printf8.o(i._printf_pre_padding)
    _printf_pre_padding                      0x08002601   Thumb Code    46  printf8.o(i._printf_pre_padding)
    i.fputc                                  0x08002630   Section        0  main.o(i.fputc)
    i.main                                   0x0800264c   Section        0  main.o(i.main)
    i.makeFreeRtosPriority                   0x08002760   Section        0  cmsis_os.o(i.makeFreeRtosPriority)
    makeFreeRtosPriority                     0x08002761   Thumb Code    12  cmsis_os.o(i.makeFreeRtosPriority)
    i.osKernelStart                          0x0800276c   Section        0  cmsis_os.o(i.osKernelStart)
    i.osMutexCreate                          0x08002776   Section        0  cmsis_os.o(i.osMutexCreate)
    i.osSystickHandler                       0x0800277c   Section        0  cmsis_os.o(i.osSystickHandler)
    i.osThreadCreate                         0x08002790   Section        0  cmsis_os.o(i.osThreadCreate)
    i.prvAddCurrentTaskToDelayedList         0x080027c0   Section        0  tasks.o(i.prvAddCurrentTaskToDelayedList)
    prvAddCurrentTaskToDelayedList           0x080027c1   Thumb Code   102  tasks.o(i.prvAddCurrentTaskToDelayedList)
    i.prvAddNewTaskToReadyList               0x08002830   Section        0  tasks.o(i.prvAddNewTaskToReadyList)
    prvAddNewTaskToReadyList                 0x08002831   Thumb Code   194  tasks.o(i.prvAddNewTaskToReadyList)
    i.prvCheckTasksWaitingTermination        0x08002900   Section        0  tasks.o(i.prvCheckTasksWaitingTermination)
    prvCheckTasksWaitingTermination          0x08002901   Thumb Code    70  tasks.o(i.prvCheckTasksWaitingTermination)
    i.prvCopyDataToQueue                     0x08002950   Section        0  queue.o(i.prvCopyDataToQueue)
    prvCopyDataToQueue                       0x08002951   Thumb Code   108  queue.o(i.prvCopyDataToQueue)
    i.prvDeleteTCB                           0x080029bc   Section        0  tasks.o(i.prvDeleteTCB)
    prvDeleteTCB                             0x080029bd   Thumb Code    20  tasks.o(i.prvDeleteTCB)
    i.prvHeapInit                            0x080029d0   Section        0  heap_4.o(i.prvHeapInit)
    prvHeapInit                              0x080029d1   Thumb Code    66  heap_4.o(i.prvHeapInit)
    i.prvIdleTask                            0x08002a1c   Section        0  tasks.o(i.prvIdleTask)
    prvIdleTask                              0x08002a1d   Thumb Code    30  tasks.o(i.prvIdleTask)
    i.prvInitialiseNewTask                   0x08002a44   Section        0  tasks.o(i.prvInitialiseNewTask)
    prvInitialiseNewTask                     0x08002a45   Thumb Code   142  tasks.o(i.prvInitialiseNewTask)
    i.prvInsertBlockIntoFreeList             0x08002ad4   Section        0  heap_4.o(i.prvInsertBlockIntoFreeList)
    prvInsertBlockIntoFreeList               0x08002ad5   Thumb Code    72  heap_4.o(i.prvInsertBlockIntoFreeList)
    i.prvResetNextTaskUnblockTime            0x08002b20   Section        0  tasks.o(i.prvResetNextTaskUnblockTime)
    prvResetNextTaskUnblockTime              0x08002b21   Thumb Code    26  tasks.o(i.prvResetNextTaskUnblockTime)
    i.prvTaskExitError                       0x08002b40   Section        0  port.o(i.prvTaskExitError)
    prvTaskExitError                         0x08002b41   Thumb Code    36  port.o(i.prvTaskExitError)
    i.prvUnlockQueue                         0x08002b68   Section        0  queue.o(i.prvUnlockQueue)
    prvUnlockQueue                           0x08002b69   Thumb Code   106  queue.o(i.prvUnlockQueue)
    i.pvPortMalloc                           0x08002bd4   Section        0  heap_4.o(i.pvPortMalloc)
    i.pxPortInitialiseStack                  0x08002cac   Section        0  port.o(i.pxPortInitialiseStack)
    i.uxListRemove                           0x08002cd0   Section        0  list.o(i.uxListRemove)
    i.vListInitialise                        0x08002cf4   Section        0  list.o(i.vListInitialise)
    i.vListInitialiseItem                    0x08002d0a   Section        0  list.o(i.vListInitialiseItem)
    i.vListInsert                            0x08002d10   Section        0  list.o(i.vListInsert)
    i.vListInsertEnd                         0x08002d40   Section        0  list.o(i.vListInsertEnd)
    i.vPortEnterCritical                     0x08002d58   Section        0  port.o(i.vPortEnterCritical)
    i.vPortExitCritical                      0x08002d98   Section        0  port.o(i.vPortExitCritical)
    i.vPortFree                              0x08002dc0   Section        0  heap_4.o(i.vPortFree)
    i.vPortSetupTimerInterrupt               0x08002e1c   Section        0  port.o(i.vPortSetupTimerInterrupt)
    i.vTaskDelay                             0x08002e3c   Section        0  tasks.o(i.vTaskDelay)
    i.vTaskMissedYield                       0x08002e88   Section        0  tasks.o(i.vTaskMissedYield)
    i.vTaskPlaceOnEventList                  0x08002e94   Section        0  tasks.o(i.vTaskPlaceOnEventList)
    i.vTaskSetTimeOutState                   0x08002ec4   Section        0  tasks.o(i.vTaskSetTimeOutState)
    i.vTaskStartScheduler                    0x08002ee8   Section        0  tasks.o(i.vTaskStartScheduler)
    i.vTaskSuspendAll                        0x08002f50   Section        0  tasks.o(i.vTaskSuspendAll)
    i.vTaskSwitchContext                     0x08002f60   Section        0  tasks.o(i.vTaskSwitchContext)
    i.xPortStartScheduler                    0x08002fbc   Section        0  port.o(i.xPortStartScheduler)
    i.xPortSysTickHandler                    0x08003030   Section        0  port.o(i.xPortSysTickHandler)
    i.xQueueCreateMutex                      0x0800305c   Section        0  queue.o(i.xQueueCreateMutex)
    i.xQueueGenericCreate                    0x08003080   Section        0  queue.o(i.xQueueGenericCreate)
    i.xQueueGenericReset                     0x080030c8   Section        0  queue.o(i.xQueueGenericReset)
    i.xQueueGenericSend                      0x08003150   Section        0  queue.o(i.xQueueGenericSend)
    i.xTaskCheckForTimeOut                   0x080032b0   Section        0  tasks.o(i.xTaskCheckForTimeOut)
    i.xTaskCreate                            0x0800331c   Section        0  tasks.o(i.xTaskCreate)
    i.xTaskGetSchedulerState                 0x08003374   Section        0  tasks.o(i.xTaskGetSchedulerState)
    i.xTaskGetTickCount                      0x08003390   Section        0  tasks.o(i.xTaskGetTickCount)
    i.xTaskIncrementTick                     0x0800339c   Section        0  tasks.o(i.xTaskIncrementTick)
    i.xTaskPriorityDisinherit                0x08003464   Section        0  tasks.o(i.xTaskPriorityDisinherit)
    i.xTaskRemoveFromEventList               0x080034fc   Section        0  tasks.o(i.xTaskRemoveFromEventList)
    i.xTaskResumeAll                         0x08003570   Section        0  tasks.o(i.xTaskResumeAll)
    .constdata                               0x08003634   Section       60  main.o(.constdata)
    .constdata                               0x08003670   Section       16  system_stm32f1xx.o(.constdata)
    .constdata                               0x08003680   Section        8  system_stm32f1xx.o(.constdata)
    .conststring                             0x08003688   Section       36  main.o(.conststring)
    .data                                    0x20000000   Section       24  main.o(.data)
    .data                                    0x20000018   Section       12  stm32f1xx_hal.o(.data)
    .data                                    0x20000024   Section        4  system_stm32f1xx.o(.data)
    .data                                    0x20000028   Section       60  tasks.o(.data)
    uxDeletedTasksWaitingCleanUp             0x2000002c   Data           4  tasks.o(.data)
    uxCurrentNumberOfTasks                   0x20000030   Data           4  tasks.o(.data)
    xTickCount                               0x20000034   Data           4  tasks.o(.data)
    uxTopReadyPriority                       0x20000038   Data           4  tasks.o(.data)
    xSchedulerRunning                        0x2000003c   Data           4  tasks.o(.data)
    uxPendedTicks                            0x20000040   Data           4  tasks.o(.data)
    xYieldPending                            0x20000044   Data           4  tasks.o(.data)
    xNumOfOverflows                          0x20000048   Data           4  tasks.o(.data)
    uxTaskNumber                             0x2000004c   Data           4  tasks.o(.data)
    xNextTaskUnblockTime                     0x20000050   Data           4  tasks.o(.data)
    xIdleTaskHandle                          0x20000054   Data           4  tasks.o(.data)
    uxSchedulerSuspended                     0x20000058   Data           4  tasks.o(.data)
    pxDelayedTaskList                        0x2000005c   Data           4  tasks.o(.data)
    pxOverflowDelayedTaskList                0x20000060   Data           4  tasks.o(.data)
    .data                                    0x20000064   Section       24  heap_4.o(.data)
    pxEnd                                    0x20000064   Data           4  heap_4.o(.data)
    xFreeBytesRemaining                      0x20000068   Data           4  heap_4.o(.data)
    xMinimumEverFreeBytesRemaining           0x2000006c   Data           4  heap_4.o(.data)
    xBlockAllocatedBit                       0x20000070   Data           4  heap_4.o(.data)
    xStart                                   0x20000074   Data           8  heap_4.o(.data)
    .data                                    0x2000007c   Section       12  port.o(.data)
    ucMaxSysCallPriority                     0x2000007c   Data           1  port.o(.data)
    uxCriticalNesting                        0x20000080   Data           4  port.o(.data)
    ulMaxPRIGROUPValue                       0x20000084   Data           4  port.o(.data)
    .data                                    0x20000088   Section        4  stdout.o(.data)
    .bss                                     0x2000008c   Section     1220  main.o(.bss)
    .bss                                     0x20000550   Section       68  main.o(.bss)
    .bss                                     0x20000594   Section       68  main.o(.bss)
    .bss                                     0x200005d8   Section      240  tasks.o(.bss)
    pxReadyTasksLists                        0x200005d8   Data         140  tasks.o(.bss)
    xDelayedTaskList1                        0x20000664   Data          20  tasks.o(.bss)
    xDelayedTaskList2                        0x20000678   Data          20  tasks.o(.bss)
    xPendingReadyList                        0x2000068c   Data          20  tasks.o(.bss)
    xTasksWaitingTermination                 0x200006a0   Data          20  tasks.o(.bss)
    xSuspendedTaskList                       0x200006b4   Data          20  tasks.o(.bss)
    .bss                                     0x200006c8   Section     3072  heap_4.o(.bss)
    ucHeap                                   0x200006c8   Data        3072  heap_4.o(.bss)
    STACK                                    0x200012c8   Section     1024  startup_stm32f103xb.o(STACK)

    Global Symbols

    Symbol Name                              Value     Ov Type        Size  Object(Section)

    BuildAttributes$$THM_ISAv4$P$D$K$B$S$PE$A:L22UL41UL21$X:L11$S22US41US21$IEEE1$IW$USESV6$~STKCKD$USESV7$~SHL$OTIME$ROPI$EBA8$MICROLIB$REQ8$PRES8$EABIv2 0x00000000   Number         0  anon$$obj.o ABSOLUTE
    __ARM_use_no_argv                        0x00000000   Number         0  main.o ABSOLUTE
    _printf_a                                0x00000000   Number         0  stubs.o ABSOLUTE
    _printf_c                                0x00000000   Number         0  stubs.o ABSOLUTE
    _printf_charcount                        0x00000000   Number         0  stubs.o ABSOLUTE
    _printf_d                                0x00000000   Number         0  stubs.o ABSOLUTE
    _printf_e                                0x00000000   Number         0  stubs.o ABSOLUTE
    _printf_f                                0x00000000   Number         0  stubs.o ABSOLUTE
    _printf_flags                            0x00000000   Number         0  stubs.o ABSOLUTE
    _printf_fp_dec                           0x00000000   Number         0  stubs.o ABSOLUTE
    _printf_fp_hex                           0x00000000   Number         0  stubs.o ABSOLUTE
    _printf_g                                0x00000000   Number         0  stubs.o ABSOLUTE
    _printf_i                                0x00000000   Number         0  stubs.o ABSOLUTE
    _printf_int_dec                          0x00000000   Number         0  stubs.o ABSOLUTE
    _printf_l                                0x00000000   Number         0  stubs.o ABSOLUTE
    _printf_lc                               0x00000000   Number         0  stubs.o ABSOLUTE
    _printf_ll                               0x00000000   Number         0  stubs.o ABSOLUTE
    _printf_lld                              0x00000000   Number         0  stubs.o ABSOLUTE
    _printf_lli                              0x00000000   Number         0  stubs.o ABSOLUTE
    _printf_llo                              0x00000000   Number         0  stubs.o ABSOLUTE
    _printf_llu                              0x00000000   Number         0  stubs.o ABSOLUTE
    _printf_llx                              0x00000000   Number         0  stubs.o ABSOLUTE
    _printf_longlong_dec                     0x00000000   Number         0  stubs.o ABSOLUTE
    _printf_longlong_hex                     0x00000000   Number         0  stubs.o ABSOLUTE
    _printf_longlong_oct                     0x00000000   Number         0  stubs.o ABSOLUTE
    _printf_ls                               0x00000000   Number         0  stubs.o ABSOLUTE
    _printf_mbtowc                           0x00000000   Number         0  stubs.o ABSOLUTE
    _printf_n                                0x00000000   Number         0  stubs.o ABSOLUTE
    _printf_o                                0x00000000   Number         0  stubs.o ABSOLUTE
    _printf_p                                0x00000000   Number         0  stubs.o ABSOLUTE
    _printf_percent                          0x00000000   Number         0  stubs.o ABSOLUTE
    _printf_pre_padding                      0x00000000   Number         0  stubs.o ABSOLUTE
    _printf_return_value                     0x00000000   Number         0  stubs.o ABSOLUTE
    _printf_s                                0x00000000   Number         0  stubs.o ABSOLUTE
    _printf_sizespec                         0x00000000   Number         0  stubs.o ABSOLUTE
    _printf_str                              0x00000000   Number         0  stubs.o ABSOLUTE
    _printf_truncate_signed                  0x00000000   Number         0  stubs.o ABSOLUTE
    _printf_truncate_unsigned                0x00000000   Number         0  stubs.o ABSOLUTE
    _printf_u                                0x00000000   Number         0  stubs.o ABSOLUTE
    _printf_wc                               0x00000000   Number         0  stubs.o ABSOLUTE
    _printf_wctomb                           0x00000000   Number         0  stubs.o ABSOLUTE
    _printf_widthprec                        0x00000000   Number         0  stubs.o ABSOLUTE
    _printf_x                                0x00000000   Number         0  stubs.o ABSOLUTE
    __cpp_initialize__aeabi_                  - Undefined Weak Reference
    __cxa_finalize                            - Undefined Weak Reference
    __decompress                              - Undefined Weak Reference
    _clock_init                               - Undefined Weak Reference
    _microlib_exit                            - Undefined Weak Reference
    __Vectors_Size                           0x000000ec   Number         0  startup_stm32f103xb.o ABSOLUTE
    __Vectors                                0x08000000   Data           4  startup_stm32f103xb.o(RESET)
    __Vectors_End                            0x080000ec   Data           0  startup_stm32f103xb.o(RESET)
    __main                                   0x080000ed   Thumb Code     0  entry.o(.ARM.Collect$$$$00000000)
    _main_stk                                0x080000ed   Thumb Code     0  entry2.o(.ARM.Collect$$$$00000001)
    _main_scatterload                        0x080000f1   Thumb Code     0  entry5.o(.ARM.Collect$$$$00000004)
    __main_after_scatterload                 0x080000f5   Thumb Code     0  entry5.o(.ARM.Collect$$$$00000004)
    _main_clock                              0x080000f5   Thumb Code     0  entry7b.o(.ARM.Collect$$$$00000008)
    _main_cpp_init                           0x080000f5   Thumb Code     0  entry8b.o(.ARM.Collect$$$$0000000A)
    _main_init                               0x080000f5   Thumb Code     0  entry9a.o(.ARM.Collect$$$$0000000B)
    __rt_final_cpp                           0x080000fd   Thumb Code     0  entry10a.o(.ARM.Collect$$$$0000000D)
    __rt_final_exit                          0x080000fd   Thumb Code     0  entry11a.o(.ARM.Collect$$$$0000000F)
    SVC_Handler                              0x08000101   Thumb Code    32  port.o(.emb_text)
    __asm___6_port_c_39a90d8d__prvStartFirstTask 0x08000125   Thumb Code    28  port.o(.emb_text)
    PendSV_Handler                           0x08000145   Thumb Code    72  port.o(.emb_text)
    vPortGetIPSR                             0x08000191   Thumb Code     6  port.o(.emb_text)
    Reset_Handler                            0x08000199   Thumb Code     8  startup_stm32f103xb.o(.text)
    CAN1_RX1_IRQHandler                      0x080001b3   Thumb Code     0  startup_stm32f103xb.o(.text)
    CAN1_SCE_IRQHandler                      0x080001b3   Thumb Code     0  startup_stm32f103xb.o(.text)
    DMA1_Channel1_IRQHandler                 0x080001b3   Thumb Code     0  startup_stm32f103xb.o(.text)
    DMA1_Channel2_IRQHandler                 0x080001b3   Thumb Code     0  startup_stm32f103xb.o(.text)
    DMA1_Channel3_IRQHandler                 0x080001b3   Thumb Code     0  startup_stm32f103xb.o(.text)
    DMA1_Channel6_IRQHandler                 0x080001b3   Thumb Code     0  startup_stm32f103xb.o(.text)
    DMA1_Channel7_IRQHandler                 0x080001b3   Thumb Code     0  startup_stm32f103xb.o(.text)
    EXTI0_IRQHandler                         0x080001b3   Thumb Code     0  startup_stm32f103xb.o(.text)
    EXTI15_10_IRQHandler                     0x080001b3   Thumb Code     0  startup_stm32f103xb.o(.text)
    EXTI2_IRQHandler                         0x080001b3   Thumb Code     0  startup_stm32f103xb.o(.text)
    EXTI3_IRQHandler                         0x080001b3   Thumb Code     0  startup_stm32f103xb.o(.text)
    EXTI4_IRQHandler                         0x080001b3   Thumb Code     0  startup_stm32f103xb.o(.text)
    EXTI9_5_IRQHandler                       0x080001b3   Thumb Code     0  startup_stm32f103xb.o(.text)
    FLASH_IRQHandler                         0x080001b3   Thumb Code     0  startup_stm32f103xb.o(.text)
    I2C1_ER_IRQHandler                       0x080001b3   Thumb Code     0  startup_stm32f103xb.o(.text)
    I2C1_EV_IRQHandler                       0x080001b3   Thumb Code     0  startup_stm32f103xb.o(.text)
    I2C2_ER_IRQHandler                       0x080001b3   Thumb Code     0  startup_stm32f103xb.o(.text)
    I2C2_EV_IRQHandler                       0x080001b3   Thumb Code     0  startup_stm32f103xb.o(.text)
    PVD_IRQHandler                           0x080001b3   Thumb Code     0  startup_stm32f103xb.o(.text)
    RCC_IRQHandler                           0x080001b3   Thumb Code     0  startup_stm32f103xb.o(.text)
    RTC_Alarm_IRQHandler                     0x080001b3   Thumb Code     0  startup_stm32f103xb.o(.text)
    RTC_IRQHandler                           0x080001b3   Thumb Code     0  startup_stm32f103xb.o(.text)
    SPI1_IRQHandler                          0x080001b3   Thumb Code     0  startup_stm32f103xb.o(.text)
    SPI2_IRQHandler                          0x080001b3   Thumb Code     0  startup_stm32f103xb.o(.text)
    TAMPER_IRQHandler                        0x080001b3   Thumb Code     0  startup_stm32f103xb.o(.text)
    TIM1_BRK_IRQHandler                      0x080001b3   Thumb Code     0  startup_stm32f103xb.o(.text)
    TIM1_CC_IRQHandler                       0x080001b3   Thumb Code     0  startup_stm32f103xb.o(.text)
    TIM1_TRG_COM_IRQHandler                  0x080001b3   Thumb Code     0  startup_stm32f103xb.o(.text)
    TIM1_UP_IRQHandler                       0x080001b3   Thumb Code     0  startup_stm32f103xb.o(.text)
    TIM2_IRQHandler                          0x080001b3   Thumb Code     0  startup_stm32f103xb.o(.text)
    TIM3_IRQHandler                          0x080001b3   Thumb Code     0  startup_stm32f103xb.o(.text)
    TIM4_IRQHandler                          0x080001b3   Thumb Code     0  startup_stm32f103xb.o(.text)
    USART2_IRQHandler                        0x080001b3   Thumb Code     0  startup_stm32f103xb.o(.text)
    USBWakeUp_IRQHandler                     0x080001b3   Thumb Code     0  startup_stm32f103xb.o(.text)
    USB_HP_CAN1_TX_IRQHandler                0x080001b3   Thumb Code     0  startup_stm32f103xb.o(.text)
    USB_LP_CAN1_RX0_IRQHandler               0x080001b3   Thumb Code     0  startup_stm32f103xb.o(.text)
    WWDG_IRQHandler                          0x080001b3   Thumb Code     0  startup_stm32f103xb.o(.text)
    __aeabi_llsr                             0x080001bd   Thumb Code    32  llushr.o(.text)
    _ll_ushift_r                             0x080001bd   Thumb Code     0  llushr.o(.text)
    __aeabi_memcpy                           0x080001dd   Thumb Code    36  memcpya.o(.text)
    __aeabi_memcpy4                          0x080001dd   Thumb Code     0  memcpya.o(.text)
    __aeabi_memcpy8                          0x080001dd   Thumb Code     0  memcpya.o(.text)
    __aeabi_memset                           0x08000201   Thumb Code    14  memseta.o(.text)
    __aeabi_memset4                          0x08000201   Thumb Code     0  memseta.o(.text)
    __aeabi_memset8                          0x08000201   Thumb Code     0  memseta.o(.text)
    __aeabi_memclr                           0x0800020f   Thumb Code     4  memseta.o(.text)
    __aeabi_memclr4                          0x0800020f   Thumb Code     0  memseta.o(.text)
    __aeabi_memclr8                          0x0800020f   Thumb Code     0  memseta.o(.text)
    _memset$wrapper                          0x08000213   Thumb Code    18  memseta.o(.text)
    strlen                                   0x08000225   Thumb Code    14  strlen.o(.text)
    strcmp                                   0x08000233   Thumb Code    28  strcmp.o(.text)
    __aeabi_fadd                             0x0800024f   Thumb Code   164  fadd.o(.text)
    __aeabi_fsub                             0x080002f3   Thumb Code     6  fadd.o(.text)
    __aeabi_frsub                            0x080002f9   Thumb Code     6  fadd.o(.text)
    __aeabi_fmul                             0x080002ff   Thumb Code   100  fmul.o(.text)
    __aeabi_ui2f                             0x08000363   Thumb Code    10  ffltui.o(.text)
    __aeabi_uldivmod                         0x0800036d   Thumb Code    98  uldiv.o(.text)
    __I$use$fp                               0x080003cf   Thumb Code     0  iusefp.o(.text)
    _float_round                             0x080003cf   Thumb Code    18  fepilogue.o(.text)
    _float_epilogue                          0x080003e1   Thumb Code    92  fepilogue.o(.text)
    __scatterload                            0x0800043d   Thumb Code    28  init.o(.text)
    __scatterload_rt2                        0x0800043d   Thumb Code     0  init.o(.text)
    __aeabi_llsl                             0x08000461   Thumb Code    30  llshl.o(.text)
    _ll_shift_l                              0x08000461   Thumb Code     0  llshl.o(.text)
    ADC1_2_IRQHandler                        0x08000481   Thumb Code     6  stm32f1xx_it.o(i.ADC1_2_IRQHandler)
    ADC_ConversionStop_Disable               0x0800048d   Thumb Code    76  stm32f1xx_hal_adc.o(i.ADC_ConversionStop_Disable)
    BusFault_Handler                         0x080004d9   Thumb Code     2  stm32f1xx_it.o(i.BusFault_Handler)
    DMA1_Channel4_IRQHandler                 0x080004dd   Thumb Code     6  stm32f1xx_it.o(i.DMA1_Channel4_IRQHandler)
    DMA1_Channel5_IRQHandler                 0x080004e9   Thumb Code     6  stm32f1xx_it.o(i.DMA1_Channel5_IRQHandler)
    DWT_Delay_Init                           0x080004f5   Thumb Code    58  dwt_stm32_delay.o(i.DWT_Delay_Init)
    DebugMon_Handler                         0x08000565   Thumb Code     2  stm32f1xx_it.o(i.DebugMon_Handler)
    EXTI1_IRQHandler                         0x08000569   Thumb Code    46  stm32f1xx_it.o(i.EXTI1_IRQHandler)
    Error_Handler                            0x0800059d   Thumb Code     2  main.o(i.Error_Handler)
    Gpio_Pinmode                             0x0800059f   Thumb Code    28  main.o(i.Gpio_Pinmode)
    HAL_ADCEx_InjectedConvCpltCallback       0x080005bb   Thumb Code     2  stm32f1xx_hal_adc_ex.o(i.HAL_ADCEx_InjectedConvCpltCallback)
    HAL_ADC_ConfigChannel                    0x080005bd   Thumb Code   240  stm32f1xx_hal_adc.o(i.HAL_ADC_ConfigChannel)
    HAL_ADC_ConvCpltCallback                 0x080006b9   Thumb Code     2  stm32f1xx_hal_adc.o(i.HAL_ADC_ConvCpltCallback)
    HAL_ADC_GetValue                         0x080006bb   Thumb Code     6  stm32f1xx_hal_adc.o(i.HAL_ADC_GetValue)
    HAL_ADC_IRQHandler                       0x080006c1   Thumb Code   230  stm32f1xx_hal_adc.o(i.HAL_ADC_IRQHandler)
    HAL_ADC_Init                             0x080007a9   Thumb Code   272  stm32f1xx_hal_adc.o(i.HAL_ADC_Init)
    HAL_ADC_LevelOutOfWindowCallback         0x080008c5   Thumb Code     2  stm32f1xx_hal_adc.o(i.HAL_ADC_LevelOutOfWindowCallback)
    HAL_ADC_MspInit                          0x080008c9   Thumb Code    92  stm32f1xx_hal_msp.o(i.HAL_ADC_MspInit)
    HAL_DMA_Abort_IT                         0x08000931   Thumb Code   148  stm32f1xx_hal_dma.o(i.HAL_DMA_Abort_IT)
    HAL_DMA_IRQHandler                       0x080009c9   Thumb Code   316  stm32f1xx_hal_dma.o(i.HAL_DMA_IRQHandler)
    HAL_DMA_Init                             0x08000b1d   Thumb Code    84  stm32f1xx_hal_dma.o(i.HAL_DMA_Init)
    HAL_GPIO_EXTI_Callback                   0x08000b79   Thumb Code     2  stm32f1xx_hal_gpio.o(i.HAL_GPIO_EXTI_Callback)
    HAL_GPIO_EXTI_IRQHandler                 0x08000b7d   Thumb Code    18  stm32f1xx_hal_gpio.o(i.HAL_GPIO_EXTI_IRQHandler)
    HAL_GPIO_Init                            0x08000b95   Thumb Code   408  stm32f1xx_hal_gpio.o(i.HAL_GPIO_Init)
    HAL_GPIO_ReadPin                         0x08000d51   Thumb Code    10  stm32f1xx_hal_gpio.o(i.HAL_GPIO_ReadPin)
    HAL_GPIO_WritePin                        0x08000d5b   Thumb Code    10  stm32f1xx_hal_gpio.o(i.HAL_GPIO_WritePin)
    HAL_GetTick                              0x08000d65   Thumb Code     6  stm32f1xx_hal.o(i.HAL_GetTick)
    HAL_IncTick                              0x08000d71   Thumb Code    12  stm32f1xx_hal.o(i.HAL_IncTick)
    HAL_Init                                 0x08000d81   Thumb Code    32  stm32f1xx_hal.o(i.HAL_Init)
    HAL_InitTick                             0x08000da5   Thumb Code    54  stm32f1xx_hal.o(i.HAL_InitTick)
    HAL_MspInit                              0x08000de5   Thumb Code    62  stm32f1xx_hal_msp.o(i.HAL_MspInit)
    HAL_NVIC_EnableIRQ                       0x08000e2d   Thumb Code    22  stm32f1xx_hal_cortex.o(i.HAL_NVIC_EnableIRQ)
    HAL_NVIC_SetPriority                     0x08000e45   Thumb Code    60  stm32f1xx_hal_cortex.o(i.HAL_NVIC_SetPriority)
    HAL_NVIC_SetPriorityGrouping             0x08000e85   Thumb Code    26  stm32f1xx_hal_cortex.o(i.HAL_NVIC_SetPriorityGrouping)
    HAL_RCCEx_PeriphCLKConfig                0x08000ea9   Thumb Code   224  stm32f1xx_hal_rcc_ex.o(i.HAL_RCCEx_PeriphCLKConfig)
    HAL_RCC_ClockConfig                      0x08000f95   Thumb Code   346  stm32f1xx_hal_rcc.o(i.HAL_RCC_ClockConfig)
    HAL_RCC_GetHCLKFreq                      0x08001101   Thumb Code     6  stm32f1xx_hal_rcc.o(i.HAL_RCC_GetHCLKFreq)
    HAL_RCC_GetPCLK1Freq                     0x0800110d   Thumb Code    20  stm32f1xx_hal_rcc.o(i.HAL_RCC_GetPCLK1Freq)
    HAL_RCC_GetPCLK2Freq                     0x0800112d   Thumb Code    20  stm32f1xx_hal_rcc.o(i.HAL_RCC_GetPCLK2Freq)
    HAL_RCC_GetSysClockFreq                  0x0800114d   Thumb Code    74  stm32f1xx_hal_rcc.o(i.HAL_RCC_GetSysClockFreq)
    HAL_RCC_OscConfig                        0x080011b9   Thumb Code   750  stm32f1xx_hal_rcc.o(i.HAL_RCC_OscConfig)
    HAL_SYSTICK_Config                       0x080014bd   Thumb Code    40  stm32f1xx_hal_cortex.o(i.HAL_SYSTICK_Config)
    HAL_UART_ErrorCallback                   0x080014e5   Thumb Code     2  stm32f1xx_hal_uart.o(i.HAL_UART_ErrorCallback)
    HAL_UART_IRQHandler                      0x080014e9   Thumb Code   266  stm32f1xx_hal_uart.o(i.HAL_UART_IRQHandler)
    HAL_UART_Init                            0x080015f9   Thumb Code    98  stm32f1xx_hal_uart.o(i.HAL_UART_Init)
    HAL_UART_MspInit                         0x0800165d   Thumb Code   276  stm32f1xx_hal_msp.o(i.HAL_UART_MspInit)
    HAL_UART_Receive                         0x08001791   Thumb Code   184  stm32f1xx_hal_uart.o(i.HAL_UART_Receive)
    HAL_UART_Receive_IT                      0x08001849   Thumb Code    82  stm32f1xx_hal_uart.o(i.HAL_UART_Receive_IT)
    HAL_UART_RxCpltCallback                  0x0800189b   Thumb Code     2  main.o(i.HAL_UART_RxCpltCallback)
    HAL_UART_Transmit                        0x0800189d   Thumb Code   186  stm32f1xx_hal_uart.o(i.HAL_UART_Transmit)
    HAL_UART_TxCpltCallback                  0x08001957   Thumb Code     2  stm32f1xx_hal_uart.o(i.HAL_UART_TxCpltCallback)
    HardFault_Handler                        0x08001959   Thumb Code     2  stm32f1xx_it.o(i.HardFault_Handler)
    MemManage_Handler                        0x08001a55   Thumb Code     2  stm32f1xx_it.o(i.MemManage_Handler)
    NMI_Handler                              0x08001a57   Thumb Code     2  stm32f1xx_it.o(i.NMI_Handler)
    Read_Dht11_Data                          0x08001a79   Thumb Code   228  main.o(i.Read_Dht11_Data)
    Read_Dust_Data                           0x08001b6d   Thumb Code   100  main.o(i.Read_Dust_Data)
    StartDefaultTask                         0x08001bed   Thumb Code    24  main.o(i.StartDefaultTask)
    StartTask02                              0x08001c05   Thumb Code   316  main.o(i.StartTask02)
    StartTask03                              0x08001dbd   Thumb Code     2  main.o(i.StartTask03)
    SysTick_Handler                          0x08001dbf   Thumb Code    14  stm32f1xx_it.o(i.SysTick_Handler)
    SystemClock_Config                       0x08001dcd   Thumb Code    96  main.o(i.SystemClock_Config)
    SystemInit                               0x08001e2d   Thumb Code    56  system_stm32f1xx.o(i.SystemInit)
    USART1_IRQHandler                        0x08002171   Thumb Code     6  stm32f1xx_it.o(i.USART1_IRQHandler)
    USART3_IRQHandler                        0x0800217d   Thumb Code     6  stm32f1xx_it.o(i.USART3_IRQHandler)
    UsageFault_Handler                       0x08002189   Thumb Code     2  stm32f1xx_it.o(i.UsageFault_Handler)
    __0printf$8                              0x0800218d   Thumb Code    22  printf8.o(i.__0printf$8)
    __1printf$8                              0x0800218d   Thumb Code     0  printf8.o(i.__0printf$8)
    __2printf                                0x0800218d   Thumb Code     0  printf8.o(i.__0printf$8)
    __scatterload_copy                       0x080021ad   Thumb Code    14  handlers.o(i.__scatterload_copy)
    __scatterload_null                       0x080021bb   Thumb Code     2  handlers.o(i.__scatterload_null)
    __scatterload_zeroinit                   0x080021bd   Thumb Code    14  handlers.o(i.__scatterload_zeroinit)
    fputc                                    0x08002631   Thumb Code    24  main.o(i.fputc)
    main                                     0x0800264d   Thumb Code   232  main.o(i.main)
    osKernelStart                            0x0800276d   Thumb Code    10  cmsis_os.o(i.osKernelStart)
    osMutexCreate                            0x08002777   Thumb Code     6  cmsis_os.o(i.osMutexCreate)
    osSystickHandler                         0x0800277d   Thumb Code    20  cmsis_os.o(i.osSystickHandler)
    osThreadCreate                           0x08002791   Thumb Code    46  cmsis_os.o(i.osThreadCreate)
    pvPortMalloc                             0x08002bd5   Thumb Code   210  heap_4.o(i.pvPortMalloc)
    pxPortInitialiseStack                    0x08002cad   Thumb Code    32  port.o(i.pxPortInitialiseStack)
    uxListRemove                             0x08002cd1   Thumb Code    36  list.o(i.uxListRemove)
    vListInitialise                          0x08002cf5   Thumb Code    22  list.o(i.vListInitialise)
    vListInitialiseItem                      0x08002d0b   Thumb Code     6  list.o(i.vListInitialiseItem)
    vListInsert                              0x08002d11   Thumb Code    48  list.o(i.vListInsert)
    vListInsertEnd                           0x08002d41   Thumb Code    24  list.o(i.vListInsertEnd)
    vPortEnterCritical                       0x08002d59   Thumb Code    54  port.o(i.vPortEnterCritical)
    vPortExitCritical                        0x08002d99   Thumb Code    34  port.o(i.vPortExitCritical)
    vPortFree                                0x08002dc1   Thumb Code    88  heap_4.o(i.vPortFree)
    vPortSetupTimerInterrupt                 0x08002e1d   Thumb Code    26  port.o(i.vPortSetupTimerInterrupt)
    vTaskDelay                               0x08002e3d   Thumb Code    66  tasks.o(i.vTaskDelay)
    vTaskMissedYield                         0x08002e89   Thumb Code     8  tasks.o(i.vTaskMissedYield)
    vTaskPlaceOnEventList                    0x08002e95   Thumb Code    44  tasks.o(i.vTaskPlaceOnEventList)
    vTaskSetTimeOutState                     0x08002ec5   Thumb Code    30  tasks.o(i.vTaskSetTimeOutState)
    vTaskStartScheduler                      0x08002ee9   Thumb Code    86  tasks.o(i.vTaskStartScheduler)
    vTaskSuspendAll                          0x08002f51   Thumb Code    10  tasks.o(i.vTaskSuspendAll)
    vTaskSwitchContext                       0x08002f61   Thumb Code    82  tasks.o(i.vTaskSwitchContext)
    xPortStartScheduler                      0x08002fbd   Thumb Code   102  port.o(i.xPortStartScheduler)
    xPortSysTickHandler                      0x08003031   Thumb Code    38  port.o(i.xPortSysTickHandler)
    xQueueCreateMutex                        0x0800305d   Thumb Code    36  queue.o(i.xQueueCreateMutex)
    xQueueGenericCreate                      0x08003081   Thumb Code    72  queue.o(i.xQueueGenericCreate)
    xQueueGenericReset                       0x080030c9   Thumb Code   132  queue.o(i.xQueueGenericReset)
    xQueueGenericSend                        0x08003151   Thumb Code   346  queue.o(i.xQueueGenericSend)
    xTaskCheckForTimeOut                     0x080032b1   Thumb Code   102  tasks.o(i.xTaskCheckForTimeOut)
    xTaskCreate                              0x0800331d   Thumb Code    86  tasks.o(i.xTaskCreate)
    xTaskGetSchedulerState                   0x08003375   Thumb Code    22  tasks.o(i.xTaskGetSchedulerState)
    xTaskGetTickCount                        0x08003391   Thumb Code     6  tasks.o(i.xTaskGetTickCount)
    xTaskIncrementTick                       0x0800339d   Thumb Code   192  tasks.o(i.xTaskIncrementTick)
    xTaskPriorityDisinherit                  0x08003465   Thumb Code   144  tasks.o(i.xTaskPriorityDisinherit)
    xTaskRemoveFromEventList                 0x080034fd   Thumb Code   108  tasks.o(i.xTaskRemoveFromEventList)
    xTaskResumeAll                           0x08003571   Thumb Code   182  tasks.o(i.xTaskResumeAll)
    AHBPrescTable                            0x08003670   Data          16  system_stm32f1xx.o(.constdata)
    APBPrescTable                            0x08003680   Data           8  system_stm32f1xx.o(.constdata)
    Region$$Table$$Base                      0x080036ac   Number         0  anon$$obj.o(Region$$Table)
    Region$$Table$$Limit                     0x080036cc   Number         0  anon$$obj.o(Region$$Table)
    HUMI                                     0x20000000   Data           2  main.o(.data)
    TEMP                                     0x20000002   Data           2  main.o(.data)
    dust_density                             0x20000004   Data           4  main.o(.data)
    defaultTaskHandle                        0x20000008   Data           4  main.o(.data)
    myTask02Handle                           0x2000000c   Data           4  main.o(.data)
    myTask03Handle                           0x20000010   Data           4  main.o(.data)
    myMutex01Handle                          0x20000014   Data           4  main.o(.data)
    uwTickFreq                               0x20000018   Data           1  stm32f1xx_hal.o(.data)
    uwTickPrio                               0x2000001c   Data           4  stm32f1xx_hal.o(.data)
    uwTick                                   0x20000020   Data           4  stm32f1xx_hal.o(.data)
    SystemCoreClock                          0x20000024   Data           4  system_stm32f1xx.o(.data)
    pxCurrentTCB                             0x20000028   Data           4  tasks.o(.data)
    __stdout                                 0x20000088   Data           4  stdout.o(.data)
    dht11_data                               0x2000008c   Data          20  main.o(.bss)
    hadc1                                    0x200000a0   Data          48  main.o(.bss)
    huart1                                   0x200000d0   Data          64  main.o(.bss)
    huart3                                   0x20000110   Data          64  main.o(.bss)
    Buffer                                   0x20000150   Data         512  main.o(.bss)
    Command                                  0x20000350   Data         512  main.o(.bss)
    hdma_usart1_rx                           0x20000550   Data          68  main.o(.bss)
    hdma_usart1_tx                           0x20000594   Data          68  main.o(.bss)
    __initial_sp                             0x200016c8   Data           0  startup_stm32f103xb.o(STACK)



==============================================================================

Memory Map of the image

  Image Entry point : 0x080000ed

  Load Region LR_IROM1 (Base: 0x08000000, Size: 0x00003758, Max: 0x00010000, ABSOLUTE)

    Execution Region ER_IROM1 (Exec base: 0x08000000, Load base: 0x08000000, Size: 0x000036cc, Max: 0x00010000, ABSOLUTE)

    Exec Addr    Load Addr    Size         Type   Attr      Idx    E Section Name        Object

    0x08000000   0x08000000   0x000000ec   Data   RO            3    RESET               startup_stm32f103xb.o
    0x080000ec   0x080000ec   0x00000000   Code   RO         3150  * .ARM.Collect$$$$00000000  mc_w.l(entry.o)
    0x080000ec   0x080000ec   0x00000004   Code   RO         3432    .ARM.Collect$$$$00000001  mc_w.l(entry2.o)
    0x080000f0   0x080000f0   0x00000004   Code   RO         3435    .ARM.Collect$$$$00000004  mc_w.l(entry5.o)
    0x080000f4   0x080000f4   0x00000000   Code   RO         3437    .ARM.Collect$$$$00000008  mc_w.l(entry7b.o)
    0x080000f4   0x080000f4   0x00000000   Code   RO         3439    .ARM.Collect$$$$0000000A  mc_w.l(entry8b.o)
    0x080000f4   0x080000f4   0x00000008   Code   RO         3440    .ARM.Collect$$$$0000000B  mc_w.l(entry9a.o)
    0x080000fc   0x080000fc   0x00000000   Code   RO         3442    .ARM.Collect$$$$0000000D  mc_w.l(entry10a.o)
    0x080000fc   0x080000fc   0x00000000   Code   RO         3444    .ARM.Collect$$$$0000000F  mc_w.l(entry11a.o)
    0x080000fc   0x080000fc   0x00000004   Code   RO         3433    .ARM.Collect$$$$00002712  mc_w.l(entry2.o)
    0x08000100   0x08000100   0x00000096   Code   RO         3073    .emb_text           port.o
    0x08000196   0x08000196   0x00000002   PAD
    0x08000198   0x08000198   0x00000024   Code   RO            4    .text               startup_stm32f103xb.o
    0x080001bc   0x080001bc   0x00000020   Code   RO         3153    .text               mc_w.l(llushr.o)
    0x080001dc   0x080001dc   0x00000024   Code   RO         3155    .text               mc_w.l(memcpya.o)
    0x08000200   0x08000200   0x00000024   Code   RO         3157    .text               mc_w.l(memseta.o)
    0x08000224   0x08000224   0x0000000e   Code   RO         3159    .text               mc_w.l(strlen.o)
    0x08000232   0x08000232   0x0000001c   Code   RO         3161    .text               mc_w.l(strcmp.o)
    0x0800024e   0x0800024e   0x000000b0   Code   RO         3426    .text               mf_w.l(fadd.o)
    0x080002fe   0x080002fe   0x00000064   Code   RO         3428    .text               mf_w.l(fmul.o)
    0x08000362   0x08000362   0x0000000a   Code   RO         3430    .text               mf_w.l(ffltui.o)
    0x0800036c   0x0800036c   0x00000062   Code   RO         3449    .text               mc_w.l(uldiv.o)
    0x080003ce   0x080003ce   0x00000000   Code   RO         3451    .text               mc_w.l(iusefp.o)
    0x080003ce   0x080003ce   0x0000006e   Code   RO         3452    .text               mf_w.l(fepilogue.o)
    0x0800043c   0x0800043c   0x00000024   Code   RO         3464    .text               mc_w.l(init.o)
    0x08000460   0x08000460   0x0000001e   Code   RO         3466    .text               mc_w.l(llshl.o)
    0x0800047e   0x0800047e   0x00000002   PAD
    0x08000480   0x08000480   0x0000000c   Code   RO          320    i.ADC1_2_IRQHandler  stm32f1xx_it.o
    0x0800048c   0x0800048c   0x0000004c   Code   RO          505    i.ADC_ConversionStop_Disable  stm32f1xx_hal_adc.o
    0x080004d8   0x080004d8   0x00000002   Code   RO          321    i.BusFault_Handler  stm32f1xx_it.o
    0x080004da   0x080004da   0x00000002   PAD
    0x080004dc   0x080004dc   0x0000000c   Code   RO          322    i.DMA1_Channel4_IRQHandler  stm32f1xx_it.o
    0x080004e8   0x080004e8   0x0000000c   Code   RO          323    i.DMA1_Channel5_IRQHandler  stm32f1xx_it.o
    0x080004f4   0x080004f4   0x00000044   Code   RO           13    i.DWT_Delay_Init    dwt_stm32_delay.o
    0x08000538   0x08000538   0x0000002c   Code   RO          120    i.DWT_Delay_us      main.o
    0x08000564   0x08000564   0x00000002   Code   RO          324    i.DebugMon_Handler  stm32f1xx_it.o
    0x08000566   0x08000566   0x00000002   PAD
    0x08000568   0x08000568   0x00000034   Code   RO          325    i.EXTI1_IRQHandler  stm32f1xx_it.o
    0x0800059c   0x0800059c   0x00000002   Code   RO          121    i.Error_Handler     main.o
    0x0800059e   0x0800059e   0x0000001c   Code   RO          122    i.Gpio_Pinmode      main.o
    0x080005ba   0x080005ba   0x00000002   Code   RO          687    i.HAL_ADCEx_InjectedConvCpltCallback  stm32f1xx_hal_adc_ex.o
    0x080005bc   0x080005bc   0x000000fc   Code   RO          511    i.HAL_ADC_ConfigChannel  stm32f1xx_hal_adc.o
    0x080006b8   0x080006b8   0x00000002   Code   RO          512    i.HAL_ADC_ConvCpltCallback  stm32f1xx_hal_adc.o
    0x080006ba   0x080006ba   0x00000006   Code   RO          518    i.HAL_ADC_GetValue  stm32f1xx_hal_adc.o
    0x080006c0   0x080006c0   0x000000e6   Code   RO          519    i.HAL_ADC_IRQHandler  stm32f1xx_hal_adc.o
    0x080007a6   0x080007a6   0x00000002   PAD
    0x080007a8   0x080007a8   0x0000011c   Code   RO          520    i.HAL_ADC_Init      stm32f1xx_hal_adc.o
    0x080008c4   0x080008c4   0x00000002   Code   RO          521    i.HAL_ADC_LevelOutOfWindowCallback  stm32f1xx_hal_adc.o
    0x080008c6   0x080008c6   0x00000002   PAD
    0x080008c8   0x080008c8   0x00000068   Code   RO          421    i.HAL_ADC_MspInit   stm32f1xx_hal_msp.o
    0x08000930   0x08000930   0x00000098   Code   RO         1511    i.HAL_DMA_Abort_IT  stm32f1xx_hal_dma.o
    0x080009c8   0x080009c8   0x00000154   Code   RO         1515    i.HAL_DMA_IRQHandler  stm32f1xx_hal_dma.o
    0x08000b1c   0x08000b1c   0x0000005c   Code   RO         1516    i.HAL_DMA_Init      stm32f1xx_hal_dma.o
    0x08000b78   0x08000b78   0x00000002   Code   RO         1444    i.HAL_GPIO_EXTI_Callback  stm32f1xx_hal_gpio.o
    0x08000b7a   0x08000b7a   0x00000002   PAD
    0x08000b7c   0x08000b7c   0x00000018   Code   RO         1445    i.HAL_GPIO_EXTI_IRQHandler  stm32f1xx_hal_gpio.o
    0x08000b94   0x08000b94   0x000001bc   Code   RO         1446    i.HAL_GPIO_Init     stm32f1xx_hal_gpio.o
    0x08000d50   0x08000d50   0x0000000a   Code   RO         1448    i.HAL_GPIO_ReadPin  stm32f1xx_hal_gpio.o
    0x08000d5a   0x08000d5a   0x0000000a   Code   RO         1450    i.HAL_GPIO_WritePin  stm32f1xx_hal_gpio.o
    0x08000d64   0x08000d64   0x0000000c   Code   RO         1154    i.HAL_GetTick       stm32f1xx_hal.o
    0x08000d70   0x08000d70   0x00000010   Code   RO         1158    i.HAL_IncTick       stm32f1xx_hal.o
    0x08000d80   0x08000d80   0x00000024   Code   RO         1159    i.HAL_Init          stm32f1xx_hal.o
    0x08000da4   0x08000da4   0x00000040   Code   RO         1160    i.HAL_InitTick      stm32f1xx_hal.o
    0x08000de4   0x08000de4   0x00000048   Code   RO          422    i.HAL_MspInit       stm32f1xx_hal_msp.o
    0x08000e2c   0x08000e2c   0x00000016   Code   RO         1606    i.HAL_NVIC_EnableIRQ  stm32f1xx_hal_cortex.o
    0x08000e42   0x08000e42   0x00000002   PAD
    0x08000e44   0x08000e44   0x00000040   Code   RO         1612    i.HAL_NVIC_SetPriority  stm32f1xx_hal_cortex.o
    0x08000e84   0x08000e84   0x00000024   Code   RO         1613    i.HAL_NVIC_SetPriorityGrouping  stm32f1xx_hal_cortex.o
    0x08000ea8   0x08000ea8   0x000000ec   Code   RO         1409    i.HAL_RCCEx_PeriphCLKConfig  stm32f1xx_hal_rcc_ex.o
    0x08000f94   0x08000f94   0x0000016c   Code   RO         1306    i.HAL_RCC_ClockConfig  stm32f1xx_hal_rcc.o
    0x08001100   0x08001100   0x0000000c   Code   RO         1311    i.HAL_RCC_GetHCLKFreq  stm32f1xx_hal_rcc.o
    0x0800110c   0x0800110c   0x00000020   Code   RO         1313    i.HAL_RCC_GetPCLK1Freq  stm32f1xx_hal_rcc.o
    0x0800112c   0x0800112c   0x00000020   Code   RO         1314    i.HAL_RCC_GetPCLK2Freq  stm32f1xx_hal_rcc.o
    0x0800114c   0x0800114c   0x0000006c   Code   RO         1315    i.HAL_RCC_GetSysClockFreq  stm32f1xx_hal_rcc.o
    0x080011b8   0x080011b8   0x00000304   Code   RO         1318    i.HAL_RCC_OscConfig  stm32f1xx_hal_rcc.o
    0x080014bc   0x080014bc   0x00000028   Code   RO         1617    i.HAL_SYSTICK_Config  stm32f1xx_hal_cortex.o
    0x080014e4   0x080014e4   0x00000002   Code   RO          838    i.HAL_UART_ErrorCallback  stm32f1xx_hal_uart.o
    0x080014e6   0x080014e6   0x00000002   PAD
    0x080014e8   0x080014e8   0x00000110   Code   RO          841    i.HAL_UART_IRQHandler  stm32f1xx_hal_uart.o
    0x080015f8   0x080015f8   0x00000062   Code   RO          842    i.HAL_UART_Init     stm32f1xx_hal_uart.o
    0x0800165a   0x0800165a   0x00000002   PAD
    0x0800165c   0x0800165c   0x00000134   Code   RO          424    i.HAL_UART_MspInit  stm32f1xx_hal_msp.o
    0x08001790   0x08001790   0x000000b8   Code   RO          845    i.HAL_UART_Receive  stm32f1xx_hal_uart.o
    0x08001848   0x08001848   0x00000052   Code   RO          847    i.HAL_UART_Receive_IT  stm32f1xx_hal_uart.o
    0x0800189a   0x0800189a   0x00000002   Code   RO          123    i.HAL_UART_RxCpltCallback  main.o
    0x0800189c   0x0800189c   0x000000ba   Code   RO          850    i.HAL_UART_Transmit  stm32f1xx_hal_uart.o
    0x08001956   0x08001956   0x00000002   Code   RO          853    i.HAL_UART_TxCpltCallback  stm32f1xx_hal_uart.o
    0x08001958   0x08001958   0x00000002   Code   RO          326    i.HardFault_Handler  stm32f1xx_it.o
    0x0800195a   0x0800195a   0x00000002   PAD
    0x0800195c   0x0800195c   0x00000040   Code   RO          124    i.MX_ADC1_Init      main.o
    0x0800199c   0x0800199c   0x000000b8   Code   RO          125    i.MX_GPIO_Init      main.o
    0x08001a54   0x08001a54   0x00000002   Code   RO          327    i.MemManage_Handler  stm32f1xx_it.o
    0x08001a56   0x08001a56   0x00000002   Code   RO          328    i.NMI_Handler       stm32f1xx_it.o
    0x08001a58   0x08001a58   0x00000020   Code   RO         1619    i.NVIC_SetPriority  stm32f1xx_hal_cortex.o
    0x08001a78   0x08001a78   0x000000f4   Code   RO          126    i.Read_Dht11_Data   main.o
    0x08001b6c   0x08001b6c   0x00000080   Code   RO          127    i.Read_Dust_Data    main.o
    0x08001bec   0x08001bec   0x00000018   Code   RO          128    i.StartDefaultTask  main.o
    0x08001c04   0x08001c04   0x000001b8   Code   RO          129    i.StartTask02       main.o
    0x08001dbc   0x08001dbc   0x00000002   Code   RO          130    i.StartTask03       main.o
    0x08001dbe   0x08001dbe   0x0000000e   Code   RO          329    i.SysTick_Handler   stm32f1xx_it.o
    0x08001dcc   0x08001dcc   0x00000060   Code   RO          131    i.SystemClock_Config  main.o
    0x08001e2c   0x08001e2c   0x00000048   Code   RO         2035    i.SystemInit        system_stm32f1xx.o
    0x08001e74   0x08001e74   0x00000010   Code   RO          855    i.UART_DMAAbortOnError  stm32f1xx_hal_uart.o
    0x08001e84   0x08001e84   0x0000001c   Code   RO          865    i.UART_EndRxTransfer  stm32f1xx_hal_uart.o
    0x08001ea0   0x08001ea0   0x00000096   Code   RO          867    i.UART_Receive_IT   stm32f1xx_hal_uart.o
    0x08001f36   0x08001f36   0x00000002   PAD
    0x08001f38   0x08001f38   0x00000170   Code   RO          868    i.UART_SetConfig    stm32f1xx_hal_uart.o
    0x080020a8   0x080020a8   0x00000062   Code   RO          869    i.UART_Transmit_IT  stm32f1xx_hal_uart.o
    0x0800210a   0x0800210a   0x00000064   Code   RO          870    i.UART_WaitOnFlagUntilTimeout  stm32f1xx_hal_uart.o
    0x0800216e   0x0800216e   0x00000002   PAD
    0x08002170   0x08002170   0x0000000c   Code   RO          330    i.USART1_IRQHandler  stm32f1xx_it.o
    0x0800217c   0x0800217c   0x0000000c   Code   RO          331    i.USART3_IRQHandler  stm32f1xx_it.o
    0x08002188   0x08002188   0x00000002   Code   RO          332    i.UsageFault_Handler  stm32f1xx_it.o
    0x0800218a   0x0800218a   0x00000002   PAD
    0x0800218c   0x0800218c   0x00000020   Code   RO         3372    i.__0printf$8       mc_w.l(printf8.o)
    0x080021ac   0x080021ac   0x0000000e   Code   RO         3474    i.__scatterload_copy  mc_w.l(handlers.o)
    0x080021ba   0x080021ba   0x00000002   Code   RO         3475    i.__scatterload_null  mc_w.l(handlers.o)
    0x080021bc   0x080021bc   0x0000000e   Code   RO         3476    i.__scatterload_zeroinit  mc_w.l(handlers.o)
    0x080021ca   0x080021ca   0x00000002   PAD
    0x080021cc   0x080021cc   0x00000410   Code   RO         3379    i._printf_core      mc_w.l(printf8.o)
    0x080025dc   0x080025dc   0x00000024   Code   RO         3380    i._printf_post_padding  mc_w.l(printf8.o)
    0x08002600   0x08002600   0x0000002e   Code   RO         3381    i._printf_pre_padding  mc_w.l(printf8.o)
    0x0800262e   0x0800262e   0x00000002   PAD
    0x08002630   0x08002630   0x0000001c   Code   RO          132    i.fputc             main.o
    0x0800264c   0x0800264c   0x00000114   Code   RO          133    i.main              main.o
    0x08002760   0x08002760   0x0000000c   Code   RO         2639    i.makeFreeRtosPriority  cmsis_os.o
    0x0800276c   0x0800276c   0x0000000a   Code   RO         2644    i.osKernelStart     cmsis_os.o
    0x08002776   0x08002776   0x00000006   Code   RO         2659    i.osMutexCreate     cmsis_os.o
    0x0800277c   0x0800277c   0x00000014   Code   RO         2677    i.osSystickHandler  cmsis_os.o
    0x08002790   0x08002790   0x0000002e   Code   RO         2678    i.osThreadCreate    cmsis_os.o
    0x080027be   0x080027be   0x00000002   PAD
    0x080027c0   0x080027c0   0x00000070   Code   RO         2344    i.prvAddCurrentTaskToDelayedList  tasks.o
    0x08002830   0x08002830   0x000000d0   Code   RO         2345    i.prvAddNewTaskToReadyList  tasks.o
    0x08002900   0x08002900   0x00000050   Code   RO         2346    i.prvCheckTasksWaitingTermination  tasks.o
    0x08002950   0x08002950   0x0000006c   Code   RO         2205    i.prvCopyDataToQueue  queue.o
    0x080029bc   0x080029bc   0x00000014   Code   RO         2347    i.prvDeleteTCB      tasks.o
    0x080029d0   0x080029d0   0x0000004c   Code   RO         3012    i.prvHeapInit       heap_4.o
    0x08002a1c   0x08002a1c   0x00000028   Code   RO         2348    i.prvIdleTask       tasks.o
    0x08002a44   0x08002a44   0x0000008e   Code   RO         2349    i.prvInitialiseNewTask  tasks.o
    0x08002ad2   0x08002ad2   0x00000002   PAD
    0x08002ad4   0x08002ad4   0x0000004c   Code   RO         3013    i.prvInsertBlockIntoFreeList  heap_4.o
    0x08002b20   0x08002b20   0x00000020   Code   RO         2350    i.prvResetNextTaskUnblockTime  tasks.o
    0x08002b40   0x08002b40   0x00000028   Code   RO         3074    i.prvTaskExitError  port.o
    0x08002b68   0x08002b68   0x0000006a   Code   RO         2207    i.prvUnlockQueue    queue.o
    0x08002bd2   0x08002bd2   0x00000002   PAD
    0x08002bd4   0x08002bd4   0x000000d8   Code   RO         3014    i.pvPortMalloc      heap_4.o
    0x08002cac   0x08002cac   0x00000024   Code   RO         3075    i.pxPortInitialiseStack  port.o
    0x08002cd0   0x08002cd0   0x00000024   Code   RO         2167    i.uxListRemove      list.o
    0x08002cf4   0x08002cf4   0x00000016   Code   RO         2168    i.vListInitialise   list.o
    0x08002d0a   0x08002d0a   0x00000006   Code   RO         2169    i.vListInitialiseItem  list.o
    0x08002d10   0x08002d10   0x00000030   Code   RO         2170    i.vListInsert       list.o
    0x08002d40   0x08002d40   0x00000018   Code   RO         2171    i.vListInsertEnd    list.o
    0x08002d58   0x08002d58   0x00000040   Code   RO         3077    i.vPortEnterCritical  port.o
    0x08002d98   0x08002d98   0x00000028   Code   RO         3078    i.vPortExitCritical  port.o
    0x08002dc0   0x08002dc0   0x0000005c   Code   RO         3015    i.vPortFree         heap_4.o
    0x08002e1c   0x08002e1c   0x00000020   Code   RO         3079    i.vPortSetupTimerInterrupt  port.o
    0x08002e3c   0x08002e3c   0x0000004c   Code   RO         2358    i.vTaskDelay        tasks.o
    0x08002e88   0x08002e88   0x0000000c   Code   RO         2362    i.vTaskMissedYield  tasks.o
    0x08002e94   0x08002e94   0x00000030   Code   RO         2364    i.vTaskPlaceOnEventList  tasks.o
    0x08002ec4   0x08002ec4   0x00000024   Code   RO         2369    i.vTaskSetTimeOutState  tasks.o
    0x08002ee8   0x08002ee8   0x00000068   Code   RO         2370    i.vTaskStartScheduler  tasks.o
    0x08002f50   0x08002f50   0x00000010   Code   RO         2372    i.vTaskSuspendAll   tasks.o
    0x08002f60   0x08002f60   0x0000005c   Code   RO         2373    i.vTaskSwitchContext  tasks.o
    0x08002fbc   0x08002fbc   0x00000074   Code   RO         3081    i.xPortStartScheduler  port.o
    0x08003030   0x08003030   0x0000002c   Code   RO         3082    i.xPortSysTickHandler  port.o
    0x0800305c   0x0800305c   0x00000024   Code   RO         2214    i.xQueueCreateMutex  queue.o
    0x08003080   0x08003080   0x00000048   Code   RO         2215    i.xQueueGenericCreate  queue.o
    0x080030c8   0x080030c8   0x00000088   Code   RO         2217    i.xQueueGenericReset  queue.o
    0x08003150   0x08003150   0x00000160   Code   RO         2218    i.xQueueGenericSend  queue.o
    0x080032b0   0x080032b0   0x0000006c   Code   RO         2374    i.xTaskCheckForTimeOut  tasks.o
    0x0800331c   0x0800331c   0x00000056   Code   RO         2375    i.xTaskCreate       tasks.o
    0x08003372   0x08003372   0x00000002   PAD
    0x08003374   0x08003374   0x0000001c   Code   RO         2379    i.xTaskGetSchedulerState  tasks.o
    0x08003390   0x08003390   0x0000000c   Code   RO         2380    i.xTaskGetTickCount  tasks.o
    0x0800339c   0x0800339c   0x000000c8   Code   RO         2382    i.xTaskIncrementTick  tasks.o
    0x08003464   0x08003464   0x00000098   Code   RO         2385    i.xTaskPriorityDisinherit  tasks.o
    0x080034fc   0x080034fc   0x00000074   Code   RO         2386    i.xTaskRemoveFromEventList  tasks.o
    0x08003570   0x08003570   0x000000c4   Code   RO         2388    i.xTaskResumeAll    tasks.o
    0x08003634   0x08003634   0x0000003c   Data   RO          137    .constdata          main.o
    0x08003670   0x08003670   0x00000010   Data   RO         2036    .constdata          system_stm32f1xx.o
    0x08003680   0x08003680   0x00000008   Data   RO         2037    .constdata          system_stm32f1xx.o
    0x08003688   0x08003688   0x00000024   Data   RO          138    .conststring        main.o
    0x080036ac   0x080036ac   0x00000020   Data   RO         3472    Region$$Table       anon$$obj.o


    Execution Region RW_IRAM1 (Exec base: 0x20000000, Load base: 0x080036cc, Size: 0x000016c8, Max: 0x00005000, ABSOLUTE)

    Exec Addr    Load Addr    Size         Type   Attr      Idx    E Section Name        Object

    0x20000000   0x080036cc   0x00000018   Data   RW          139    .data               main.o
    0x20000018   0x080036e4   0x0000000c   Data   RW         1166    .data               stm32f1xx_hal.o
    0x20000024   0x080036f0   0x00000004   Data   RW         2038    .data               system_stm32f1xx.o
    0x20000028   0x080036f4   0x0000003c   Data   RW         2391    .data               tasks.o
    0x20000064   0x08003730   0x00000018   Data   RW         3020    .data               heap_4.o
    0x2000007c   0x08003748   0x0000000c   Data   RW         3083    .data               port.o
    0x20000088   0x08003754   0x00000004   Data   RW         3446    .data               mc_w.l(stdout.o)
    0x2000008c        -       0x000004c4   Zero   RW          134    .bss                main.o
    0x20000550        -       0x00000044   Zero   RW          135    .bss                main.o
    0x20000594        -       0x00000044   Zero   RW          136    .bss                main.o
    0x200005d8        -       0x000000f0   Zero   RW         2390    .bss                tasks.o
    0x200006c8        -       0x00000c00   Zero   RW         3019    .bss                heap_4.o
    0x200012c8        -       0x00000400   Zero   RW            1    STACK               startup_stm32f103xb.o


==============================================================================

Image component sizes


      Code (inc. data)   RO Data    RW Data    ZI Data      Debug   Object Name

        94          0          0          0          0      13518   cmsis_os.o
        68         10          0          0          0     426777   dwt_stm32_delay.o
         0          0          0          0          0       9704   event_groups.o
       460         24          0         24       3072       7563   heap_4.o
       136          0          0          0          0       3662   list.o
      1562        252         96         24       1356      31726   main.o
       522         62          0         12          0      10696   port.o
       810         10          0          0          0       8599   queue.o
        36          8        236          0       1024        848   startup_stm32f103xb.o
       128         24          0         12          0       5609   stm32f1xx_hal.o
       852         24          0          0          0       6006   stm32f1xx_hal_adc.o
         2          0          0          0          0       1149   stm32f1xx_hal_adc_ex.o
       194         14          0          0          0      26027   stm32f1xx_hal_cortex.o
       584         36          0          0          0       2899   stm32f1xx_hal_dma.o
       490         42          0          0          0       4887   stm32f1xx_hal_gpio.o
       484         54          0          0          0       2707   stm32f1xx_hal_msp.o
      1320        104          0          0          0       5984   stm32f1xx_hal_rcc.o
       236         12          0          0          0       1480   stm32f1xx_hal_rcc_ex.o
      1586         10          0          0          0      11038   stm32f1xx_hal_uart.o
       138         36          0          0          0       6220   stm32f1xx_it.o
        72         16         24          4          0       1295   system_stm32f1xx.o
      1916        164          0         60        240      21970   tasks.o

    ----------------------------------------------------------------------
     11724        902        388        136       5692     610364   Object Totals
         0          0         32          0          0          0   (incl. Generated)
        34          0          0          0          0          0   (incl. Padding)

    ----------------------------------------------------------------------

      Code (inc. data)   RO Data    RW Data    ZI Data      Debug   Library Member Name

         0          0          0          0          0          0   entry.o
         0          0          0          0          0          0   entry10a.o
         0          0          0          0          0          0   entry11a.o
         8          4          0          0          0          0   entry2.o
         4          0          0          0          0          0   entry5.o
         0          0          0          0          0          0   entry7b.o
         0          0          0          0          0          0   entry8b.o
         8          4          0          0          0          0   entry9a.o
        30          0          0          0          0          0   handlers.o
        36          8          0          0          0         68   init.o
         0          0          0          0          0          0   iusefp.o
        30          0          0          0          0         68   llshl.o
        32          0          0          0          0         68   llushr.o
        36          0          0          0          0         68   memcpya.o
        36          0          0          0          0        108   memseta.o
      1154         54          0          0          0        352   printf8.o
         0          0          0          4          0          0   stdout.o
        28          0          0          0          0         76   strcmp.o
        14          0          0          0          0         68   strlen.o
        98          0          0          0          0         92   uldiv.o
       176          0          0          0          0        140   fadd.o
       110          0          0          0          0        168   fepilogue.o
        10          0          0          0          0         68   ffltui.o
       100          0          0          0          0         76   fmul.o

    ----------------------------------------------------------------------
      1916         70          0          4          0       1420   Library Totals
         6          0          0          0          0          0   (incl. Padding)

    ----------------------------------------------------------------------

      Code (inc. data)   RO Data    RW Data    ZI Data      Debug   Library Name

      1514         70          0          4          0        968   mc_w.l
       396          0          0          0          0        452   mf_w.l

    ----------------------------------------------------------------------
      1916         70          0          4          0       1420   Library Totals

    ----------------------------------------------------------------------

==============================================================================


      Code (inc. data)   RO Data    RW Data    ZI Data      Debug   

     13640        972        388        140       5692     604812   Grand Totals
     13640        972        388        140       5692     604812   ELF Image Totals
     13640        972        388        140          0          0   ROM Totals

==============================================================================

    Total RO  Size (Code + RO Data)                14028 (  13.70kB)
    Total RW  Size (RW Data + ZI Data)              5832 (   5.70kB)
    Total ROM Size (Code + RO Data + RW Data)      14168 (  13.84kB)

==============================================================================

